     VMA      LMA     Size Align Out     In      Symbol
       0        0        0     1 RAM_START = 0x20000000
       0        0        0     1 RAM_LENGTH = 0x00080000
       0        0        0     1 FLASH_START = 0x00000000
       0        0        0     1 FLASH_LENGTH = 0x00100000
       0        0        0     1 DATA_FLASH_START = 0x08000000
       0        0        0     1 DATA_FLASH_LENGTH = 0x00002000
       0        0        0     1 QSPI_FLASH_START = 0x60000000
       0        0        0     1 QSPI_FLASH_LENGTH = 0x04000000
       0        0        0     1 OSPI0_CS0_START = 0x68000000
       0        0        0     1 OSPI0_CS0_LENGTH = 0x08000000
       0        0        0     1 OSPI0_CS1_START = 0x70000000
       0        0        0     1 OSPI0_CS1_LENGTH = 0x10000000
       0        0        0     1 OPTION_SETTING_OFS0_START = 0x0100a100
       0        0        0     1 OPTION_SETTING_OFS0_LENGTH = 0x00000004
       0        0        0     1 OPTION_SETTING_DUALSEL_START = 0x0100a110
       0        0        0     1 OPTION_SETTING_DUALSEL_LENGTH = 0x00000004
       0        0        0     1 OPTION_SETTING_OFS1_START = 0x0100a180
       0        0        0     1 OPTION_SETTING_OFS1_LENGTH = 0x00000004
       0        0        0     1 OPTION_SETTING_BANKSEL_START = 0x0100a190
       0        0        0     1 OPTION_SETTING_BANKSEL_LENGTH = 0x00000004
       0        0        0     1 OPTION_SETTING_BPS_START = 0x0100a1c0
       0        0        0     1 OPTION_SETTING_BPS_LENGTH = 0x00000010
       0        0        0     1 OPTION_SETTING_PBPS_START = 0x0100a1e0
       0        0        0     1 OPTION_SETTING_PBPS_LENGTH = 0x00000010
       0        0        0     1 OPTION_SETTING_OFS1_SEC_START = 0x0100a200
       0        0        0     1 OPTION_SETTING_OFS1_SEC_LENGTH = 0x00000004
       0        0        0     1 OPTION_SETTING_BANKSEL_SEC_START = 0x0100a210
       0        0        0     1 OPTION_SETTING_BANKSEL_SEC_LENGTH = 0x00000004
       0        0        0     1 OPTION_SETTING_BPS_SEC_START = 0x0100a240
       0        0        0     1 OPTION_SETTING_BPS_SEC_LENGTH = 0x00000010
       0        0        0     1 OPTION_SETTING_PBPS_SEC_START = 0x0100a260
       0        0        0     1 OPTION_SETTING_PBPS_SEC_LENGTH = 0x00000010
       0        0        0     1 OPTION_SETTING_OFS1_SEL_START = 0x0100a280
       0        0        0     1 OPTION_SETTING_OFS1_SEL_LENGTH = 0x00000004
       0        0        0     1 OPTION_SETTING_BANKSEL_SEL_START = 0x0100a290
       0        0        0     1 OPTION_SETTING_BANKSEL_SEL_LENGTH = 0x00000004
       0        0        0     1 OPTION_SETTING_BPS_SEL_START = 0x0100a2c0
       0        0        0     1 OPTION_SETTING_BPS_SEL_LENGTH = 0x00000010
60000000 60000000        0     1 .qspi_flash.startof
60000000 60000000        0     1         __ddsc_QSPI_FLASH_START = .
68000000 68000000        0     1 .ospi0_cs0.startof
68000000 68000000        0     1         __ddsc_OSPI0_CS0_START = .
68000000 68000000        0     1 __ospi0_cs0_from_qspi_flash$$
68000000 68000000        0     1         __ospi0_cs0_from_qspi_flash$$Base = .
68000000 68000000        0     1         __ospi0_cs0_from_qspi_flash$$Load = LOADADDR(__ospi0_cs0_from_qspi_flash$$)
68000000 68000000        0     1         __ospi0_cs0_from_qspi_flash$$Limit = .
20000000 20000000        0     1 .ram.startof
20000000 20000000        0     1         __ddsc_RAM_START = .
20000000 20000000        0     1 __ram_dtc_vector$$
20000000 20000000        0     1         __ram_dtc_vector$$Base = .
20000000 20000000        0     1         __ram_dtc_vector$$Limit = .
20000000 20000000        0     1 __ram_from_qspi_flash$$
20000000 20000000        0     1         __ram_from_qspi_flash$$Base = .
20000000 20000000        0     1         __ram_from_qspi_flash$$Load = LOADADDR(__ram_from_qspi_flash$$)
20000000 20000000        0     1         __ram_from_qspi_flash$$Limit = .
60000000 60000000        0     1 __qspi_flash_readonly$$
60000000 60000000        0     1         __qspi_flash_readonly$$Base = .
60000000 60000000        0     1         __qspi_flash_readonly$$Limit = .
60000000 60000000        0     1 __qspi_flash_noinit$$
60000000 60000000        0     1         __qspi_flash_noinit$$Base = .
60000000 60000000        0     1         __qspi_flash_noinit$$Limit = .
60000000 60000000        0     1 .qspi_flash.endof
60000000 60000000        0     1         __ddsc_QSPI_FLASH_END = .
70000000 70000000        0     1 .ospi0_cs1.startof
70000000 70000000        0     1         __ddsc_OSPI0_CS1_START = .
68000000 68000000        0     1 __ospi0_cs0_from_ospi0_cs1$$
68000000 68000000        0     1         __ospi0_cs0_from_ospi0_cs1$$Base = .
68000000 68000000        0     1         __ospi0_cs0_from_ospi0_cs1$$Load = LOADADDR(__ospi0_cs0_from_ospi0_cs1$$)
68000000 68000000        0     1         __ospi0_cs0_from_ospi0_cs1$$Limit = .
20000000 20000000        0     1 __ram_from_ospi0_cs1$$
20000000 20000000        0     1         __ram_from_ospi0_cs1$$Base = .
20000000 20000000        0     1         __ram_from_ospi0_cs1$$Load = LOADADDR(__ram_from_ospi0_cs1$$)
20000000 20000000        0     1         __ram_from_ospi0_cs1$$Limit = .
70000000 70000000        0     1 __ospi0_cs1_readonly$$
70000000 70000000        0     1         __ospi0_cs1_readonly$$Base = .
70000000 70000000        0     1         __ospi0_cs1_readonly$$Limit = .
70000000 70000000        0     1 __ospi0_cs1_noinit$$
70000000 70000000        0     1         __ospi0_cs1_noinit$$Base = .
70000000 70000000        0     1         __ospi0_cs1_noinit$$Limit = .
70000000 70000000        0     1 .ospi0_cs1.endof
70000000 70000000        0     1         __ddsc_OSPI0_CS1_END = .
 8000000  8000000        0     1 .data_flash.startof
 8000000  8000000        0     1         __ddsc_DATA_FLASH_START = .
68000000 68000000        0     1 __ospi0_cs0_from_data_flash$$
68000000 68000000        0     1         __ospi0_cs0_from_data_flash$$Base = .
68000000 68000000        0     1         __ospi0_cs0_from_data_flash$$Load = LOADADDR(__ospi0_cs0_from_data_flash$$)
68000000 68000000        0     1         __ospi0_cs0_from_data_flash$$Limit = .
20000000 20000000        0     1 __ram_from_data_flash$$
20000000 20000000        0     1         __ram_from_data_flash$$Base = .
20000000 20000000        0     1         __ram_from_data_flash$$Load = LOADADDR(__ram_from_data_flash$$)
20000000 20000000        0     1         __ram_from_data_flash$$Limit = .
 8000000  8000000        0     1 __data_flash_readonly$$
 8000000  8000000        0     1         __data_flash_readonly$$Base = .
 8000000  8000000        0     1         __data_flash_readonly$$Limit = .
 8000000  8000000        0     1 __data_flash_noinit$$
 8000000  8000000        0     1         __data_flash_noinit$$Base = .
 8000000  8000000        0     1         __data_flash_noinit$$Limit = .
 8000000  8000000        0     1 .data_flash.endof
 8000000  8000000        0     1         __ddsc_DATA_FLASH_END = .
       0        0        0     1 .flash.startof
       0        0        0     1         __ddsc_FLASH_START = .
       0        0       70     4 __flash_vectors$$
       0        0        0     1         __flash_vectors$$Base = .
       0        0        0     1         _VECTORS = .
       0        0       40     4         ./ra/fsp/src/bsp/cmsis/Device/RENESAS/Source/startup.o:(.fixed_vectors)
       0        0       40     1                 __Vectors
      40       40       30     4         ./ra_gen/vector_data.o:(.application_vectors)
      40       40       30     1                 g_vector_table
      70       70        0     1         __flash_vectors$$Limit = .
      70       70        0     1 __flash_noinit$$
      70       70        0     1         __flash_noinit$$Base = .
      70       70        0     1         __flash_noinit$$Limit = .
68000000 68000000        0     1 __ospi0_cs0_from_flash$$
68000000 68000000        0     1         __ospi0_cs0_from_flash$$Base = .
68000000 68000000        0     1         __ospi0_cs0_from_flash$$Load = LOADADDR(__ospi0_cs0_from_flash$$)
68000000 68000000        0     1         __ospi0_cs0_from_flash$$Limit = .
68000000 68000000        0     1 __ospi0_cs0_noinit_nocache$$
68000000 68000000        0     1         __ospi0_cs0_noinit_nocache$$Base = .
68000000 68000000        0     1         __ospi0_cs0_noinit_nocache$$Limit = .
68000000 68000000        0     1 __ospi0_cs0_zero_nocache$$
68000000 68000000        0     1         __ospi0_cs0_zero_nocache$$Base = .
68000000 68000000        0     1         . = ALIGN(32)
68000000 68000000        0     1         __ospi0_cs0_zero_nocache$$Limit = .
68000000 68000000        0     1 __ospi0_cs0_noinit$$
68000000 68000000        0     1         __ospi0_cs0_noinit$$Base = .
68000000 68000000        0     1         __ospi0_cs0_noinit$$Limit = .
68000000 68000000        0     1 __ospi0_cs0_zero$$
68000000 68000000        0     1         __ospi0_cs0_zero$$Base = .
68000000 68000000        0     1         __ospi0_cs0_zero$$Limit = .
68000000 68000000        0     1 .ospi0_cs0.endof
68000000 68000000        0     1         __ddsc_OSPI0_CS0_END = .
20000000       70        8     4 __ram_from_flash$$
20000000       70        0     1         __ram_from_flash$$Base = .
20000000       70        0     1         __ram_from_flash$$Load = LOADADDR(__ram_from_flash$$)
20000000       70        4     4         ./src/sgp_git_version.o:(.data.SGP_DRV_VERSION_STR)
20000000       70        4     1                 SGP_DRV_VERSION_STR
20000004       74        4     1         ./ra_gen/hal_data.o:(.data.g_uart7_baud_setting)
20000004       74        4     1                 g_uart7_baud_setting
20000008       78        0     1         __ram_from_flash$$Limit = .
20000020 20000020        0     1 __ram_noinit_nocache$$
20000020 20000020        0     1         __ram_noinit_nocache$$Base = .
20000020 20000020        0     1         __ram_noinit_nocache$$Limit = .
20000020 20000020        0     1 __ram_zero_nocache$$
20000020 20000020        0     1         __ram_zero_nocache$$Base = .
20000020 20000020        0     1         . = ALIGN(32)
20000020 20000020        0     1         __ram_zero_nocache$$Limit = .
20000020 20000020      41c     8 __ram_noinit$$
20000020 20000020        0     1         __ram_noinit$$Base = .
20000020 20000020      400     8         ./ra/fsp/src/bsp/cmsis/Device/RENESAS/Source/startup.o:(.bss.g_main_stack)
20000020 20000020      400     1                 g_main_stack
20000420 20000420       1c     4         ./ra/fsp/src/bsp/mcu/all/bsp_clocks.o:(.ram_noinit)
20000420 20000420       1c     1                 g_clock_freq
2000043c 2000043c        0     1         __ram_noinit$$Limit = .
2000043c 2000043c      118     4 __ram_zero$$
2000043c 2000043c        0     1         __ram_zero$$Base = .
2000043c 2000043c        4     4         ./src/hal_entry.o:(.bss.g_uart7_tx_complete)
2000043c 2000043c        4     1                 g_uart7_tx_complete
20000440 20000440        1     1         ./src/i2c_master.o:(.bss.g_app_i2c_tx_cplt)
20000440 20000440        1     1                 g_app_i2c_tx_cplt
20000441 20000441        1     1         ./src/i2c_master.o:(.bss.g_app_i2c_rx_cplt)
20000441 20000441        1     1                 g_app_i2c_rx_cplt
20000442 20000442        1     1         ./src/i2c_master.o:(.bss.g_app_i2c_aborted)
20000442 20000442        1     1                 g_app_i2c_aborted
20000443 20000443        1     1         ./src/i2c_master.o:(.bss.g_app_i2c_last_event)
20000443 20000443        1     1                 g_app_i2c_last_event
20000444 20000444        4     4         ./src/i2c_master.o:(.bss.g_app_i2c_callback_count)
20000444 20000444        4     1                 g_app_i2c_callback_count
20000448 20000448        4     4         ./src/i2c_master.o:(.bss.g_app_i2c_timeout_count)
20000448 20000448        4     1                 g_app_i2c_timeout_count
2000044c 2000044c        4     4         ./src/i2c_master.o:(.bss.g_app_i2c_recover_count)
2000044c 2000044c        4     1                 g_app_i2c_recover_count
20000450 20000450        1     1         ./src/i2c_master.o:(.bss.g_app_i2c_opened)
20000450 20000450        1     1                 g_app_i2c_opened
20000451 20000451        1     1         ./src/sensirion_i2c_ra6m5.o:(.bss.g_sensirion_i2c_inited)
20000451 20000451        1     1                 g_sensirion_i2c_inited
20000454 20000454        8     4         ./ra_gen/common_data.o:(.bss.g_ioport_ctrl)
20000454 20000454        8     1                 g_ioport_ctrl
2000045c 2000045c       30     4         ./ra_gen/hal_data.o:(.bss.g_uart7_ctrl)
2000045c 2000045c       30     1                 g_uart7_ctrl
2000048c 2000048c       40     4         ./ra_gen/hal_data.o:(.bss.g_i2c_master0_ctrl)
2000048c 2000048c       40     1                 g_i2c_master0_ctrl
200004cc 200004cc       40     4         ./ra/fsp/src/bsp/mcu/all/bsp_group_irq.o:(.bss.g_bsp_group_irq_sources)
200004cc 200004cc       40     1                 g_bsp_group_irq_sources
2000050c 2000050c        4     4         ./ra/fsp/src/bsp/mcu/all/bsp_io.o:(.bss.g_protect_pfswe_counter)
2000050c 2000050c        4     1                 g_protect_pfswe_counter
20000510 20000510       30     4         ./ra/fsp/src/bsp/mcu/all/bsp_irq.o:(.bss.gp_renesas_isr_context)
20000510 20000510       30     1                 gp_renesas_isr_context
20000540 20000540        a     2         ./ra/fsp/src/bsp/mcu/all/bsp_register_protection.o:(.bss.g_protect_counters)
20000540 20000540        a     1                 g_protect_counters
2000054c 2000054c        4     4         ./ra/fsp/src/bsp/cmsis/Device/RENESAS/Source/system.o:(.bss.SystemCoreClock)
2000054c 2000054c        4     1                 SystemCoreClock
20000550 20000550        4     4         C:\Renesas\RA\e2studio_v2025-12_fsp_v6.3.0\toolchains\llvm_arm\ATfE-21.1.1-Windows-x86_64\bin\..\lib\clang-runtimes/arm-none-eabi/armv8m.main_hard_fp_exn_rtti_unaligned_size\lib\libc.a(libc_picolib_machine_arm_tls.c.o):(.bss.__tls)
20000550 20000550        4     1                 __tls
20000554 20000554        0     1         __ram_zero$$Limit = .
20000554 20000554        0     1 __ram_tdata$$
20000554 20000554        0     1         __ram_tdata$$Base = .
20000554 20000554        0     1         __ram_tdata$$Load = LOADADDR(__ram_tdata$$)
20000554 20000554        0     1         __ram_tdata$$Limit = .
20000554 20000554        0     1 __ram_tbss$$
20000554 20000554        0     1         __ram_tbss$$Base = .
20000554 20000554        0     1         __ram_tbss$$Limit = .
20000558 20000558        0     1 __ram_thread_stack$$
20000558 20000558        0     1         __ram_thread_stack$$Base = .
20000558 20000558        0     1         __ram_thread_stack$$Limit = .
20000800 20000800        0     1 .ram.endof
20000800 20000800        0     1         __ddsc_RAM_END = .
20000800 20000800        0     1 .ram.flat_nsc
20000800 20000800        0     1         __ddsc_RAM_NSC = .
      78       78     3176     4 __flash_readonly$$
      78       78        0     1         __flash_readonly$$Base = .
      78       78       16     2         ./src/hal_entry.o:(.text.uart7_callback)
      78       78        0     1                 $t
      79       79       16     1                 uart7_callback
      90       90      3ce     4         ./src/hal_entry.o:(.text.hal_entry)
      90       90        0     1                 $t
      91       91      3ce     1                 hal_entry
     460      460       3c     4         ./src/hal_entry.o:(.text.uart7_write_string)
     460      460        0     1                 $t
     461      461       3c     1                 uart7_write_string
     49c      49c       86     4         ./src/hal_entry.o:(.text.uart7_buf_append_uint32)
     49c      49c        0     1                 $t
     49d      49d       86     1                 uart7_buf_append_uint32
     522      522       1a     2         ./src/hal_warmstart.o:(.text.R_BSP_WarmStart)
     522      522        0     1                 $t
     523      523       1a     1                 R_BSP_WarmStart
     53c      53c       d4     2         ./src/i2c_master.o:(.text.i2c2_callback)
     53c      53c        0     1                 $t
     53d      53d       d4     1                 i2c2_callback
     610      610       58     2         ./src/i2c_master.o:(.text.I2CMaster_Open)
     610      610        0     1                 $t
     611      611       58     1                 I2CMaster_Open
     668      668       62     2         ./src/i2c_master.o:(.text.I2CMaster_Recover)
     668      668        0     1                 $t
     669      669       62     1                 I2CMaster_Recover
     6ca      6ca       26     2         ./src/i2c_master.o:(.text.I2CMaster_SlaveAddrSet)
     6ca      6ca        0     1                 $t
     6cb      6cb       26     1                 I2CMaster_SlaveAddrSet
     6f0      6f0       56     4         ./src/i2c_master.o:(.text.I2CMaster_WaitTxComplete)
     6f0      6f0        0     1                 $t
     6f1      6f1       56     1                 I2CMaster_WaitTxComplete
     748      748       56     4         ./src/i2c_master.o:(.text.I2CMaster_WaitRxComplete)
     748      748        0     1                 $t
     749      749       56     1                 I2CMaster_WaitRxComplete
     79e      79e       74     2         ./src/i2c_master.o:(.text.I2CMaster_Write)
     79e      79e        0     1                 $t
     79f      79f       74     1                 I2CMaster_Write
     812      812       74     2         ./src/i2c_master.o:(.text.I2CMaster_Read)
     812      812        0     1                 $t
     813      813       74     1                 I2CMaster_Read
     888      888       7a     4         ./src/sensirion_common.o:(.text.sensirion_fill_cmd_send_buf)
     888      888        0     1                 $t
     889      889       7a     1                 sensirion_fill_cmd_send_buf
     904      904       8e     4         ./src/sensirion_common.o:(.text.sensirion_i2c_read_words_as_bytes)
     904      904        0     1                 $t
     905      905       8e     1                 sensirion_i2c_read_words_as_bytes
     994      994       2a     4         ./src/sensirion_common.o:(.text.sensirion_i2c_read_words)
     994      994        0     1                 $t
     995      995       2a     1                 sensirion_i2c_read_words
     9be      9be       18     2         ./src/sensirion_common.o:(.text.sensirion_i2c_write_cmd)
     9be      9be        0     1                 $t
     9bf      9bf       18     1                 sensirion_i2c_write_cmd
     9d6      9d6       1e     2         ./src/sensirion_common.o:(.text.sensirion_i2c_write_cmd_with_args)
     9d6      9d6        0     1                 $t
     9d7      9d7       1e     1                 sensirion_i2c_write_cmd_with_args
     9f4      9f4       1c     2         ./src/sensirion_i2c_ra6m5.o:(.text.sensirion_i2c_init)
     9f4      9f4        0     1                 $t
     9f5      9f5       1c     1                 sensirion_i2c_init
     a10      a10       48     2         ./src/sensirion_i2c_ra6m5.o:(.text.sensirion_i2c_read)
     a10      a10        0     1                 $t
     a11      a11       48     1                 sensirion_i2c_read
     a58      a58       30     2         ./src/sensirion_i2c_ra6m5.o:(.text.sensirion_i2c_prepare)
     a58      a58        0     1                 $t
     a59      a59       30     1                 sensirion_i2c_prepare
     a88      a88       48     2         ./src/sensirion_i2c_ra6m5.o:(.text.sensirion_i2c_write)
     a88      a88        0     1                 $t
     a89      a89       48     1                 sensirion_i2c_write
     ad0      ad0       34     2         ./src/sensirion_i2c_ra6m5.o:(.text.sensirion_sleep_usec)
     ad0      ad0        0     1                 $t
     ad1      ad1       34     1                 sensirion_sleep_usec
     b04      b04       2a     2         ./src/sensirion_voc_algorithm.o:(.text.VocAlgorithm_init)
     b04      b04        0     1                 $t
     b05      b05       2a     1                 VocAlgorithm_init
     b2e      b2e       6c     2         ./src/sensirion_voc_algorithm.o:(.text.VocAlgorithm__init_instances)
     b2e      b2e        0     1                 $t
     b2f      b2f       6c     1                 VocAlgorithm__init_instances
     b9a      b9a      3b4     2         ./src/sensirion_voc_algorithm.o:(.text.VocAlgorithm_process)
     b9a      b9a        0     1                 $t
     b9b      b9b      3b4     1                 VocAlgorithm_process
     f50      f50       7c     4         ./src/sensirion_voc_algorithm.o:(.text.fix16_div)
     f50      f50        0     1                 $t
     f51      f51       7c     1                 fix16_div
     fcc      fcc       64     2         ./src/sensirion_voc_algorithm.o:(.text.fix16_mul)
     fcc      fcc        0     1                 $t
     fcd      fcd       64     1                 fix16_mul
    1030     1030       70     4         ./src/sensirion_voc_algorithm.o:(.text.fix16_sqrt)
    1030     1030        0     1                 $t
    1031     1031       70     1                 fix16_sqrt
    10a0     10a0       36     2         ./src/sensirion_voc_algorithm.o:(.text.VocAlgorithm__mean_variance_estimator___sigmoid__process)
    10a0     10a0        0     1                 $t
    10a1     10a1       36     1                 VocAlgorithm__mean_variance_estimator___sigmoid__process
    10d8     10d8       74     4         ./src/sensirion_voc_algorithm.o:(.text.fix16_exp)
    10d8     10d8        0     1                 $t
    10d9     10d9       74     1                 fix16_exp
    114c     114c       3a     2         ./src/sgp40.o:(.text.sgp40_measure_raw_blocking_read)
    114c     114c        0     1                 $t
    114d     114d       3a     1                 sgp40_measure_raw_blocking_read
    1186     1186        c     2         ./src/sgp40.o:(.text.sgp40_get_driver_version)
    1186     1186        0     1                 $t
    1187     1187        c     1                 sgp40_get_driver_version
    1192     1192        4     2         ./src/sgp40.o:(.text.sgp40_get_configured_address)
    1192     1192        0     1                 $t
    1193     1193        4     1                 sgp40_get_configured_address
    1196     1196       28     2         ./src/sgp40.o:(.text.sgp40_get_serial_id)
    1196     1196        0     1                 $t
    1197     1197       28     1                 sgp40_get_serial_id
    11be     11be       10     2         ./src/sgp40.o:(.text.sgp40_probe)
    11be     11be        0     1                 $t
    11bf     11bf       10     1                 sgp40_probe
    11ce     11ce       48     2         ./src/sgp40_voc_simple.o:(.text.SGP40VOC_SimpleInit)
    11ce     11ce        0     1                 $t
    11cf     11cf       48     1                 SGP40VOC_SimpleInit
    1216     1216       48     2         ./src/sgp40_voc_simple.o:(.text.SGP40VOC_SimpleSample)
    1216     1216        0     1                 $t
    1217     1217       48     1                 SGP40VOC_SimpleSample
    125e     125e       16     2         ./src/sgp40_voc_simple.o:(.text.SGP40VOC_SimpleInBlackout)
    125e     125e        0     1                 $t
    125f     125f       16     1                 SGP40VOC_SimpleInBlackout
    1274     1274        a     2         ./ra_gen/main.o:(.text.main)
    1274     1274        0     1                 $t
    1275     1275        a     1                 main
    127e     127e       92     2         ./ra/fsp/src/r_spi/r_spi.o:(.text.spi_rxi_isr)
    127e     127e        0     1                 $t
    127f     127f       92     1                 spi_rxi_isr
    1310     1310       70     2         ./ra/fsp/src/r_spi/r_spi.o:(.text.r_spi_transmit)
    1310     1310        0     1                 $t
    1311     1311       70     1                 r_spi_transmit
    1380     1380       a2     2         ./ra/fsp/src/r_spi/r_spi.o:(.text.spi_txi_isr)
    1380     1380        0     1                 $t
    1381     1381       a2     1                 spi_txi_isr
    1422     1422       d4     2         ./ra/fsp/src/r_spi/r_spi.o:(.text.spi_tei_isr)
    1422     1422        0     1                 $t
    1423     1423       d4     1                 spi_tei_isr
    14f6     14f6       3e     2         ./ra/fsp/src/r_spi/r_spi.o:(.text.r_spi_call_callback)
    14f6     14f6        0     1                 $t
    14f7     14f7       3e     1                 r_spi_call_callback
    1534     1534       da     2         ./ra/fsp/src/r_spi/r_spi.o:(.text.spi_eri_isr)
    1534     1534        0     1                 $t
    1535     1535       da     1                 spi_eri_isr
    160e     160e      344     2         ./ra/fsp/src/r_sci_uart/r_sci_uart.o:(.text.R_SCI_UART_Open)
    160e     160e        0     1                 $t
    160f     160f      344     1                 R_SCI_UART_Open
    1952     1952        a     2         ./ra/fsp/src/r_sci_uart/r_sci_uart.o:(.text.R_SCI_UART_Read)
    1952     1952        0     1                 $t
    1953     1953        a     1                 R_SCI_UART_Read
    195c     195c       4c     2         ./ra/fsp/src/r_sci_uart/r_sci_uart.o:(.text.R_SCI_UART_Write)
    195c     195c        0     1                 $t
    195d     195d       4c     1                 R_SCI_UART_Write
    19a8     19a8       68     2         ./ra/fsp/src/r_sci_uart/r_sci_uart.o:(.text.R_SCI_UART_BaudSet)
    19a8     19a8        0     1                 $t
    19a9     19a9       68     1                 R_SCI_UART_BaudSet
    1a10     1a10        c     2         ./ra/fsp/src/r_sci_uart/r_sci_uart.o:(.text.R_SCI_UART_InfoGet)
    1a10     1a10        0     1                 $t
    1a11     1a11        c     1                 R_SCI_UART_InfoGet
    1a1c     1a1c       22     2         ./ra/fsp/src/r_sci_uart/r_sci_uart.o:(.text.R_SCI_UART_Abort)
    1a1c     1a1c        0     1                 $t
    1a1d     1a1d       22     1                 R_SCI_UART_Abort
    1a3e     1a3e        e     2         ./ra/fsp/src/r_sci_uart/r_sci_uart.o:(.text.R_SCI_UART_CallbackSet)
    1a3e     1a3e        0     1                 $t
    1a3f     1a3f        e     1                 R_SCI_UART_CallbackSet
    1a4c     1a4c       ae     2         ./ra/fsp/src/r_sci_uart/r_sci_uart.o:(.text.R_SCI_UART_Close)
    1a4c     1a4c        0     1                 $t
    1a4d     1a4d       ae     1                 R_SCI_UART_Close
    1afa     1afa        e     2         ./ra/fsp/src/r_sci_uart/r_sci_uart.o:(.text.R_SCI_UART_ReadStop)
    1afa     1afa        0     1                 $t
    1afb     1afb        e     1                 R_SCI_UART_ReadStop
    1b08     1b08        4     2         ./ra/fsp/src/r_sci_uart/r_sci_uart.o:(.text.R_SCI_UART_ReceiveSuspend)
    1b08     1b08        0     1                 $t
    1b09     1b09        4     1                 R_SCI_UART_ReceiveSuspend
    1b0c     1b0c        4     2         ./ra/fsp/src/r_sci_uart/r_sci_uart.o:(.text.R_SCI_UART_ReceiveResume)
    1b0c     1b0c        0     1                 $t
    1b0d     1b0d        4     1                 R_SCI_UART_ReceiveResume
    1b10     1b10       86     2         ./ra/fsp/src/r_sci_uart/r_sci_uart.o:(.text.sci_uart_txi_isr)
    1b10     1b10        0     1                 $t
    1b11     1b11       86     1                 sci_uart_txi_isr
    1b96     1b96       4a     2         ./ra/fsp/src/r_sci_uart/r_sci_uart.o:(.text.r_sci_uart_call_callback)
    1b96     1b96        0     1                 $t
    1b97     1b97       4a     1                 r_sci_uart_call_callback
    1be0     1be0       88     2         ./ra/fsp/src/r_sci_uart/r_sci_uart.o:(.text.sci_uart_rxi_isr)
    1be0     1be0        0     1                 $t
    1be1     1be1       88     1                 sci_uart_rxi_isr
    1c68     1c68       4c     2         ./ra/fsp/src/r_sci_uart/r_sci_uart.o:(.text.sci_uart_tei_isr)
    1c68     1c68        0     1                 $t
    1c69     1c69       4c     1                 sci_uart_tei_isr
    1cb4     1cb4       74     2         ./ra/fsp/src/r_sci_uart/r_sci_uart.o:(.text.sci_uart_eri_isr)
    1cb4     1cb4        0     1                 $t
    1cb5     1cb5       74     1                 sci_uart_eri_isr
    1d28     1d28       16     2         ./ra/fsp/src/r_ioport/r_ioport.o:(.text.R_IOPORT_Open)
    1d28     1d28        0     1                 $t
    1d29     1d29       16     1                 R_IOPORT_Open
    1d40     1d40       be     4         ./ra/fsp/src/r_ioport/r_ioport.o:(.text.r_ioport_pins_config)
    1d40     1d40        0     1                 $t
    1d41     1d41       be     1                 r_ioport_pins_config
    1e00     1e00       ce     4         ./ra/fsp/src/r_ioport/r_ioport.o:(.text.bsp_vbatt_init)
    1e00     1e00        0     1                 $t
    1e01     1e01       ce     1                 bsp_vbatt_init
    1ece     1ece       80     2         ./ra/fsp/src/r_iic_master/r_iic_master.o:(.text.R_IIC_MASTER_Open)
    1ece     1ece        0     1                 $t
    1ecf     1ecf       80     1                 R_IIC_MASTER_Open
    1f4e     1f4e        c     2         ./ra/fsp/src/r_iic_master/r_iic_master.o:(.text.R_IIC_MASTER_Read)
    1f4e     1f4e        0     1                 $t
    1f4f     1f4f        c     1                 R_IIC_MASTER_Read
    1f5a     1f5a        c     2         ./ra/fsp/src/r_iic_master/r_iic_master.o:(.text.R_IIC_MASTER_Write)
    1f5a     1f5a        0     1                 $t
    1f5b     1f5b        c     1                 R_IIC_MASTER_Write
    1f66     1f66       32     2         ./ra/fsp/src/r_iic_master/r_iic_master.o:(.text.R_IIC_MASTER_Abort)
    1f66     1f66        0     1                 $t
    1f67     1f67       32     1                 R_IIC_MASTER_Abort
    1f98     1f98        a     2         ./ra/fsp/src/r_iic_master/r_iic_master.o:(.text.R_IIC_MASTER_SlaveAddressSet)
    1f98     1f98        0     1                 $t
    1f99     1f99        a     1                 R_IIC_MASTER_SlaveAddressSet
    1fa2     1fa2        e     2         ./ra/fsp/src/r_iic_master/r_iic_master.o:(.text.R_IIC_MASTER_CallbackSet)
    1fa2     1fa2        0     1                 $t
    1fa3     1fa3        e     1                 R_IIC_MASTER_CallbackSet
    1fb0     1fb0       18     2         ./ra/fsp/src/r_iic_master/r_iic_master.o:(.text.R_IIC_MASTER_StatusGet)
    1fb0     1fb0        0     1                 $t
    1fb1     1fb1       18     1                 R_IIC_MASTER_StatusGet
    1fc8     1fc8       d8     2         ./ra/fsp/src/r_iic_master/r_iic_master.o:(.text.R_IIC_MASTER_Close)
    1fc8     1fc8        0     1                 $t
    1fc9     1fc9       d8     1                 R_IIC_MASTER_Close
    20a0     20a0      184     4         ./ra/fsp/src/r_iic_master/r_iic_master.o:(.text.iic_master_open_hw_master)
    20a0     20a0        0     1                 $t
    20a1     20a1      184     1                 iic_master_open_hw_master
    2224     2224      150     4         ./ra/fsp/src/r_iic_master/r_iic_master.o:(.text.iic_master_read_write)
    2224     2224        0     1                 $t
    2225     2225      150     1                 iic_master_read_write
    2374     2374      18a     2         ./ra/fsp/src/r_iic_master/r_iic_master.o:(.text.iic_master_rxi_isr)
    2374     2374        0     1                 $t
    2375     2375      18a     1                 iic_master_rxi_isr
    2500     2500      116     4         ./ra/fsp/src/r_iic_master/r_iic_master.o:(.text.iic_master_txi_isr)
    2500     2500        0     1                 $t
    2501     2501      116     1                 iic_master_txi_isr
    2618     2618       e4     4         ./ra/fsp/src/r_iic_master/r_iic_master.o:(.text.iic_master_tei_isr)
    2618     2618        0     1                 $t
    2619     2619       e4     1                 iic_master_tei_isr
    26fc     26fc      13c     2         ./ra/fsp/src/r_iic_master/r_iic_master.o:(.text.iic_master_eri_isr)
    26fc     26fc        0     1                 $t
    26fd     26fd      13c     1                 iic_master_eri_isr
    2838     2838       36     2         ./ra/fsp/src/r_iic_master/r_iic_master.o:(.text.iic_master_notify)
    2838     2838        0     1                 $t
    2839     2839       36     1                 iic_master_notify
    286e     286e       2c     2         ./ra/fsp/src/bsp/mcu/all/bsp_clocks.o:(.text.SystemCoreClockUpdate)
    286e     286e        0     1                 $t
    286f     286f       2c     1                 SystemCoreClockUpdate
    289c     289c      170     4         ./ra/fsp/src/bsp/mcu/all/bsp_clocks.o:(.text.bsp_clock_init)
    289c     289c        0     1                 $t
    289d     289d      170     1                 bsp_clock_init
    2a0c     2a0c        2     2         ./ra/fsp/src/bsp/mcu/all/bsp_clocks.o:(.text.R_BSP_SubClockStabilizeWaitAfterReset)
    2a0c     2a0c        0     1                 $t
    2a0d     2a0d        2     1                 R_BSP_SubClockStabilizeWaitAfterReset
    2a10     2a10       7a     4         ./ra/fsp/src/bsp/mcu/all/bsp_clocks.o:(.text.R_BSP_Init_RTC)
    2a10     2a10        0     1                 $t
    2a11     2a11       7a     1                 R_BSP_Init_RTC
    2a8a     2a8a        2     2         ./ra/fsp/src/bsp/mcu/all/bsp_common.o:(.text.bsp_init_internal)
    2a8a     2a8a        0     1                 $t
    2a8b     2a8b        2     1                 bsp_init_internal
    2a8b     2a8b        2     1                 bsp_init
    2a8c     2a8c       84     2         ./ra/fsp/src/bsp/mcu/all/bsp_delay.o:(.text.R_BSP_SoftwareDelay)
    2a8c     2a8c        0     1                 $t
    2a8d     2a8d       84     1                 R_BSP_SoftwareDelay
    2b10     2b10        8     2         ./ra/fsp/src/bsp/mcu/all/bsp_delay.o:(.text.bsp_prv_software_delay_loop)
    2b10     2b10        0     1                 sw_delay_loop
    2b10     2b10        0     1                 $t
    2b11     2b11        8     1                 bsp_prv_software_delay_loop
    2b18     2b18       44     4         ./ra/fsp/src/bsp/mcu/all/bsp_group_irq.o:(.text.NMI_Handler)
    2b18     2b18        0     1                 $t
    2b19     2b19       44     1                 NMI_Handler
    2b5c     2b5c       88     4         ./ra/fsp/src/bsp/mcu/all/bsp_irq.o:(.text.bsp_irq_cfg)
    2b5c     2b5c        0     1                 $t
    2b5d     2b5d       88     1                 bsp_irq_cfg
    2be4     2be4       52     2         ./ra/fsp/src/bsp/mcu/all/bsp_register_protection.o:(.text.R_BSP_RegisterProtectEnable)
    2be4     2be4        0     1                 $t
    2be5     2be5       52     1                 R_BSP_RegisterProtectEnable
    2c36     2c36       4e     2         ./ra/fsp/src/bsp/mcu/all/bsp_register_protection.o:(.text.R_BSP_RegisterProtectDisable)
    2c36     2c36        0     1                 $t
    2c37     2c37       4e     1                 R_BSP_RegisterProtectDisable
    2c84     2c84        a     4         ./ra/fsp/src/bsp/cmsis/Device/RENESAS/Source/startup.o:(.text.Reset_Handler)
    2c84     2c84        0     1                 $t
    2c85     2c85        a     1                 Reset_Handler
    2c8e     2c8e        4     2         ./ra/fsp/src/bsp/cmsis/Device/RENESAS/Source/startup.o:(.text.Default_Handler)
    2c8e     2c8e        0     1                 $t
    2c8f     2c8f        4     1                 Default_Handler
    2c8f     2c8f        4     1                 HardFault_Handler
    2c8f     2c8f        4     1                 MemManage_Handler
    2c8f     2c8f        4     1                 BusFault_Handler
    2c8f     2c8f        4     1                 UsageFault_Handler
    2c8f     2c8f        4     1                 SecureFault_Handler
    2c8f     2c8f        4     1                 SVC_Handler
    2c8f     2c8f        4     1                 DebugMon_Handler
    2c8f     2c8f        4     1                 PendSV_Handler
    2c8f     2c8f        4     1                 SysTick_Handler
    2c94     2c94       e0     4         ./ra/fsp/src/bsp/cmsis/Device/RENESAS/Source/system.o:(.text.SystemInit)
    2c94     2c94        0     1                 $t
    2c95     2c95       e0     1                 SystemInit
    2d74     2d74       5a     4         ./ra/fsp/src/bsp/cmsis/Device/RENESAS/Source/system.o:(.text.SystemRuntimeInit)
    2d74     2d74        0     1                 $t
    2d75     2d75       5a     1                 SystemRuntimeInit
    2dce     2dce        8     2         C:\Renesas\RA\e2studio_v2025-12_fsp_v6.3.0\toolchains\llvm_arm\ATfE-21.1.1-Windows-x86_64\bin\..\lib\clang-runtimes/arm-none-eabi/armv8m.main_hard_fp_exn_rtti_unaligned_size\lib\libc.a(bzero.c.o):(.text.bzero)
    2dce     2dce        0     1                 $t
    2dcf     2dcf        8     1                 bzero
    2dcf     2dcf        8     1                 __aeabi_memclr4
    2dcf     2dcf        8     1                 __aeabi_memclr8
    2dcf     2dcf        8     1                 __aeabi_memclr
    2dd6     2dd6       12     2         C:\Renesas\RA\e2studio_v2025-12_fsp_v6.3.0\toolchains\llvm_arm\ATfE-21.1.1-Windows-x86_64\bin\..\lib\clang-runtimes/arm-none-eabi/armv8m.main_hard_fp_exn_rtti_unaligned_size\lib\libc.a(memcpy.c.o):(.text.memcpy)
    2dd6     2dd6        0     1                 $t
    2dd7     2dd7       12     1                 memcpy
    2dd7     2dd7       12     1                 __aeabi_memcpy4
    2dd7     2dd7       12     1                 __aeabi_memcpy8
    2dd7     2dd7       12     1                 __aeabi_memcpy
    2de8     2de8        e     2         C:\Renesas\RA\e2studio_v2025-12_fsp_v6.3.0\toolchains\llvm_arm\ATfE-21.1.1-Windows-x86_64\bin\..\lib\clang-runtimes/arm-none-eabi/armv8m.main_hard_fp_exn_rtti_unaligned_size\lib\libc.a(memset.c.o):(.text.memset)
    2de8     2de8        0     1                 $t
    2de9     2de9        e     1                 memset
    2df8     2df8       10     4         C:\Renesas\RA\e2studio_v2025-12_fsp_v6.3.0\toolchains\llvm_arm\ATfE-21.1.1-Windows-x86_64\bin\..\lib\clang-runtimes/arm-none-eabi/armv8m.main_hard_fp_exn_rtti_unaligned_size\lib\libc.a(strlen.S.o):(.text)
    2df8     2df8        0     1                 $t
    2df9     2df9       10     1                 strlen
    2e08     2e08       28     4         C:\Renesas\RA\e2studio_v2025-12_fsp_v6.3.0\toolchains\llvm_arm\ATfE-21.1.1-Windows-x86_64\bin\..\lib\clang-runtimes/arm-none-eabi/armv8m.main_hard_fp_exn_rtti_unaligned_size\lib\libc.a(libc_picolib_inittls.c.o):(.text._init_tls)
    2e08     2e08        0     1                 $t
    2e09     2e09       28     1                 _init_tls
    2e20     2e20        0     1                 $d
    2e30     2e30       14     4         C:\Renesas\RA\e2studio_v2025-12_fsp_v6.3.0\toolchains\llvm_arm\ATfE-21.1.1-Windows-x86_64\bin\..\lib\clang-runtimes/arm-none-eabi/armv8m.main_hard_fp_exn_rtti_unaligned_size\lib\libc.a(libc_picolib_machine_arm_set_tls.c.o):(.text._set_tls)
    2e30     2e30        0     1                 $t
    2e31     2e31       14     1                 _set_tls
    2e3c     2e3c        0     1                 $d
    2e44     2e44       c6     1         <internal>:(.rodata.str1.1)
    2f0c     2f0c       20     4         <internal>:(.rodata.cst16)
    2f2c     2f2c       14     4         ./ra_gen/hal_data.o:(.rodata.g_uart7_cfg_extend)
    2f2c     2f2c       14     1                 g_uart7_cfg_extend
    2f40     2f40       20     4         ./ra_gen/hal_data.o:(.rodata.g_uart7_cfg)
    2f40     2f40       20     1                 g_uart7_cfg
    2f60     2f60        c     4         ./ra_gen/hal_data.o:(.rodata.g_uart7)
    2f60     2f60        c     1                 g_uart7
    2f6c     2f6c        8     1         ./ra_gen/hal_data.o:(.rodata.g_i2c_master0_extend)
    2f6c     2f6c        8     1                 g_i2c_master0_extend
    2f74     2f74       28     4         ./ra_gen/hal_data.o:(.rodata.g_i2c_master0_cfg)
    2f74     2f74       28     1                 g_i2c_master0_cfg
    2f9c     2f9c        c     4         ./ra_gen/hal_data.o:(.rodata.g_i2c_master0)
    2f9c     2f9c        c     1                 g_i2c_master0
    2fa8     2fa8       80     4         ./ra_gen/pin_data.o:(.rodata.g_bsp_pin_cfg_data)
    2fa8     2fa8       80     1                 g_bsp_pin_cfg_data
    3028     3028        c     4         ./ra_gen/pin_data.o:(.rodata.g_bsp_pin_cfg)
    3028     3028        c     1                 g_bsp_pin_cfg
    3034     3034       18     2         ./ra_gen/vector_data.o:(.rodata.g_interrupt_event_link_select)
    3034     3034       18     1                 g_interrupt_event_link_select
    304c     304c       2c     4         ./ra/fsp/src/r_sci_uart/r_sci_uart.o:(.rodata.g_uart_on_sci)
    304c     304c       2c     1                 g_uart_on_sci
    3078     3078        6     2         ./ra/fsp/src/r_ioport/r_ioport.o:(.rodata.g_vbatt_pins_input)
    3078     3078        6     1                 g_vbatt_pins_input
    3080     3080       20     4         ./ra/fsp/src/r_iic_master/r_iic_master.o:(.rodata.g_i2c_master_on_iic)
    3080     3080       20     1                 g_i2c_master_on_iic
    30a0     30a0       10     4         ./ra/fsp/src/bsp/mcu/ra6m5/bsp_linker.o:(.rodata.nocache_list)
    30a0     30a0       10     1                 nocache_list
    30b0     30b0       18     4         ./ra/fsp/src/bsp/mcu/ra6m5/bsp_linker.o:(.rodata.g_init_info)
    30b0     30b0       18     1                 g_init_info
    30c8     30c8       3c     4         ./ra/fsp/src/bsp/mcu/ra6m5/bsp_linker.o:(.rodata.zero_list)
    30c8     30c8       3c     1                 zero_list
    3104     3104       90     4         ./ra/fsp/src/bsp/mcu/ra6m5/bsp_linker.o:(.rodata.copy_list)
    3104     3104       90     1                 copy_list
    3194     3194        a     2         ./ra/fsp/src/bsp/mcu/all/bsp_register_protection.o:(.rodata.g_prcr_masks)
    3194     3194        a     1                 g_prcr_masks
    31a0     31a0       4e     4         ./ra/fsp/src/bsp/mcu/all/bsp_common.o:(.version)
    31a0     31a0        4     1                 g_fsp_version
    31a4     31a4        6     1                 g_fsp_version_string
    31aa     31aa       44     1                 g_fsp_version_build_string
    31ee     31ee        0     1         __flash_readonly$$Limit = .
    31ee     31ee        0     1 __flash_preinit_array$$
    31ee     31ee        0     1         __preinit_array_start = .
    31ee     31ee        0     1         __preinit_array_end = .
    31ee     31ee        0     1 __flash_init_array$$
    31ee     31ee        0     1         __init_array_start = .
    31ee     31ee        0     1         __init_array_end = .
    31ee     31ee        0     1 __flash_fini_array$$
    31ee     31ee        0     1         __fini_array_start = .
    31ee     31ee        0     1         __fini_array_end = .
    31ee     31ee        0     1 __flash_arm.exidx$$
    31ee     31ee        0     1         __exidx_start = .
    31ee     31ee        0     1         __exidx_end = .
    3400     3400        0     1 .flash.endof
    3400     3400        0     1         __ddsc_FLASH_END = .
    3400     3400        0     1 .flash.flat_nsc
    3400     3400        0     1         __ddsc_FLASH_NSC = .
 100a100  100a100        0     1 .option_setting_ofs0.startof
 100a100  100a100        0     1         __ddsc_OPTION_SETTING_OFS0_START = .
 100a100  100a100        4     4 __option_setting_ofs0_reg$$
 100a100  100a100        0     1         __option_setting_ofs0_reg$$Base = .
 100a100  100a100        4     4         ./ra/fsp/src/bsp/mcu/ra6m5/bsp_linker.o:(.option_setting_ofs0)
 100a100  100a100        4     1                 g_bsp_cfg_option_setting_ofs0
 100a104  100a104        0     1         __option_setting_ofs0_reg$$Limit = .
 100a104  100a104        0     1 .option_setting_ofs0.endof
 100a104  100a104        0     1         __ddsc_OPTION_SETTING_OFS0_END = .
 100a110  100a110        0     1 .option_setting_dualsel.startof
 100a110  100a110        0     1         __ddsc_OPTION_SETTING_DUALSEL_START = .
 100a110  100a110        0     1 __option_setting_dualsel_reg$$
 100a110  100a110        0     1         __option_setting_dualsel_reg$$Base = .
 100a110  100a110        0     1         __option_setting_dualsel_reg$$Limit = .
 100a110  100a110        0     1 .option_setting_dualsel.endof
 100a110  100a110        0     1         __ddsc_OPTION_SETTING_DUALSEL_END = .
 100a180  100a180        0     1 .option_setting_ofs1.startof
 100a180  100a180        0     1         __ddsc_OPTION_SETTING_OFS1_START = .
 100a180  100a180        0     1 __option_setting_ofs1_reg$$
 100a180  100a180        0     1         __option_setting_ofs1_reg$$Base = .
 100a180  100a180        0     1         __option_setting_ofs1_reg$$Limit = .
 100a180  100a180        0     1 .option_setting_ofs1.endof
 100a180  100a180        0     1         __ddsc_OPTION_SETTING_OFS1_END = .
 100a190  100a190        0     1 .option_setting_banksel.startof
 100a190  100a190        0     1         __ddsc_OPTION_SETTING_BANKSEL_START = .
 100a190  100a190        0     1 __option_setting_banksel_reg$$
 100a190  100a190        0     1         __option_setting_banksel_reg$$Base = .
 100a190  100a190        0     1         __option_setting_banksel_reg$$Limit = .
 100a190  100a190        0     1 .option_setting_banksel.endof
 100a190  100a190        0     1         __ddsc_OPTION_SETTING_BANKSEL_END = .
 100a1c0  100a1c0        0     1 .option_setting_bps.startof
 100a1c0  100a1c0        0     1         __ddsc_OPTION_SETTING_BPS_START = .
 100a1c0  100a1c0        0     1 __option_setting_bps_reg$$
 100a1c0  100a1c0        0     1         __option_setting_bps_reg$$Base = .
 100a1c0  100a1c0        0     1         __option_setting_bps_reg$$Limit = .
 100a1c0  100a1c0        0     1 .option_setting_bps.endof
 100a1c0  100a1c0        0     1         __ddsc_OPTION_SETTING_BPS_END = .
 100a1e0  100a1e0        0     1 .option_setting_pbps.startof
 100a1e0  100a1e0        0     1         __ddsc_OPTION_SETTING_PBPS_START = .
 100a1e0  100a1e0        0     1 __option_setting_pbps_reg$$
 100a1e0  100a1e0        0     1         __option_setting_pbps_reg$$Base = .
 100a1e0  100a1e0        0     1         __option_setting_pbps_reg$$Limit = .
 100a1e0  100a1e0        0     1 .option_setting_pbps.endof
 100a1e0  100a1e0        0     1         __ddsc_OPTION_SETTING_PBPS_END = .
 100a200  100a200        0     1 .option_setting_ofs1_sec.startof
 100a200  100a200        0     1         __ddsc_OPTION_SETTING_OFS1_SEC_START = .
 100a200  100a200        4     4 __option_setting_ofs1_sec_reg$$
 100a200  100a200        0     1         __option_setting_ofs1_sec_reg$$Base = .
 100a200  100a200        4     4         ./ra/fsp/src/bsp/mcu/ra6m5/bsp_linker.o:(.option_setting_ofs1_sec)
 100a200  100a200        4     1                 g_bsp_cfg_option_setting_ofs1_sec
 100a204  100a204        0     1         __option_setting_ofs1_sec_reg$$Limit = .
 100a204  100a204        0     1 .option_setting_ofs1_sec.endof
 100a204  100a204        0     1         __ddsc_OPTION_SETTING_OFS1_SEC_END = .
 100a210  100a210        0     1 .option_setting_banksel_sec.startof
 100a210  100a210        0     1         __ddsc_OPTION_SETTING_BANKSEL_SEC_START = .
 100a210  100a210        0     1 __option_setting_banksel_sec_reg$$
 100a210  100a210        0     1         __option_setting_banksel_sec_reg$$Base = .
 100a210  100a210        0     1         __option_setting_banksel_sec_reg$$Limit = .
 100a210  100a210        0     1 .option_setting_banksel_sec.endof
 100a210  100a210        0     1         __ddsc_OPTION_SETTING_BANKSEL_SEC_END = .
 100a240  100a240        0     1 .option_setting_bps_sec.startof
 100a240  100a240        0     1         __ddsc_OPTION_SETTING_BPS_SEC_START = .
 100a240  100a240        0     1 __option_setting_bps_sec_reg$$
 100a240  100a240        0     1         __option_setting_bps_sec_reg$$Base = .
 100a240  100a240        0     1         __option_setting_bps_sec_reg$$Limit = .
 100a240  100a240        0     1 .option_setting_bps_sec.endof
 100a240  100a240        0     1         __ddsc_OPTION_SETTING_BPS_SEC_END = .
 100a260  100a260        0     1 .option_setting_pbps_sec.startof
 100a260  100a260        0     1         __ddsc_OPTION_SETTING_PBPS_SEC_START = .
 100a260  100a260        0     1 __option_setting_pbps_sec_reg$$
 100a260  100a260        0     1         __option_setting_pbps_sec_reg$$Base = .
 100a260  100a260        0     1         __option_setting_pbps_sec_reg$$Limit = .
 100a260  100a260        0     1 .option_setting_pbps_sec.endof
 100a260  100a260        0     1         __ddsc_OPTION_SETTING_PBPS_SEC_END = .
 100a280  100a280        0     1 .option_setting_ofs1_sel.startof
 100a280  100a280        0     1         __ddsc_OPTION_SETTING_OFS1_SEL_START = .
 100a280  100a280        4     4 __option_setting_ofs1_sel_reg$$
 100a280  100a280        0     1         __option_setting_ofs1_sel_reg$$Base = .
 100a280  100a280        4     4         ./ra/fsp/src/bsp/mcu/ra6m5/bsp_linker.o:(.option_setting_ofs1_sel)
 100a280  100a280        4     1                 g_bsp_cfg_option_setting_ofs1_sel
 100a284  100a284        0     1         __option_setting_ofs1_sel_reg$$Limit = .
 100a284  100a284        0     1 .option_setting_ofs1_sel.endof
 100a284  100a284        0     1         __ddsc_OPTION_SETTING_OFS1_SEL_END = .
 100a290  100a290        0     1 .option_setting_banksel_sel.startof
 100a290  100a290        0     1         __ddsc_OPTION_SETTING_BANKSEL_SEL_START = .
 100a290  100a290        0     1 __option_setting_banksel_sel_reg$$
 100a290  100a290        0     1         __option_setting_banksel_sel_reg$$Base = .
 100a290  100a290        0     1         __option_setting_banksel_sel_reg$$Limit = .
 100a290  100a290        0     1 .option_setting_banksel_sel.endof
 100a290  100a290        0     1         __ddsc_OPTION_SETTING_BANKSEL_SEL_END = .
 100a2c0  100a2c0        0     1 .option_setting_bps_sel.startof
 100a2c0  100a2c0        0     1         __ddsc_OPTION_SETTING_BPS_SEL_START = .
 100a2c0  100a2c0        0     1 __option_setting_bps_sel_reg$$
 100a2c0  100a2c0        0     1         __option_setting_bps_sel_reg$$Base = .
 100a2c0  100a2c0        0     1         __option_setting_bps_sel_reg$$Limit = .
 100a2c0  100a2c0        0     1 .option_setting_bps_sel.endof
 100a2c0  100a2c0        0     1         __ddsc_OPTION_SETTING_BPS_SEL_END = .
 100a2c0  100a2c0        0     1 PROVIDE( __tls_base = ADDR (__ram_tdata$$))
 100a2c0  100a2c0        0     1 PROVIDE( __tdata_source = LOADADDR (__ram_tdata$$))
 100a2c0  100a2c0        0     1 PROVIDE( __tdata_size = SIZEOF (__ram_tdata$$))
 100a2c0  100a2c0        0     1 PROVIDE( __tbss_offset = ADDR (__ram_tbss$$) - ADDR (__ram_tdata$$))
 100a2c0  100a2c0        0     1 PROVIDE( __tbss_size = SIZEOF (__ram_tbss$$))
 100a2c0  100a2c0        0     1 PROVIDE( __arm32_tls_tcb_offset = 8)
       0        0       3e     1 .ARM.attributes
       0        0       3e     1         C:\Renesas\RA\e2studio_v2025-12_fsp_v6.3.0\toolchains\llvm_arm\ATfE-21.1.1-Windows-x86_64\bin\..\lib\clang-runtimes/arm-none-eabi/armv8m.main_hard_fp_exn_rtti_unaligned_size\lib\crt0.o:(.ARM.attributes)
       0        0     403d     1 .debug_loclists
       0        0      224     1         ./src/ads1115.o:(.debug_loclists)
     224      224      80c     1         ./src/hal_entry.o:(.debug_loclists)
     a30      a30       1e     1         ./src/hal_warmstart.o:(.debug_loclists)
     a4e      a4e      203     1         ./src/i2c_master.o:(.debug_loclists)
     c51      c51      2c0     1         ./src/lcd_port.o:(.debug_loclists)
     f11      f11       71     1         ./src/mq_acquire.o:(.debug_loclists)
     f82      f82       d5     1         ./src/mq_judge.o:(.debug_loclists)
    1057     1057      113     1         ./src/mq_metrics.o:(.debug_loclists)
    116a     116a      406     1         ./src/sensirion_common.o:(.debug_loclists)
    1570     1570      108     1         ./src/sensirion_i2c_ra6m5.o:(.debug_loclists)
    1678     1678      54c     1         ./src/sensirion_voc_algorithm.o:(.debug_loclists)
    1bc4     1bc4      132     1         ./src/sgp40.o:(.debug_loclists)
    1cf6     1cf6      102     1         ./src/sgp40_voc_simple.o:(.debug_loclists)
    1df8     1df8      112     1         ./src/sht40.o:(.debug_loclists)
    1f0a     1f0a      364     1         ./src/st7789.o:(.debug_loclists)
    226e     226e      698     1         ./ra/fsp/src/r_spi/r_spi.o:(.debug_loclists)
    2906     2906      73e     1         ./ra/fsp/src/r_sci_uart/r_sci_uart.o:(.debug_loclists)
    3044     3044      4d6     1         ./ra/fsp/src/r_ioport/r_ioport.o:(.debug_loclists)
    351a     351a      69d     1         ./ra/fsp/src/r_iic_master/r_iic_master.o:(.debug_loclists)
    3bb7     3bb7      21c     1         ./ra/fsp/src/bsp/mcu/all/bsp_clocks.o:(.debug_loclists)
    3dd3     3dd3       1d     1         ./ra/fsp/src/bsp/mcu/all/bsp_common.o:(.debug_loclists)
    3df0     3df0      10e     1         ./ra/fsp/src/bsp/mcu/all/bsp_delay.o:(.debug_loclists)
    3efe     3efe       35     1         ./ra/fsp/src/bsp/mcu/all/bsp_group_irq.o:(.debug_loclists)
    3f33     3f33       48     1         ./ra/fsp/src/bsp/mcu/all/bsp_irq.o:(.debug_loclists)
    3f7b     3f7b       44     1         ./ra/fsp/src/bsp/mcu/all/bsp_register_protection.o:(.debug_loclists)
    3fbf     3fbf       1e     1         ./ra/fsp/src/bsp/mcu/all/bsp_sbrk.o:(.debug_loclists)
    3fdd     3fdd       60     1         ./ra/fsp/src/bsp/cmsis/Device/RENESAS/Source/system.o:(.debug_loclists)
       0        0     3e2e     1 .debug_abbrev
       0        0      28e     1         ./src/ads1115.o:(.debug_abbrev)
     28e      28e      23a     1         ./src/hal_entry.o:(.debug_abbrev)
     4c8      4c8      106     1         ./src/hal_warmstart.o:(.debug_abbrev)
     5ce      5ce      1df     1         ./src/i2c_master.o:(.debug_abbrev)
     7ad      7ad      2dd     1         ./src/lcd_port.o:(.debug_abbrev)
     a8a      a8a      16c     1         ./src/mq_acquire.o:(.debug_abbrev)
     bf6      bf6      185     1         ./src/mq_judge.o:(.debug_abbrev)
     d7b      d7b      174     1         ./src/mq_metrics.o:(.debug_abbrev)
     eef      eef      142     1         ./src/sensirion_common.o:(.debug_abbrev)
    1031     1031      13e     1         ./src/sensirion_i2c_ra6m5.o:(.debug_abbrev)
    116f     116f      214     1         ./src/sensirion_voc_algorithm.o:(.debug_abbrev)
    1383     1383      175     1         ./src/sgp40.o:(.debug_abbrev)
    14f8     14f8       f8     1         ./src/sgp40_voc_simple.o:(.debug_abbrev)
    15f0     15f0       66     1         ./src/sgp_git_version.o:(.debug_abbrev)
    1656     1656      1bf     1         ./src/sht40.o:(.debug_abbrev)
    1815     1815      2b0     1         ./src/st7789.o:(.debug_abbrev)
    1ac5     1ac5      10d     1         ./ra_gen/common_data.o:(.debug_abbrev)
    1bd2     1bd2      25e     1         ./ra_gen/hal_data.o:(.debug_abbrev)
    1e30     1e30       3c     1         ./ra_gen/main.o:(.debug_abbrev)
    1e6c     1e6c       e6     1         ./ra_gen/pin_data.o:(.debug_abbrev)
    1f52     1f52       a8     1         ./ra_gen/vector_data.o:(.debug_abbrev)
    1ffa     1ffa      420     1         ./ra/fsp/src/r_spi/r_spi.o:(.debug_abbrev)
    241a     241a      410     1         ./ra/fsp/src/r_sci_uart/r_sci_uart.o:(.debug_abbrev)
    282a     282a      339     1         ./ra/fsp/src/r_ioport/r_ioport.o:(.debug_abbrev)
    2b63     2b63      452     1         ./ra/fsp/src/r_iic_master/r_iic_master.o:(.debug_abbrev)
    2fb5     2fb5       a2     1         ./ra/fsp/src/bsp/mcu/ra6m5/bsp_linker.o:(.debug_abbrev)
    3057     3057      2fc     1         ./ra/fsp/src/bsp/mcu/all/bsp_clocks.o:(.debug_abbrev)
    3353     3353      149     1         ./ra/fsp/src/bsp/mcu/all/bsp_common.o:(.debug_abbrev)
    349c     349c       ad     1         ./ra/fsp/src/bsp/mcu/all/bsp_delay.o:(.debug_abbrev)
    3549     3549      1ff     1         ./ra/fsp/src/bsp/mcu/all/bsp_group_irq.o:(.debug_abbrev)
    3748     3748       44     1         ./ra/fsp/src/bsp/mcu/all/bsp_io.o:(.debug_abbrev)
    378c     378c      18c     1         ./ra/fsp/src/bsp/mcu/all/bsp_irq.o:(.debug_abbrev)
    3918     3918      209     1         ./ra/fsp/src/bsp/mcu/all/bsp_register_protection.o:(.debug_abbrev)
    3b21     3b21       67     1         ./ra/fsp/src/bsp/mcu/all/bsp_sbrk.o:(.debug_abbrev)
    3b88     3b88       a7     1         ./ra/fsp/src/bsp/cmsis/Device/RENESAS/Source/startup.o:(.debug_abbrev)
    3c2f     3c2f      1ff     1         ./ra/fsp/src/bsp/cmsis/Device/RENESAS/Source/system.o:(.debug_abbrev)
       0        0    32b4f     1 .debug_info
       0        0      978     1         ./src/ads1115.o:(.debug_info)
     978      978     129a     1         ./src/hal_entry.o:(.debug_info)
    1c12     1c12      9f5     1         ./src/hal_warmstart.o:(.debug_info)
    2607     2607      779     1         ./src/i2c_master.o:(.debug_info)
    2d80     2d80      fe2     1         ./src/lcd_port.o:(.debug_info)
    3d62     3d62      5f6     1         ./src/mq_acquire.o:(.debug_info)
    4358     4358      767     1         ./src/mq_judge.o:(.debug_info)
    4abf     4abf      867     1         ./src/mq_metrics.o:(.debug_info)
    5326     5326      541     1         ./src/sensirion_common.o:(.debug_info)
    5867     5867      60c     1         ./src/sensirion_i2c_ra6m5.o:(.debug_info)
    5e73     5e73      aa6     1         ./src/sensirion_voc_algorithm.o:(.debug_info)
    6919     6919      2d2     1         ./src/sgp40.o:(.debug_info)
    6beb     6beb      2df     1         ./src/sgp40_voc_simple.o:(.debug_info)
    6eca     6eca       52     1         ./src/sgp_git_version.o:(.debug_info)
    6f1c     6f1c      66f     1         ./src/sht40.o:(.debug_info)
    758b     758b      b86     1         ./src/st7789.o:(.debug_info)
    8111     8111      bee     1         ./ra_gen/common_data.o:(.debug_info)
    8cff     8cff     423d     1         ./ra_gen/hal_data.o:(.debug_info)
    cf3c     cf3c       37     1         ./ra_gen/main.o:(.debug_info)
    cf73     cf73      49b     1         ./ra_gen/pin_data.o:(.debug_info)
    d40e     d40e      523     1         ./ra_gen/vector_data.o:(.debug_info)
    d931     d931     61d2     1         ./ra/fsp/src/r_spi/r_spi.o:(.debug_info)
   13b03    13b03     7657     1         ./ra/fsp/src/r_sci_uart/r_sci_uart.o:(.debug_info)
   1b15a    1b15a     5e10     1         ./ra/fsp/src/r_ioport/r_ioport.o:(.debug_info)
   20f6a    20f6a     6135     1         ./ra/fsp/src/r_iic_master/r_iic_master.o:(.debug_info)
   2709f    2709f      1ea     1         ./ra/fsp/src/bsp/mcu/ra6m5/bsp_linker.o:(.debug_info)
   27289    27289     51d8     1         ./ra/fsp/src/bsp/mcu/all/bsp_clocks.o:(.debug_info)
   2c461    2c461      596     1         ./ra/fsp/src/bsp/mcu/all/bsp_common.o:(.debug_info)
   2c9f7    2c9f7      104     1         ./ra/fsp/src/bsp/mcu/all/bsp_delay.o:(.debug_info)
   2cafb    2cafb      db4     1         ./ra/fsp/src/bsp/mcu/all/bsp_group_irq.o:(.debug_info)
   2d8af    2d8af       43     1         ./ra/fsp/src/bsp/mcu/all/bsp_io.o:(.debug_info)
   2d8f2    2d8f2     17bf     1         ./ra/fsp/src/bsp/mcu/all/bsp_irq.o:(.debug_info)
   2f0b1    2f0b1     2ec8     1         ./ra/fsp/src/bsp/mcu/all/bsp_register_protection.o:(.debug_info)
   31f79    31f79       5f     1         ./ra/fsp/src/bsp/mcu/all/bsp_sbrk.o:(.debug_info)
   31fd8    31fd8       b1     1         ./ra/fsp/src/bsp/cmsis/Device/RENESAS/Source/startup.o:(.debug_info)
   32089    32089      ac6     1         ./ra/fsp/src/bsp/cmsis/Device/RENESAS/Source/system.o:(.debug_info)
       0        0      771     1 .debug_rnglists
       0        0       59     1         ./src/ads1115.o:(.debug_rnglists)
      59       59       a7     1         ./src/hal_entry.o:(.debug_rnglists)
     100      100       33     1         ./src/i2c_master.o:(.debug_rnglists)
     133      133       94     1         ./src/lcd_port.o:(.debug_rnglists)
     1c7      1c7       1a     1         ./src/mq_acquire.o:(.debug_rnglists)
     1e1      1e1       1e     1         ./src/mq_judge.o:(.debug_rnglists)
     1ff      1ff       21     1         ./src/mq_metrics.o:(.debug_rnglists)
     220      220       39     1         ./src/sensirion_common.o:(.debug_rnglists)
     259      259       26     1         ./src/sensirion_i2c_ra6m5.o:(.debug_rnglists)
     27f      27f       89     1         ./src/sensirion_voc_algorithm.o:(.debug_rnglists)
     308      308       2f     1         ./src/sgp40.o:(.debug_rnglists)
     337      337       1d     1         ./src/sgp40_voc_simple.o:(.debug_rnglists)
     354      354       1b     1         ./src/sht40.o:(.debug_rnglists)
     36f      36f       62     1         ./src/st7789.o:(.debug_rnglists)
     3d1      3d1       6a     1         ./ra/fsp/src/r_spi/r_spi.o:(.debug_rnglists)
     43b      43b      113     1         ./ra/fsp/src/r_sci_uart/r_sci_uart.o:(.debug_rnglists)
     54e      54e       4e     1         ./ra/fsp/src/r_ioport/r_ioport.o:(.debug_rnglists)
     59c      59c       e7     1         ./ra/fsp/src/r_iic_master/r_iic_master.o:(.debug_rnglists)
     683      683       5c     1         ./ra/fsp/src/bsp/mcu/all/bsp_clocks.o:(.debug_rnglists)
     6df      6df       1a     1         ./ra/fsp/src/bsp/mcu/all/bsp_common.o:(.debug_rnglists)
     6f9      6f9       18     1         ./ra/fsp/src/bsp/mcu/all/bsp_delay.o:(.debug_rnglists)
     711      711       17     1         ./ra/fsp/src/bsp/mcu/all/bsp_group_irq.o:(.debug_rnglists)
     728      728       17     1         ./ra/fsp/src/bsp/mcu/all/bsp_register_protection.o:(.debug_rnglists)
     73f      73f       17     1         ./ra/fsp/src/bsp/cmsis/Device/RENESAS/Source/startup.o:(.debug_rnglists)
     756      756       1b     1         ./ra/fsp/src/bsp/cmsis/Device/RENESAS/Source/system.o:(.debug_rnglists)
       0        0    114a4     1 .debug_str_offsets
       0        0      56c     1         ./src/ads1115.o:(.debug_str_offsets)
     56c      56c      5b4     1         ./src/hal_entry.o:(.debug_str_offsets)
     b20      b20      81c     1         ./src/hal_warmstart.o:(.debug_str_offsets)
    133c     133c      4e4     1         ./src/i2c_master.o:(.debug_str_offsets)
    1820     1820      94c     1         ./src/lcd_port.o:(.debug_str_offsets)
    216c     216c      470     1         ./src/mq_acquire.o:(.debug_str_offsets)
    25dc     25dc      4f4     1         ./src/mq_judge.o:(.debug_str_offsets)
    2ad0     2ad0      4e0     1         ./src/mq_metrics.o:(.debug_str_offsets)
    2fb0     2fb0      104     1         ./src/sensirion_common.o:(.debug_str_offsets)
    30b4     30b4      488     1         ./src/sensirion_i2c_ra6m5.o:(.debug_str_offsets)
    353c     353c      25c     1         ./src/sensirion_voc_algorithm.o:(.debug_str_offsets)
    3798     3798       a8     1         ./src/sgp40.o:(.debug_str_offsets)
    3840     3840      124     1         ./src/sgp40_voc_simple.o:(.debug_str_offsets)
    3964     3964       20     1         ./src/sgp_git_version.o:(.debug_str_offsets)
    3984     3984      484     1         ./src/sht40.o:(.debug_str_offsets)
    3e08     3e08      530     1         ./src/st7789.o:(.debug_str_offsets)
    4338     4338      8bc     1         ./ra_gen/common_data.o:(.debug_str_offsets)
    4bf4     4bf4     1768     1         ./ra_gen/hal_data.o:(.debug_str_offsets)
    635c     635c       1c     1         ./ra_gen/main.o:(.debug_str_offsets)
    6378     6378      428     1         ./ra_gen/pin_data.o:(.debug_str_offsets)
    67a0     67a0      4f0     1         ./ra_gen/vector_data.o:(.debug_str_offsets)
    6c90     6c90     1a94     1         ./ra/fsp/src/r_spi/r_spi.o:(.debug_str_offsets)
    8724     8724     2188     1         ./ra/fsp/src/r_sci_uart/r_sci_uart.o:(.debug_str_offsets)
    a8ac     a8ac     1ad8     1         ./ra/fsp/src/r_ioport/r_ioport.o:(.debug_str_offsets)
    c384     c384     1990     1         ./ra/fsp/src/r_iic_master/r_iic_master.o:(.debug_str_offsets)
    dd14     dd14       a0     1         ./ra/fsp/src/bsp/mcu/ra6m5/bsp_linker.o:(.debug_str_offsets)
    ddb4     ddb4     12bc     1         ./ra/fsp/src/bsp/mcu/all/bsp_clocks.o:(.debug_str_offsets)
    f070     f070      464     1         ./ra/fsp/src/bsp/mcu/all/bsp_common.o:(.debug_str_offsets)
    f4d4     f4d4       74     1         ./ra/fsp/src/bsp/mcu/all/bsp_delay.o:(.debug_str_offsets)
    f548     f548      694     1         ./ra/fsp/src/bsp/mcu/all/bsp_group_irq.o:(.debug_str_offsets)
    fbdc     fbdc       24     1         ./ra/fsp/src/bsp/mcu/all/bsp_io.o:(.debug_str_offsets)
    fc00     fc00      94c     1         ./ra/fsp/src/bsp/mcu/all/bsp_irq.o:(.debug_str_offsets)
   1054c    1054c      bac     1         ./ra/fsp/src/bsp/mcu/all/bsp_register_protection.o:(.debug_str_offsets)
   110f8    110f8       2c     1         ./ra/fsp/src/bsp/mcu/all/bsp_sbrk.o:(.debug_str_offsets)
   11124    11124       3c     1         ./ra/fsp/src/bsp/cmsis/Device/RENESAS/Source/startup.o:(.debug_str_offsets)
   11160    11160      344     1         ./ra/fsp/src/bsp/cmsis/Device/RENESAS/Source/system.o:(.debug_str_offsets)
       0        0     f943     1 .debug_str
       0        0     f943     1         <internal>:(.debug_str)
       0        0      b74     1 .debug_addr
       0        0       6c     1         ./src/ads1115.o:(.debug_addr)
      6c       6c       d0     1         ./src/hal_entry.o:(.debug_addr)
     13c      13c       10     1         ./src/hal_warmstart.o:(.debug_addr)
     14c      14c       74     1         ./src/i2c_master.o:(.debug_addr)
     1c0      1c0       a0     1         ./src/lcd_port.o:(.debug_addr)
     260      260       1c     1         ./src/mq_acquire.o:(.debug_addr)
     27c      27c       2c     1         ./src/mq_judge.o:(.debug_addr)
     2a8      2a8       40     1         ./src/mq_metrics.o:(.debug_addr)
     2e8      2e8       4c     1         ./src/sensirion_common.o:(.debug_addr)
     334      334       2c     1         ./src/sensirion_i2c_ra6m5.o:(.debug_addr)
     360      360       98     1         ./src/sensirion_voc_algorithm.o:(.debug_addr)
     3f8      3f8       4c     1         ./src/sgp40.o:(.debug_addr)
     444      444       1c     1         ./src/sgp40_voc_simple.o:(.debug_addr)
     460      460       10     1         ./src/sgp_git_version.o:(.debug_addr)
     470      470       2c     1         ./src/sht40.o:(.debug_addr)
     49c      49c       8c     1         ./src/st7789.o:(.debug_addr)
     528      528       14     1         ./ra_gen/common_data.o:(.debug_addr)
     53c      53c       40     1         ./ra_gen/hal_data.o:(.debug_addr)
     57c      57c        c     1         ./ra_gen/main.o:(.debug_addr)
     588      588       10     1         ./ra_gen/pin_data.o:(.debug_addr)
     598      598       10     1         ./ra_gen/vector_data.o:(.debug_addr)
     5a8      5a8      130     1         ./ra/fsp/src/r_spi/r_spi.o:(.debug_addr)
     6d8      6d8      118     1         ./ra/fsp/src/r_sci_uart/r_sci_uart.o:(.debug_addr)
     7f0      7f0       94     1         ./ra/fsp/src/r_ioport/r_ioport.o:(.debug_addr)
     884      884      124     1         ./ra/fsp/src/r_iic_master/r_iic_master.o:(.debug_addr)
     9a8      9a8       24     1         ./ra/fsp/src/bsp/mcu/ra6m5/bsp_linker.o:(.debug_addr)
     9cc      9cc       94     1         ./ra/fsp/src/bsp/mcu/all/bsp_clocks.o:(.debug_addr)
     a60      a60       20     1         ./ra/fsp/src/bsp/mcu/all/bsp_common.o:(.debug_addr)
     a80      a80       20     1         ./ra/fsp/src/bsp/mcu/all/bsp_delay.o:(.debug_addr)
     aa0      aa0       1c     1         ./ra/fsp/src/bsp/mcu/all/bsp_group_irq.o:(.debug_addr)
     abc      abc        c     1         ./ra/fsp/src/bsp/mcu/all/bsp_io.o:(.debug_addr)
     ac8      ac8       24     1         ./ra/fsp/src/bsp/mcu/all/bsp_irq.o:(.debug_addr)
     aec      aec       30     1         ./ra/fsp/src/bsp/mcu/all/bsp_register_protection.o:(.debug_addr)
     b1c      b1c        c     1         ./ra/fsp/src/bsp/mcu/all/bsp_sbrk.o:(.debug_addr)
     b28      b28       1c     1         ./ra/fsp/src/bsp/cmsis/Device/RENESAS/Source/startup.o:(.debug_addr)
     b44      b44       30     1         ./ra/fsp/src/bsp/cmsis/Device/RENESAS/Source/system.o:(.debug_addr)
       0        0       29     1 .comment
       0        0       29     1         <internal>:(.comment)
       0        0     1590     4 .debug_frame
       0        0      148     4         ./src/ads1115.o:(.debug_frame)
     148      148       70     4         ./src/hal_entry.o:(.debug_frame)
     1b8      1b8       24     4         ./src/hal_warmstart.o:(.debug_frame)
     1dc      1dc      118     4         ./src/i2c_master.o:(.debug_frame)
     2f4      2f4      18c     4         ./src/lcd_port.o:(.debug_frame)
     480      480       54     4         ./src/mq_acquire.o:(.debug_frame)
     4d4      4d4       60     4         ./src/mq_judge.o:(.debug_frame)
     534      534       84     4         ./src/mq_metrics.o:(.debug_frame)
     5b8      5b8      178     4         ./src/sensirion_common.o:(.debug_frame)
     730      730       b8     4         ./src/sensirion_i2c_ra6m5.o:(.debug_frame)
     7e8      7e8      128     4         ./src/sensirion_voc_algorithm.o:(.debug_frame)
     910      910       fc     4         ./src/sgp40.o:(.debug_frame)
     a0c      a0c       6c     4         ./src/sgp40_voc_simple.o:(.debug_frame)
     a78      a78       60     4         ./src/sht40.o:(.debug_frame)
     ad8      ad8      11c     4         ./src/st7789.o:(.debug_frame)
     bf4      bf4       24     4         ./ra_gen/common_data.o:(.debug_frame)
     c18      c18       24     4         ./ra_gen/hal_data.o:(.debug_frame)
     c3c      c3c       2c     4         ./ra_gen/main.o:(.debug_frame)
     c68      c68      190     4         ./ra/fsp/src/r_spi/r_spi.o:(.debug_frame)
     df8      df8      190     4         ./ra/fsp/src/r_sci_uart/r_sci_uart.o:(.debug_frame)
     f88      f88      158     4         ./ra/fsp/src/r_ioport/r_ioport.o:(.debug_frame)
    10e0     10e0      178     4         ./ra/fsp/src/r_iic_master/r_iic_master.o:(.debug_frame)
    1258     1258      104     4         ./ra/fsp/src/bsp/mcu/all/bsp_clocks.o:(.debug_frame)
    135c     135c       44     4         ./ra/fsp/src/bsp/mcu/all/bsp_common.o:(.debug_frame)
    13a0     13a0       34     4         ./ra/fsp/src/bsp/mcu/all/bsp_delay.o:(.debug_frame)
    13d4     13d4       44     4         ./ra/fsp/src/bsp/mcu/all/bsp_group_irq.o:(.debug_frame)
    1418     1418       34     4         ./ra/fsp/src/bsp/mcu/all/bsp_irq.o:(.debug_frame)
    144c     144c       3c     4         ./ra/fsp/src/bsp/mcu/all/bsp_register_protection.o:(.debug_frame)
    1488     1488       2c     4         ./ra/fsp/src/bsp/mcu/all/bsp_sbrk.o:(.debug_frame)
    14b4     14b4       34     4         ./ra/fsp/src/bsp/cmsis/Device/RENESAS/Source/startup.o:(.debug_frame)
    14e8     14e8       60     4         ./ra/fsp/src/bsp/cmsis/Device/RENESAS/Source/system.o:(.debug_frame)
    1548     1548       24     4         C:\Renesas\RA\e2studio_v2025-12_fsp_v6.3.0\toolchains\llvm_arm\ATfE-21.1.1-Windows-x86_64\bin\..\lib\clang-runtimes/arm-none-eabi/armv8m.main_hard_fp_exn_rtti_unaligned_size\lib\libc.a(strlen.S.o):(.debug_frame)
    156c     156c       24     4         C:\Renesas\RA\e2studio_v2025-12_fsp_v6.3.0\toolchains\llvm_arm\ATfE-21.1.1-Windows-x86_64\bin\..\lib\clang-runtimes/arm-none-eabi/armv8m.main_hard_fp_exn_rtti_unaligned_size\lib\libc.a(libc_picolib_machine_arm_read_tp.S.o):(.debug_frame)
       0        0     7066     1 .debug_line
       0        0      421     1         ./src/ads1115.o:(.debug_line)
     421      421      5dd     1         ./src/hal_entry.o:(.debug_line)
     9fe      9fe      119     1         ./src/hal_warmstart.o:(.debug_line)
     b17      b17      435     1         ./src/i2c_master.o:(.debug_line)
     f4c      f4c      491     1         ./src/lcd_port.o:(.debug_line)
    13dd     13dd      186     1         ./src/mq_acquire.o:(.debug_line)
    1563     1563      22f     1         ./src/mq_judge.o:(.debug_line)
    1792     1792      2f0     1         ./src/mq_metrics.o:(.debug_line)
    1a82     1a82      3a1     1         ./src/sensirion_common.o:(.debug_line)
    1e23     1e23      27b     1         ./src/sensirion_i2c_ra6m5.o:(.debug_line)
    209e     209e      6f2     1         ./src/sensirion_voc_algorithm.o:(.debug_line)
    2790     2790      23d     1         ./src/sgp40.o:(.debug_line)
    29cd     29cd      1bf     1         ./src/sgp40_voc_simple.o:(.debug_line)
    2b8c     2b8c       5c     1         ./src/sgp_git_version.o:(.debug_line)
    2be8     2be8      23d     1         ./src/sht40.o:(.debug_line)
    2e25     2e25      4d9     1         ./src/st7789.o:(.debug_line)
    32fe     32fe       f8     1         ./ra_gen/common_data.o:(.debug_line)
    33f6     33f6      1a3     1         ./ra_gen/hal_data.o:(.debug_line)
    3599     3599       71     1         ./ra_gen/main.o:(.debug_line)
    360a     360a       bc     1         ./ra_gen/pin_data.o:(.debug_line)
    36c6     36c6       9f     1         ./ra_gen/vector_data.o:(.debug_line)
    3765     3765      d30     1         ./ra/fsp/src/r_spi/r_spi.o:(.debug_line)
    4495     4495      ad9     1         ./ra/fsp/src/r_sci_uart/r_sci_uart.o:(.debug_line)
    4f6e     4f6e      5b0     1         ./ra/fsp/src/r_ioport/r_ioport.o:(.debug_line)
    551e     551e      be6     1         ./ra/fsp/src/r_iic_master/r_iic_master.o:(.debug_line)
    6104     6104       a7     1         ./ra/fsp/src/bsp/mcu/ra6m5/bsp_linker.o:(.debug_line)
    61ab     61ab      58b     1         ./ra/fsp/src/bsp/mcu/all/bsp_clocks.o:(.debug_line)
    6736     6736      10e     1         ./ra/fsp/src/bsp/mcu/all/bsp_common.o:(.debug_line)
    6844     6844      14c     1         ./ra/fsp/src/bsp/mcu/all/bsp_delay.o:(.debug_line)
    6990     6990      135     1         ./ra/fsp/src/bsp/mcu/all/bsp_group_irq.o:(.debug_line)
    6ac5     6ac5       8e     1         ./ra/fsp/src/bsp/mcu/all/bsp_io.o:(.debug_line)
    6b53     6b53       fc     1         ./ra/fsp/src/bsp/mcu/all/bsp_irq.o:(.debug_line)
    6c4f     6c4f      116     1         ./ra/fsp/src/bsp/mcu/all/bsp_register_protection.o:(.debug_line)
    6d65     6d65       b3     1         ./ra/fsp/src/bsp/mcu/all/bsp_sbrk.o:(.debug_line)
    6e18     6e18       bf     1         ./ra/fsp/src/bsp/cmsis/Device/RENESAS/Source/startup.o:(.debug_line)
    6ed7     6ed7      18f     1         ./ra/fsp/src/bsp/cmsis/Device/RENESAS/Source/system.o:(.debug_line)
       0        0      e12     1 .debug_line_str
       0        0      e12     1         <internal>:(.debug_line_str)
       0        0     2020     4 .symtab
       0        0     2020     4         <internal>:(.symtab)
       0        0      925     1 .shstrtab
       0        0      925     1         <internal>:(.shstrtab)
       0        0     23f7     1 .strtab
       0        0     23f7     1         <internal>:(.strtab)

Cross Reference Table

Symbol                                            File
memcpy                                            C:\Renesas\RA\e2studio_v2025-12_fsp_v6.3.0\toolchains\llvm_arm\ATfE-21.1.1-Windows-x86_64\bin\..\lib\clang-runtimes/arm-none-eabi/armv8m.main_hard_fp_exn_rtti_unaligned_size\lib\libc.a(memcpy.c.o)
                                                  C:\Renesas\RA\e2studio_v2025-12_fsp_v6.3.0\toolchains\llvm_arm\ATfE-21.1.1-Windows-x86_64\bin\..\lib\clang-runtimes/arm-none-eabi/armv8m.main_hard_fp_exn_rtti_unaligned_size\lib\crt0.o
memset                                            C:\Renesas\RA\e2studio_v2025-12_fsp_v6.3.0\toolchains\llvm_arm\ATfE-21.1.1-Windows-x86_64\bin\..\lib\clang-runtimes/arm-none-eabi/armv8m.main_hard_fp_exn_rtti_unaligned_size\lib\libc.a(memset.c.o)
                                                  C:\Renesas\RA\e2studio_v2025-12_fsp_v6.3.0\toolchains\llvm_arm\ATfE-21.1.1-Windows-x86_64\bin\..\lib\clang-runtimes/arm-none-eabi/armv8m.main_hard_fp_exn_rtti_unaligned_size\lib\crt0.o
                                                  C:\Renesas\RA\e2studio_v2025-12_fsp_v6.3.0\toolchains\llvm_arm\ATfE-21.1.1-Windows-x86_64\bin\..\lib\clang-runtimes/arm-none-eabi/armv8m.main_hard_fp_exn_rtti_unaligned_size\lib\libc.a(bzero.c.o)
_set_tls                                          C:\Renesas\RA\e2studio_v2025-12_fsp_v6.3.0\toolchains\llvm_arm\ATfE-21.1.1-Windows-x86_64\bin\..\lib\clang-runtimes/arm-none-eabi/armv8m.main_hard_fp_exn_rtti_unaligned_size\lib\libc.a(libc_picolib_machine_arm_set_tls.c.o)
                                                  C:\Renesas\RA\e2studio_v2025-12_fsp_v6.3.0\toolchains\llvm_arm\ATfE-21.1.1-Windows-x86_64\bin\..\lib\clang-runtimes/arm-none-eabi/armv8m.main_hard_fp_exn_rtti_unaligned_size\lib\crt0.o
                                                  ./ra/fsp/src/bsp/cmsis/Device/RENESAS/Source/system.o
main                                              ./ra_gen/main.o
                                                  C:\Renesas\RA\e2studio_v2025-12_fsp_v6.3.0\toolchains\llvm_arm\ATfE-21.1.1-Windows-x86_64\bin\..\lib\clang-runtimes/arm-none-eabi/armv8m.main_hard_fp_exn_rtti_unaligned_size\lib\crt0.o
                                                  ./ra/fsp/src/bsp/cmsis/Device/RENESAS/Source/startup.o
__tls_base                                        fsp_gen.lld:690
                                                  C:\Renesas\RA\e2studio_v2025-12_fsp_v6.3.0\toolchains\llvm_arm\ATfE-21.1.1-Windows-x86_64\bin\..\lib\clang-runtimes/arm-none-eabi/armv8m.main_hard_fp_exn_rtti_unaligned_size\lib\crt0.o
                                                  ./ra/fsp/src/bsp/cmsis/Device/RENESAS/Source/system.o
I2CMaster_Open                                    ./src/i2c_master.o
                                                  ./src/ads1115.o
                                                  ./src/sensirion_i2c_ra6m5.o
I2CMaster_SlaveAddrSet                            ./src/i2c_master.o
                                                  ./src/ads1115.o
                                                  ./src/sensirion_i2c_ra6m5.o
                                                  ./src/sht40.o
I2CMaster_Write                                   ./src/i2c_master.o
                                                  ./src/ads1115.o
                                                  ./src/sensirion_i2c_ra6m5.o
                                                  ./src/sht40.o
R_BSP_SoftwareDelay                               ./ra/fsp/src/bsp/mcu/all/bsp_delay.o
                                                  ./src/ads1115.o
                                                  ./src/hal_entry.o
                                                  ./src/i2c_master.o
                                                  ./src/lcd_port.o
                                                  ./src/sensirion_i2c_ra6m5.o
                                                  ./src/sht40.o
                                                  ./src/st7789.o
[...]
sci_uart_rxi_isr                                  ./ra/fsp/src/r_sci_uart/r_sci_uart.o
                                                  ./ra_gen/vector_data.o
sci_uart_txi_isr                                  ./ra/fsp/src/r_sci_uart/r_sci_uart.o
                                                  ./ra_gen/vector_data.o
sci_uart_tei_isr                                  ./ra/fsp/src/r_sci_uart/r_sci_uart.o
                                                  ./ra_gen/vector_data.o
sci_uart_eri_isr                                  ./ra/fsp/src/r_sci_uart/r_sci_uart.o
                                                  ./ra_gen/vector_data.o
spi_rxi_isr                                       ./ra/fsp/src/r_spi/r_spi.o
                                                  ./ra_gen/vector_data.o
spi_txi_isr                                       ./ra/fsp/src/r_spi/r_spi.o
                                                  ./ra_gen/vector_data.o
spi_tei_isr                                       ./ra/fsp/src/r_spi/r_spi.o
                                                  ./ra_gen/vector_data.o
spi_eri_isr                                       ./ra/fsp/src/r_spi/r_spi.o
                                                  ./ra_gen/vector_data.o
g_interrupt_event_link_select                     ./ra_gen/vector_data.o
                                                  ./ra/fsp/src/bsp/mcu/all/bsp_irq.o
gp_renesas_isr_context                            ./ra/fsp/src/bsp/mcu/all/bsp_irq.o
                                                  ./ra/fsp/src/r_spi/r_spi.o
                                                  ./ra/fsp/src/r_sci_uart/r_sci_uart.o
                                                  ./ra/fsp/src/r_iic_master/r_iic_master.o
SystemCoreClock                                   ./ra/fsp/src/bsp/cmsis/Device/RENESAS/Source/system.o
                                                  ./ra/fsp/src/r_spi/r_spi.o
                                                  ./ra/fsp/src/r_sci_uart/r_sci_uart.o
                                                  ./ra/fsp/src/bsp/mcu/all/bsp_clocks.o
                                                  ./ra/fsp/src/bsp/mcu/all/bsp_delay.o
R_SCI_UART_Open                                   ./ra/fsp/src/r_sci_uart/r_sci_uart.o
R_SCI_UART_Read                                   ./ra/fsp/src/r_sci_uart/r_sci_uart.o
R_SCI_UART_Write                                  ./ra/fsp/src/r_sci_uart/r_sci_uart.o
R_SCI_UART_BaudSet                                ./ra/fsp/src/r_sci_uart/r_sci_uart.o
R_SCI_UART_InfoGet                                ./ra/fsp/src/r_sci_uart/r_sci_uart.o
R_SCI_UART_Abort                                  ./ra/fsp/src/r_sci_uart/r_sci_uart.o
R_SCI_UART_CallbackSet                            ./ra/fsp/src/r_sci_uart/r_sci_uart.o
R_SCI_UART_Close                                  ./ra/fsp/src/r_sci_uart/r_sci_uart.o
R_SCI_UART_ReadStop                               ./ra/fsp/src/r_sci_uart/r_sci_uart.o
R_SCI_UART_ReceiveSuspend                         ./ra/fsp/src/r_sci_uart/r_sci_uart.o
R_SCI_UART_ReceiveResume                          ./ra/fsp/src/r_sci_uart/r_sci_uart.o
__aeabi_memcpy                                    C:\Renesas\RA\e2studio_v2025-12_fsp_v6.3.0\toolchains\llvm_arm\ATfE-21.1.1-Windows-x86_64\bin\..\lib\clang-runtimes/arm-none-eabi/armv8m.main_hard_fp_exn_rtti_unaligned_size\lib\libc.a(memcpy.c.o)
                                                  ./ra/fsp/src/r_sci_uart/r_sci_uart.o
                                                  C:\Renesas\RA\e2studio_v2025-12_fsp_v6.3.0\toolchains\llvm_arm\ATfE-21.1.1-Windows-x86_64\bin\..\lib\clang-runtimes/arm-none-eabi/armv8m.main_hard_fp_exn_rtti_unaligned_size\lib\libc.a(libc_picolib_inittls.c.o)
g_protect_pfswe_counter                           ./ra/fsp/src/bsp/mcu/all/bsp_io.o
                                                  ./ra/fsp/src/r_ioport/r_ioport.o
R_BSP_RegisterProtectDisable                      ./ra/fsp/src/bsp/mcu/all/bsp_register_protection.o
                                                  ./ra/fsp/src/r_ioport/r_ioport.o
                                                  ./ra/fsp/src/bsp/mcu/all/bsp_clocks.o
                                                  ./ra/fsp/src/bsp/mcu/all/bsp_irq.o
                                                  ./ra/fsp/src/bsp/cmsis/Device/RENESAS/Source/system.o
R_BSP_RegisterProtectEnable                       ./ra/fsp/src/bsp/mcu/all/bsp_register_protection.o
                                                  ./ra/fsp/src/r_ioport/r_ioport.o
                                                  ./ra/fsp/src/bsp/mcu/all/bsp_clocks.o
                                                  ./ra/fsp/src/bsp/mcu/all/bsp_irq.o
                                                  ./ra/fsp/src/bsp/cmsis/Device/RENESAS/Source/system.o
R_IIC_MASTER_Open                                 ./ra/fsp/src/r_iic_master/r_iic_master.o
R_IIC_MASTER_Read                                 ./ra/fsp/src/r_iic_master/r_iic_master.o
R_IIC_MASTER_Write                                ./ra/fsp/src/r_iic_master/r_iic_master.o
R_IIC_MASTER_Abort                                ./ra/fsp/src/r_iic_master/r_iic_master.o
R_IIC_MASTER_SlaveAddressSet                      ./ra/fsp/src/r_iic_master/r_iic_master.o
R_IIC_MASTER_CallbackSet                          ./ra/fsp/src/r_iic_master/r_iic_master.o
R_IIC_MASTER_StatusGet                            ./ra/fsp/src/r_iic_master/r_iic_master.o
R_IIC_MASTER_Close                                ./ra/fsp/src/r_iic_master/r_iic_master.o
__ospi0_cs0_noinit_nocache$$Base                  fsp_gen.lld:236
                                                  ./ra/fsp/src/bsp/mcu/ra6m5/bsp_linker.o
__ospi0_cs0_zero_nocache$$Limit                   fsp_gen.lld:248
                                                  ./ra/fsp/src/bsp/mcu/ra6m5/bsp_linker.o
__ram_noinit_nocache$$Base                        fsp_gen.lld:288
                                                  ./ra/fsp/src/bsp/mcu/ra6m5/bsp_linker.o
__ram_zero_nocache$$Limit                         fsp_gen.lld:300
                                                  ./ra/fsp/src/bsp/mcu/ra6m5/bsp_linker.o
g_init_info                                       ./ra/fsp/src/bsp/mcu/ra6m5/bsp_linker.o
                                                  ./ra/fsp/src/bsp/cmsis/Device/RENESAS/Source/system.o
__ospi0_cs0_zero_nocache$$Base                    fsp_gen.lld:244
                                                  ./ra/fsp/src/bsp/mcu/ra6m5/bsp_linker.o
__ospi0_cs0_zero$$Base                            fsp_gen.lld:261
                                                  ./ra/fsp/src/bsp/mcu/ra6m5/bsp_linker.o
__ospi0_cs0_zero$$Limit                           fsp_gen.lld:264
                                                  ./ra/fsp/src/bsp/mcu/ra6m5/bsp_linker.o
__ram_zero_nocache$$Base                          fsp_gen.lld:296
                                                  ./ra/fsp/src/bsp/mcu/ra6m5/bsp_linker.o
__ram_zero$$Base                                  fsp_gen.lld:316
                                                  ./ra/fsp/src/bsp/mcu/ra6m5/bsp_linker.o
__ram_zero$$Limit                                 fsp_gen.lld:320
                                                  ./ra/fsp/src/bsp/mcu/ra6m5/bsp_linker.o
__ram_tbss$$Base                                  fsp_gen.lld:334
                                                  ./ra/fsp/src/bsp/mcu/ra6m5/bsp_linker.o
__ram_tbss$$Limit                                 fsp_gen.lld:339
                                                  ./ra/fsp/src/bsp/mcu/ra6m5/bsp_linker.o
__ospi0_cs0_from_qspi_flash$$Base                 fsp_gen.lld:44
                                                  ./ra/fsp/src/bsp/mcu/ra6m5/bsp_linker.o
__ospi0_cs0_from_qspi_flash$$Limit                fsp_gen.lld:49
                                                  ./ra/fsp/src/bsp/mcu/ra6m5/bsp_linker.o
__ospi0_cs0_from_qspi_flash$$Load                 fsp_gen.lld:44
                                                  ./ra/fsp/src/bsp/mcu/ra6m5/bsp_linker.o
__ospi0_cs0_from_ospi0_cs1$$Base                  fsp_gen.lld:107
                                                  ./ra/fsp/src/bsp/mcu/ra6m5/bsp_linker.o
__ospi0_cs0_from_ospi0_cs1$$Limit                 fsp_gen.lld:112
                                                  ./ra/fsp/src/bsp/mcu/ra6m5/bsp_linker.o
__ospi0_cs0_from_ospi0_cs1$$Load                  fsp_gen.lld:107
                                                  ./ra/fsp/src/bsp/mcu/ra6m5/bsp_linker.o
__ospi0_cs0_from_data_flash$$Base                 fsp_gen.lld:159
                                                  ./ra/fsp/src/bsp/mcu/ra6m5/bsp_linker.o
__ospi0_cs0_from_data_flash$$Limit                fsp_gen.lld:164
                                                  ./ra/fsp/src/bsp/mcu/ra6m5/bsp_linker.o
__ospi0_cs0_from_data_flash$$Load                 fsp_gen.lld:159
                                                  ./ra/fsp/src/bsp/mcu/ra6m5/bsp_linker.o
__ospi0_cs0_from_flash$$Base                      fsp_gen.lld:226
                                                  ./ra/fsp/src/bsp/mcu/ra6m5/bsp_linker.o
__ospi0_cs0_from_flash$$Limit                     fsp_gen.lld:231
                                                  ./ra/fsp/src/bsp/mcu/ra6m5/bsp_linker.o
__ospi0_cs0_from_flash$$Load                      fsp_gen.lld:226
                                                  ./ra/fsp/src/bsp/mcu/ra6m5/bsp_linker.o
__ram_from_qspi_flash$$Base                       fsp_gen.lld:67
                                                  ./ra/fsp/src/bsp/mcu/ra6m5/bsp_linker.o
__ram_from_qspi_flash$$Limit                      fsp_gen.lld:72
                                                  ./ra/fsp/src/bsp/mcu/ra6m5/bsp_linker.o
__ram_from_qspi_flash$$Load                       fsp_gen.lld:67
                                                  ./ra/fsp/src/bsp/mcu/ra6m5/bsp_linker.o
__ram_from_ospi0_cs1$$Base                        fsp_gen.lld:119
                                                  ./ra/fsp/src/bsp/mcu/ra6m5/bsp_linker.o
__ram_from_ospi0_cs1$$Limit                       fsp_gen.lld:124
                                                  ./ra/fsp/src/bsp/mcu/ra6m5/bsp_linker.o
__ram_from_ospi0_cs1$$Load                        fsp_gen.lld:119
                                                  ./ra/fsp/src/bsp/mcu/ra6m5/bsp_linker.o
__ram_from_data_flash$$Base                       fsp_gen.lld:171
                                                  ./ra/fsp/src/bsp/mcu/ra6m5/bsp_linker.o
__ram_from_data_flash$$Limit                      fsp_gen.lld:176
                                                  ./ra/fsp/src/bsp/mcu/ra6m5/bsp_linker.o
__ram_from_data_flash$$Load                       fsp_gen.lld:171
                                                  ./ra/fsp/src/bsp/mcu/ra6m5/bsp_linker.o
__ram_from_flash$$Base                            fsp_gen.lld:276
                                                  ./ra/fsp/src/bsp/mcu/ra6m5/bsp_linker.o
__ram_from_flash$$Limit                           fsp_gen.lld:283
                                                  ./ra/fsp/src/bsp/mcu/ra6m5/bsp_linker.o
__ram_from_flash$$Load                            fsp_gen.lld:276
                                                  ./ra/fsp/src/bsp/mcu/ra6m5/bsp_linker.o
__ram_tdata$$Base                                 fsp_gen.lld:325
                                                  ./ra/fsp/src/bsp/mcu/ra6m5/bsp_linker.o
__ram_tdata$$Limit                                fsp_gen.lld:329
                                                  ./ra/fsp/src/bsp/mcu/ra6m5/bsp_linker.o
__ram_tdata$$Load                                 fsp_gen.lld:325
                                                  ./ra/fsp/src/bsp/mcu/ra6m5/bsp_linker.o
SystemCoreClockUpdate                             ./ra/fsp/src/bsp/mcu/all/bsp_clocks.o
                                                  ./ra/fsp/src/bsp/cmsis/Device/RENESAS/Source/system.o
bsp_clock_init                                    ./ra/fsp/src/bsp/mcu/all/bsp_clocks.o
                                                  ./ra/fsp/src/bsp/cmsis/Device/RENESAS/Source/system.o
R_BSP_SubClockStabilizeWaitAfterReset             ./ra/fsp/src/bsp/mcu/all/bsp_clocks.o
R_BSP_Init_RTC                                    ./ra/fsp/src/bsp/mcu/all/bsp_clocks.o
                                                  ./ra/fsp/src/bsp/cmsis/Device/RENESAS/Source/system.o
bsp_init_internal                                 ./ra/fsp/src/bsp/mcu/all/bsp_common.o
bsp_init                                          ./ra/fsp/src/bsp/mcu/all/bsp_common.o
                                                  ./ra/fsp/src/bsp/cmsis/Device/RENESAS/Source/system.o
bsp_prv_software_delay_loop                       ./ra/fsp/src/bsp/mcu/all/bsp_delay.o
g_bsp_group_irq_sources                           ./ra/fsp/src/bsp/mcu/all/bsp_group_irq.o
NMI_Handler                                       ./ra/fsp/src/bsp/mcu/all/bsp_group_irq.o
                                                  ./ra/fsp/src/bsp/cmsis/Device/RENESAS/Source/startup.o
bsp_irq_cfg                                       ./ra/fsp/src/bsp/mcu/all/bsp_irq.o
                                                  ./ra/fsp/src/bsp/cmsis/Device/RENESAS/Source/system.o
g_protect_counters                                ./ra/fsp/src/bsp/mcu/all/bsp_register_protection.o
Reset_Handler                                     ./ra/fsp/src/bsp/cmsis/Device/RENESAS/Source/startup.o
SystemInit                                        ./ra/fsp/src/bsp/cmsis/Device/RENESAS/Source/system.o
                                                  ./ra/fsp/src/bsp/cmsis/Device/RENESAS/Source/startup.o
Default_Handler                                   ./ra/fsp/src/bsp/cmsis/Device/RENESAS/Source/startup.o
g_main_stack                                      ./ra/fsp/src/bsp/cmsis/Device/RENESAS/Source/startup.o
                                                  ./ra/fsp/src/bsp/cmsis/Device/RENESAS/Source/system.o
__Vectors                                         ./ra/fsp/src/bsp/cmsis/Device/RENESAS/Source/startup.o
                                                  ./ra/fsp/src/bsp/cmsis/Device/RENESAS/Source/system.o
HardFault_Handler                                 ./ra/fsp/src/bsp/cmsis/Device/RENESAS/Source/startup.o
MemManage_Handler                                 ./ra/fsp/src/bsp/cmsis/Device/RENESAS/Source/startup.o
BusFault_Handler                                  ./ra/fsp/src/bsp/cmsis/Device/RENESAS/Source/startup.o
UsageFault_Handler                                ./ra/fsp/src/bsp/cmsis/Device/RENESAS/Source/startup.o
SecureFault_Handler                               ./ra/fsp/src/bsp/cmsis/Device/RENESAS/Source/startup.o
SVC_Handler                                       ./ra/fsp/src/bsp/cmsis/Device/RENESAS/Source/startup.o
DebugMon_Handler                                  ./ra/fsp/src/bsp/cmsis/Device/RENESAS/Source/startup.o
PendSV_Handler                                    ./ra/fsp/src/bsp/cmsis/Device/RENESAS/Source/startup.o
SysTick_Handler                                   ./ra/fsp/src/bsp/cmsis/Device/RENESAS/Source/startup.o
_init_tls                                         C:\Renesas\RA\e2studio_v2025-12_fsp_v6.3.0\toolchains\llvm_arm\ATfE-21.1.1-Windows-x86_64\bin\..\lib\clang-runtimes/arm-none-eabi/armv8m.main_hard_fp_exn_rtti_unaligned_size\lib\libc.a(libc_picolib_inittls.c.o)
                                                  ./ra/fsp/src/bsp/cmsis/Device/RENESAS/Source/system.o
__init_array_start                                fsp_gen.lld:402
                                                  ./ra/fsp/src/bsp/cmsis/Device/RENESAS/Source/system.o
__init_array_end                                  fsp_gen.lld:405
                                                  ./ra/fsp/src/bsp/cmsis/Device/RENESAS/Source/system.o
__aeabi_memcpy4                                   C:\Renesas\RA\e2studio_v2025-12_fsp_v6.3.0\toolchains\llvm_arm\ATfE-21.1.1-Windows-x86_64\bin\..\lib\clang-runtimes/arm-none-eabi/armv8m.main_hard_fp_exn_rtti_unaligned_size\lib\libc.a(memcpy.c.o)
                                                  ./ra/fsp/src/bsp/cmsis/Device/RENESAS/Source/system.o
bzero                                             C:\Renesas\RA\e2studio_v2025-12_fsp_v6.3.0\toolchains\llvm_arm\ATfE-21.1.1-Windows-x86_64\bin\..\lib\clang-runtimes/arm-none-eabi/armv8m.main_hard_fp_exn_rtti_unaligned_size\lib\libc.a(bzero.c.o)
__aeabi_memclr8                                   C:\Renesas\RA\e2studio_v2025-12_fsp_v6.3.0\toolchains\llvm_arm\ATfE-21.1.1-Windows-x86_64\bin\..\lib\clang-runtimes/arm-none-eabi/armv8m.main_hard_fp_exn_rtti_unaligned_size\lib\libc.a(bzero.c.o)
__aeabi_memclr                                    C:\Renesas\RA\e2studio_v2025-12_fsp_v6.3.0\toolchains\llvm_arm\ATfE-21.1.1-Windows-x86_64\bin\..\lib\clang-runtimes/arm-none-eabi/armv8m.main_hard_fp_exn_rtti_unaligned_size\lib\libc.a(bzero.c.o)
                                                  C:\Renesas\RA\e2studio_v2025-12_fsp_v6.3.0\toolchains\llvm_arm\ATfE-21.1.1-Windows-x86_64\bin\..\lib\clang-runtimes/arm-none-eabi/armv8m.main_hard_fp_exn_rtti_unaligned_size\lib\libc.a(libc_picolib_inittls.c.o)
__aeabi_memcpy8                                   C:\Renesas\RA\e2studio_v2025-12_fsp_v6.3.0\toolchains\llvm_arm\ATfE-21.1.1-Windows-x86_64\bin\..\lib\clang-runtimes/arm-none-eabi/armv8m.main_hard_fp_exn_rtti_unaligned_size\lib\libc.a(memcpy.c.o)
__tdata_source                                    fsp_gen.lld:691
                                                  C:\Renesas\RA\e2studio_v2025-12_fsp_v6.3.0\toolchains\llvm_arm\ATfE-21.1.1-Windows-x86_64\bin\..\lib\clang-runtimes/arm-none-eabi/armv8m.main_hard_fp_exn_rtti_unaligned_size\lib\libc.a(libc_picolib_inittls.c.o)
__tdata_size                                      fsp_gen.lld:692
                                                  C:\Renesas\RA\e2studio_v2025-12_fsp_v6.3.0\toolchains\llvm_arm\ATfE-21.1.1-Windows-x86_64\bin\..\lib\clang-runtimes/arm-none-eabi/armv8m.main_hard_fp_exn_rtti_unaligned_size\lib\libc.a(libc_picolib_inittls.c.o)
__tbss_offset                                     fsp_gen.lld:693
                                                  C:\Renesas\RA\e2studio_v2025-12_fsp_v6.3.0\toolchains\llvm_arm\ATfE-21.1.1-Windows-x86_64\bin\..\lib\clang-runtimes/arm-none-eabi/armv8m.main_hard_fp_exn_rtti_unaligned_size\lib\libc.a(libc_picolib_inittls.c.o)
__tbss_size                                       fsp_gen.lld:694
                                                  C:\Renesas\RA\e2studio_v2025-12_fsp_v6.3.0\toolchains\llvm_arm\ATfE-21.1.1-Windows-x86_64\bin\..\lib\clang-runtimes/arm-none-eabi/armv8m.main_hard_fp_exn_rtti_unaligned_size\lib\libc.a(libc_picolib_inittls.c.o)
__arm32_tls_tcb_offset                            fsp_gen.lld:695
                                                  C:\Renesas\RA\e2studio_v2025-12_fsp_v6.3.0\toolchains\llvm_arm\ATfE-21.1.1-Windows-x86_64\bin\..\lib\clang-runtimes/arm-none-eabi/armv8m.main_hard_fp_exn_rtti_unaligned_size\lib\libc.a(libc_picolib_machine_arm_set_tls.c.o)
__tls                                             C:\Renesas\RA\e2studio_v2025-12_fsp_v6.3.0\toolchains\llvm_arm\ATfE-21.1.1-Windows-x86_64\bin\..\lib\clang-runtimes/arm-none-eabi/armv8m.main_hard_fp_exn_rtti_unaligned_size\lib\libc.a(libc_picolib_machine_arm_tls.c.o)
                                                  C:\Renesas\RA\e2studio_v2025-12_fsp_v6.3.0\toolchains\llvm_arm\ATfE-21.1.1-Windows-x86_64\bin\..\lib\clang-runtimes/arm-none-eabi/armv8m.main_hard_fp_exn_rtti_unaligned_size\lib\libc.a(libc_picolib_machine_arm_set_tls.c.o)
                                                  C:\Renesas\RA\e2studio_v2025-12_fsp_v6.3.0\toolchains\llvm_arm\ATfE-21.1.1-Windows-x86_64\bin\..\lib\clang-runtimes/arm-none-eabi/armv8m.main_hard_fp_exn_rtti_unaligned_size\lib\libc.a(libc_picolib_machine_arm_read_tp.S.o)
