     VMA      LMA     Size Align Out     In      Symbol
       0        0        0     1 RAM_START = 0x20000000
       0        0        0     1 RAM_LENGTH = 0x00080000
       0        0        0     1 FLASH_START = 0x00000000
       0        0        0     1 FLASH_LENGTH = 0x00100000
       0        0        0     1 DATA_FLASH_START = 0x08000000
       0        0        0     1 DATA_FLASH_LENGTH = 0x00002000
       0        0        0     1 QSPI_FLASH_START = 0x60000000
       0        0        0     1 QSPI_FLASH_LENGTH = 0x04000000
       0        0        0     1 OSPI0_CS0_START = 0x68000000
       0        0        0     1 OSPI0_CS0_LENGTH = 0x08000000
       0        0        0     1 OSPI0_CS1_START = 0x70000000
       0        0        0     1 OSPI0_CS1_LENGTH = 0x10000000
       0        0        0     1 OPTION_SETTING_OFS0_START = 0x0100a100
       0        0        0     1 OPTION_SETTING_OFS0_LENGTH = 0x00000004
       0        0        0     1 OPTION_SETTING_DUALSEL_START = 0x0100a110
       0        0        0     1 OPTION_SETTING_DUALSEL_LENGTH = 0x00000004
       0        0        0     1 OPTION_SETTING_OFS1_START = 0x0100a180
       0        0        0     1 OPTION_SETTING_OFS1_LENGTH = 0x00000004
       0        0        0     1 OPTION_SETTING_BANKSEL_START = 0x0100a190
       0        0        0     1 OPTION_SETTING_BANKSEL_LENGTH = 0x00000004
       0        0        0     1 OPTION_SETTING_BPS_START = 0x0100a1c0
       0        0        0     1 OPTION_SETTING_BPS_LENGTH = 0x00000010
       0        0        0     1 OPTION_SETTING_PBPS_START = 0x0100a1e0
       0        0        0     1 OPTION_SETTING_PBPS_LENGTH = 0x00000010
       0        0        0     1 OPTION_SETTING_OFS1_SEC_START = 0x0100a200
       0        0        0     1 OPTION_SETTING_OFS1_SEC_LENGTH = 0x00000004
       0        0        0     1 OPTION_SETTING_BANKSEL_SEC_START = 0x0100a210
       0        0        0     1 OPTION_SETTING_BANKSEL_SEC_LENGTH = 0x00000004
       0        0        0     1 OPTION_SETTING_BPS_SEC_START = 0x0100a240
       0        0        0     1 OPTION_SETTING_BPS_SEC_LENGTH = 0x00000010
       0        0        0     1 OPTION_SETTING_PBPS_SEC_START = 0x0100a260
       0        0        0     1 OPTION_SETTING_PBPS_SEC_LENGTH = 0x00000010
       0        0        0     1 OPTION_SETTING_OFS1_SEL_START = 0x0100a280
       0        0        0     1 OPTION_SETTING_OFS1_SEL_LENGTH = 0x00000004
       0        0        0     1 OPTION_SETTING_BANKSEL_SEL_START = 0x0100a290
       0        0        0     1 OPTION_SETTING_BANKSEL_SEL_LENGTH = 0x00000004
       0        0        0     1 OPTION_SETTING_BPS_SEL_START = 0x0100a2c0
       0        0        0     1 OPTION_SETTING_BPS_SEL_LENGTH = 0x00000010
60000000 60000000        0     1 .qspi_flash.startof
60000000 60000000        0     1         __ddsc_QSPI_FLASH_START = .
68000000 68000000        0     1 .ospi0_cs0.startof
68000000 68000000        0     1         __ddsc_OSPI0_CS0_START = .
68000000 68000000        0     1 __ospi0_cs0_from_qspi_flash$$
68000000 68000000        0     1         __ospi0_cs0_from_qspi_flash$$Base = .
68000000 68000000        0     1         __ospi0_cs0_from_qspi_flash$$Load = LOADADDR(__ospi0_cs0_from_qspi_flash$$)
68000000 68000000        0     1         __ospi0_cs0_from_qspi_flash$$Limit = .
20000000 20000000        0     1 .ram.startof
20000000 20000000        0     1         __ddsc_RAM_START = .
20000000 20000000        0     1 __ram_dtc_vector$$
20000000 20000000        0     1         __ram_dtc_vector$$Base = .
20000000 20000000        0     1         __ram_dtc_vector$$Limit = .
20000000 20000000        0     1 __ram_from_qspi_flash$$
20000000 20000000        0     1         __ram_from_qspi_flash$$Base = .
20000000 20000000        0     1         __ram_from_qspi_flash$$Load = LOADADDR(__ram_from_qspi_flash$$)
20000000 20000000        0     1         __ram_from_qspi_flash$$Limit = .
60000000 60000000        0     1 __qspi_flash_readonly$$
60000000 60000000        0     1         __qspi_flash_readonly$$Base = .
60000000 60000000        0     1         __qspi_flash_readonly$$Limit = .
60000000 60000000        0     1 __qspi_flash_noinit$$
60000000 60000000        0     1         __qspi_flash_noinit$$Base = .
60000000 60000000        0     1         __qspi_flash_noinit$$Limit = .
60000000 60000000        0     1 .qspi_flash.endof
60000000 60000000        0     1         __ddsc_QSPI_FLASH_END = .
70000000 70000000        0     1 .ospi0_cs1.startof
70000000 70000000        0     1         __ddsc_OSPI0_CS1_START = .
68000000 68000000        0     1 __ospi0_cs0_from_ospi0_cs1$$
68000000 68000000        0     1         __ospi0_cs0_from_ospi0_cs1$$Base = .
68000000 68000000        0     1         __ospi0_cs0_from_ospi0_cs1$$Load = LOADADDR(__ospi0_cs0_from_ospi0_cs1$$)
68000000 68000000        0     1         __ospi0_cs0_from_ospi0_cs1$$Limit = .
20000000 20000000        0     1 __ram_from_ospi0_cs1$$
20000000 20000000        0     1         __ram_from_ospi0_cs1$$Base = .
20000000 20000000        0     1         __ram_from_ospi0_cs1$$Load = LOADADDR(__ram_from_ospi0_cs1$$)
20000000 20000000        0     1         __ram_from_ospi0_cs1$$Limit = .
70000000 70000000        0     1 __ospi0_cs1_readonly$$
70000000 70000000        0     1         __ospi0_cs1_readonly$$Base = .
70000000 70000000        0     1         __ospi0_cs1_readonly$$Limit = .
70000000 70000000        0     1 __ospi0_cs1_noinit$$
70000000 70000000        0     1         __ospi0_cs1_noinit$$Base = .
70000000 70000000        0     1         __ospi0_cs1_noinit$$Limit = .
70000000 70000000        0     1 .ospi0_cs1.endof
70000000 70000000        0     1         __ddsc_OSPI0_CS1_END = .
 8000000  8000000        0     1 .data_flash.startof
 8000000  8000000        0     1         __ddsc_DATA_FLASH_START = .
68000000 68000000        0     1 __ospi0_cs0_from_data_flash$$
68000000 68000000        0     1         __ospi0_cs0_from_data_flash$$Base = .
68000000 68000000        0     1         __ospi0_cs0_from_data_flash$$Load = LOADADDR(__ospi0_cs0_from_data_flash$$)
68000000 68000000        0     1         __ospi0_cs0_from_data_flash$$Limit = .
20000000 20000000        0     1 __ram_from_data_flash$$
20000000 20000000        0     1         __ram_from_data_flash$$Base = .
20000000 20000000        0     1         __ram_from_data_flash$$Load = LOADADDR(__ram_from_data_flash$$)
20000000 20000000        0     1         __ram_from_data_flash$$Limit = .
 8000000  8000000        0     1 __data_flash_readonly$$
 8000000  8000000        0     1         __data_flash_readonly$$Base = .
 8000000  8000000        0     1         __data_flash_readonly$$Limit = .
 8000000  8000000        0     1 __data_flash_noinit$$
 8000000  8000000        0     1         __data_flash_noinit$$Base = .
 8000000  8000000        0     1         __data_flash_noinit$$Limit = .
 8000000  8000000        0     1 .data_flash.endof
 8000000  8000000        0     1         __ddsc_DATA_FLASH_END = .
       0        0        0     1 .flash.startof
       0        0        0     1         __ddsc_FLASH_START = .
       0        0       80     4 __flash_vectors$$
       0        0        0     1         __flash_vectors$$Base = .
       0        0        0     1         _VECTORS = .
       0        0       40     4         ./ra/fsp/src/bsp/cmsis/Device/RENESAS/Source/startup.o:(.fixed_vectors)
       0        0       40     1                 __Vectors
      40       40       40     4         ./ra_gen/vector_data.o:(.application_vectors)
      40       40       40     1                 g_vector_table
      80       80        0     1         __flash_vectors$$Limit = .
      80       80        0     1 __flash_noinit$$
      80       80        0     1         __flash_noinit$$Base = .
      80       80        0     1         __flash_noinit$$Limit = .
68000000 68000000        0     1 __ospi0_cs0_from_flash$$
68000000 68000000        0     1         __ospi0_cs0_from_flash$$Base = .
68000000 68000000        0     1         __ospi0_cs0_from_flash$$Load = LOADADDR(__ospi0_cs0_from_flash$$)
68000000 68000000        0     1         __ospi0_cs0_from_flash$$Limit = .
68000000 68000000        0     1 __ospi0_cs0_noinit_nocache$$
68000000 68000000        0     1         __ospi0_cs0_noinit_nocache$$Base = .
68000000 68000000        0     1         __ospi0_cs0_noinit_nocache$$Limit = .
68000000 68000000        0     1 __ospi0_cs0_zero_nocache$$
68000000 68000000        0     1         __ospi0_cs0_zero_nocache$$Base = .
68000000 68000000        0     1         . = ALIGN(32)
68000000 68000000        0     1         __ospi0_cs0_zero_nocache$$Limit = .
68000000 68000000        0     1 __ospi0_cs0_noinit$$
68000000 68000000        0     1         __ospi0_cs0_noinit$$Base = .
68000000 68000000        0     1         __ospi0_cs0_noinit$$Limit = .
68000000 68000000        0     1 __ospi0_cs0_zero$$
68000000 68000000        0     1         __ospi0_cs0_zero$$Base = .
68000000 68000000        0     1         __ospi0_cs0_zero$$Limit = .
68000000 68000000        0     1 .ospi0_cs0.endof
68000000 68000000        0     1         __ddsc_OSPI0_CS0_END = .
20000000       80        6     1 __ram_from_flash$$
20000000       80        0     1         __ram_from_flash$$Base = .
20000000       80        0     1         __ram_from_flash$$Load = LOADADDR(__ram_from_flash$$)
20000000       80        1     1         ./src/ads1115.o:(.data.g_ads1115_dr)
20000000       80        1     1                 g_ads1115_dr
20000001       81        1     1         ./src/ads1115.o:(.data.g_ads1115_slave_addr)
20000001       81        1     1                 g_ads1115_slave_addr
20000002       82        4     1         ./ra_gen/hal_data.o:(.data.g_uart7_baud_setting)
20000002       82        4     1                 g_uart7_baud_setting
20000006       86        0     1         __ram_from_flash$$Limit = .
20000020 20000020        0     1 __ram_noinit_nocache$$
20000020 20000020        0     1         __ram_noinit_nocache$$Base = .
20000020 20000020        0     1         __ram_noinit_nocache$$Limit = .
20000020 20000020        0     1 __ram_zero_nocache$$
20000020 20000020        0     1         __ram_zero_nocache$$Base = .
20000020 20000020        0     1         . = ALIGN(32)
20000020 20000020        0     1         __ram_zero_nocache$$Limit = .
20000020 20000020      41c     8 __ram_noinit$$
20000020 20000020        0     1         __ram_noinit$$Base = .
20000020 20000020      400     8         ./ra/fsp/src/bsp/cmsis/Device/RENESAS/Source/startup.o:(.bss.g_main_stack)
20000020 20000020      400     1                 g_main_stack
20000420 20000420       1c     4         ./ra/fsp/src/bsp/mcu/all/bsp_clocks.o:(.ram_noinit)
20000420 20000420       1c     1                 g_clock_freq
2000043c 2000043c        0     1         __ram_noinit$$Limit = .
2000043c 2000043c      12c     4 __ram_zero$$
2000043c 2000043c        0     1         __ram_zero$$Base = .
2000043c 2000043c        1     1         ./src/ads1115.o:(.bss.g_ads1115_opened)
2000043c 2000043c        1     1                 g_ads1115_opened
2000043e 2000043e        2     2         ./src/ads1115.o:(.bss.g_ads1115_pga)
2000043e 2000043e        2     1                 g_ads1115_pga
20000440 20000440        4     4         ./src/hal_entry.o:(.bss.g_uart7_tx_complete)
20000440 20000440        4     1                 g_uart7_tx_complete
20000444 20000444        1     1         ./src/i2c_master.o:(.bss.g_app_i2c_tx_cplt)
20000444 20000444        1     1                 g_app_i2c_tx_cplt
20000445 20000445        1     1         ./src/i2c_master.o:(.bss.g_app_i2c_rx_cplt)
20000445 20000445        1     1                 g_app_i2c_rx_cplt
20000446 20000446        1     1         ./src/i2c_master.o:(.bss.g_app_i2c_aborted)
20000446 20000446        1     1                 g_app_i2c_aborted
20000447 20000447        1     1         ./src/i2c_master.o:(.bss.g_app_i2c_last_event)
20000447 20000447        1     1                 g_app_i2c_last_event
20000448 20000448        4     4         ./src/i2c_master.o:(.bss.g_app_i2c_callback_count)
20000448 20000448        4     1                 g_app_i2c_callback_count
2000044c 2000044c        4     4         ./src/i2c_master.o:(.bss.g_app_i2c_timeout_count)
2000044c 2000044c        4     1                 g_app_i2c_timeout_count
20000450 20000450        4     4         ./src/i2c_master.o:(.bss.g_app_i2c_recover_count)
20000450 20000450        4     1                 g_app_i2c_recover_count
20000454 20000454        1     1         ./src/i2c_master.o:(.bss.g_app_i2c_opened)
20000454 20000454        1     1                 g_app_i2c_opened
20000458 20000458        8     4         ./ra_gen/common_data.o:(.bss.g_ioport_ctrl)
20000458 20000458        8     1                 g_ioport_ctrl
20000460 20000460       30     4         ./ra_gen/hal_data.o:(.bss.g_uart7_ctrl)
20000460 20000460       30     1                 g_uart7_ctrl
20000490 20000490       40     4         ./ra_gen/hal_data.o:(.bss.g_i2c_master0_ctrl)
20000490 20000490       40     1                 g_i2c_master0_ctrl
200004d0 200004d0       40     4         ./ra/fsp/src/bsp/mcu/all/bsp_group_irq.o:(.bss.g_bsp_group_irq_sources)
200004d0 200004d0       40     1                 g_bsp_group_irq_sources
20000510 20000510        4     4         ./ra/fsp/src/bsp/mcu/all/bsp_io.o:(.bss.g_protect_pfswe_counter)
20000510 20000510        4     1                 g_protect_pfswe_counter
20000514 20000514       40     4         ./ra/fsp/src/bsp/mcu/all/bsp_irq.o:(.bss.gp_renesas_isr_context)
20000514 20000514       40     1                 gp_renesas_isr_context
20000554 20000554        a     2         ./ra/fsp/src/bsp/mcu/all/bsp_register_protection.o:(.bss.g_protect_counters)
20000554 20000554        a     1                 g_protect_counters
20000560 20000560        4     4         ./ra/fsp/src/bsp/cmsis/Device/RENESAS/Source/system.o:(.bss.SystemCoreClock)
20000560 20000560        4     1                 SystemCoreClock
20000564 20000564        4     4         C:\Renesas\RA\e2studio_v2025-12_fsp_v6.3.0\toolchains\llvm_arm\ATfE-21.1.1-Windows-x86_64\bin\..\lib\clang-runtimes/arm-none-eabi/armv8m.main_hard_fp_exn_rtti_unaligned_size\lib\libc.a(libc_picolib_machine_arm_tls.c.o):(.bss.__tls)
20000564 20000564        4     1                 __tls
20000568 20000568        0     1         __ram_zero$$Limit = .
20000568 20000568        0     1 __ram_tdata$$
20000568 20000568        0     1         __ram_tdata$$Base = .
20000568 20000568        0     1         __ram_tdata$$Load = LOADADDR(__ram_tdata$$)
20000568 20000568        0     1         __ram_tdata$$Limit = .
20000568 20000568        0     1 __ram_tbss$$
20000568 20000568        0     1         __ram_tbss$$Base = .
20000568 20000568        0     1         __ram_tbss$$Limit = .
20000568 20000568        0     1 __ram_thread_stack$$
20000568 20000568        0     1         __ram_thread_stack$$Base = .
20000568 20000568        0     1         __ram_thread_stack$$Limit = .
20000800 20000800        0     1 .ram.endof
20000800 20000800        0     1         __ddsc_RAM_END = .
20000800 20000800        0     1 .ram.flat_nsc
20000800 20000800        0     1         __ddsc_RAM_NSC = .
      88       88     29a2     4 __flash_readonly$$
      88       88        0     1         __flash_readonly$$Base = .
      88       88       4c     2         ./src/ads1115.o:(.text.ADS1115_Open)
      88       88        0     1                 $t
      89       89       4c     1                 ADS1115_Open
      d4       d4       2e     2         ./src/ads1115.o:(.text.ADS1115_SetAddress)
      d4       d4        0     1                 $t
      d5       d5       2e     1                 ADS1115_SetAddress
     102      102       1a     2         ./src/ads1115.o:(.text.ADS1115_SetGain)
     102      102        0     1                 $t
     103      103       1a     1                 ADS1115_SetGain
     11c      11c       16     2         ./src/ads1115.o:(.text.ADS1115_SetDataRate)
     11c      11c        0     1                 $t
     11d      11d       16     1                 ADS1115_SetDataRate
     132      132       44     2         ./src/ads1115.o:(.text.ADS1115_WriteRegister)
     132      132        0     1                 $t
     133      133       44     1                 ADS1115_WriteRegister
     176      176       50     2         ./src/ads1115.o:(.text.ADS1115_ReadRegister)
     176      176        0     1                 $t
     177      177       50     1                 ADS1115_ReadRegister
     1c8      1c8       c0     4         ./src/ads1115.o:(.text.ADS1115_ReadSingleEnded)
     1c8      1c8        0     1                 $t
     1c9      1c9       c0     1                 ADS1115_ReadSingleEnded
     288      288       48     2         ./src/ads1115.o:(.text.ADS1115_RawToMilliVolts)
     288      288        0     1                 $t
     289      289       48     1                 ADS1115_RawToMilliVolts
     2d0      2d0       3a     2         ./src/ads1115.o:(.text.ADS1115_ReadAllChannels)
     2d0      2d0        0     1                 $t
     2d1      2d1       3a     1                 ADS1115_ReadAllChannels
     30a      30a       16     2         ./src/hal_entry.o:(.text.uart7_callback)
     30a      30a        0     1                 $t
     30b      30b       16     1                 uart7_callback
     320      320      244     4         ./src/hal_entry.o:(.text.hal_entry)
     320      320        0     1                 $t
     321      321      244     1                 hal_entry
     564      564       40     4         ./src/hal_entry.o:(.text.uart7_write_string)
     564      564        0     1                 $t
     565      565       40     1                 uart7_write_string
     5a4      5a4       86     4         ./src/hal_entry.o:(.text.uart7_buf_append_uint32)
     5a4      5a4        0     1                 $t
     5a5      5a5       86     1                 uart7_buf_append_uint32
     62a      62a       1a     2         ./src/hal_warmstart.o:(.text.R_BSP_WarmStart)
     62a      62a        0     1                 $t
     62b      62b       1a     1                 R_BSP_WarmStart
     644      644       d4     2         ./src/i2c_master.o:(.text.i2c2_callback)
     644      644        0     1                 $t
     645      645       d4     1                 i2c2_callback
     718      718       58     2         ./src/i2c_master.o:(.text.I2CMaster_Open)
     718      718        0     1                 $t
     719      719       58     1                 I2CMaster_Open
     770      770       62     2         ./src/i2c_master.o:(.text.I2CMaster_Recover)
     770      770        0     1                 $t
     771      771       62     1                 I2CMaster_Recover
     7d2      7d2       26     2         ./src/i2c_master.o:(.text.I2CMaster_SlaveAddrSet)
     7d2      7d2        0     1                 $t
     7d3      7d3       26     1                 I2CMaster_SlaveAddrSet
     7f8      7f8       56     4         ./src/i2c_master.o:(.text.I2CMaster_WaitTxComplete)
     7f8      7f8        0     1                 $t
     7f9      7f9       56     1                 I2CMaster_WaitTxComplete
     850      850       56     4         ./src/i2c_master.o:(.text.I2CMaster_WaitRxComplete)
     850      850        0     1                 $t
     851      851       56     1                 I2CMaster_WaitRxComplete
     8a6      8a6       74     2         ./src/i2c_master.o:(.text.I2CMaster_Write)
     8a6      8a6        0     1                 $t
     8a7      8a7       74     1                 I2CMaster_Write
     91a      91a       74     2         ./src/i2c_master.o:(.text.I2CMaster_Read)
     91a      91a        0     1                 $t
     91b      91b       74     1                 I2CMaster_Read
     98e      98e       42     2         ./src/i2c_master.o:(.text.I2CMaster_WriteRead)
     98e      98e        0     1                 $t
     98f      98f       42     1                 I2CMaster_WriteRead
     9d0      9d0       18     2         ./src/mq_acquire.o:(.text.MQAcquire_ClearFrame)
     9d0      9d0        0     1                 $t
     9d1      9d1       18     1                 MQAcquire_ClearFrame
     9e8      9e8       56     4         ./src/mq_acquire.o:(.text.MQAcquire_ReadFrame)
     9e8      9e8        0     1                 $t
     9e9      9e9       56     1                 MQAcquire_ReadFrame
     a3e      a3e        a     2         ./ra_gen/main.o:(.text.main)
     a3e      a3e        0     1                 $t
     a3f      a3f        a     1                 main
     a48      a48       92     2         ./ra/fsp/src/r_spi/r_spi.o:(.text.spi_rxi_isr)
     a48      a48        0     1                 $t
     a49      a49       92     1                 spi_rxi_isr
     ada      ada       70     2         ./ra/fsp/src/r_spi/r_spi.o:(.text.r_spi_transmit)
     ada      ada        0     1                 $t
     adb      adb       70     1                 r_spi_transmit
     b4a      b4a       a2     2         ./ra/fsp/src/r_spi/r_spi.o:(.text.spi_txi_isr)
     b4a      b4a        0     1                 $t
     b4b      b4b       a2     1                 spi_txi_isr
     bec      bec       d4     2         ./ra/fsp/src/r_spi/r_spi.o:(.text.spi_tei_isr)
     bec      bec        0     1                 $t
     bed      bed       d4     1                 spi_tei_isr
     cc0      cc0       3e     2         ./ra/fsp/src/r_spi/r_spi.o:(.text.r_spi_call_callback)
     cc0      cc0        0     1                 $t
     cc1      cc1       3e     1                 r_spi_call_callback
     cfe      cfe       da     2         ./ra/fsp/src/r_spi/r_spi.o:(.text.spi_eri_isr)
     cfe      cfe        0     1                 $t
     cff      cff       da     1                 spi_eri_isr
     dd8      dd8      344     2         ./ra/fsp/src/r_sci_uart/r_sci_uart.o:(.text.R_SCI_UART_Open)
     dd8      dd8        0     1                 $t
     dd9      dd9      344     1                 R_SCI_UART_Open
    111c     111c        a     2         ./ra/fsp/src/r_sci_uart/r_sci_uart.o:(.text.R_SCI_UART_Read)
    111c     111c        0     1                 $t
    111d     111d        a     1                 R_SCI_UART_Read
    1126     1126       4c     2         ./ra/fsp/src/r_sci_uart/r_sci_uart.o:(.text.R_SCI_UART_Write)
    1126     1126        0     1                 $t
    1127     1127       4c     1                 R_SCI_UART_Write
    1172     1172       68     2         ./ra/fsp/src/r_sci_uart/r_sci_uart.o:(.text.R_SCI_UART_BaudSet)
    1172     1172        0     1                 $t
    1173     1173       68     1                 R_SCI_UART_BaudSet
    11da     11da        c     2         ./ra/fsp/src/r_sci_uart/r_sci_uart.o:(.text.R_SCI_UART_InfoGet)
    11da     11da        0     1                 $t
    11db     11db        c     1                 R_SCI_UART_InfoGet
    11e6     11e6       22     2         ./ra/fsp/src/r_sci_uart/r_sci_uart.o:(.text.R_SCI_UART_Abort)
    11e6     11e6        0     1                 $t
    11e7     11e7       22     1                 R_SCI_UART_Abort
    1208     1208        e     2         ./ra/fsp/src/r_sci_uart/r_sci_uart.o:(.text.R_SCI_UART_CallbackSet)
    1208     1208        0     1                 $t
    1209     1209        e     1                 R_SCI_UART_CallbackSet
    1216     1216       ae     2         ./ra/fsp/src/r_sci_uart/r_sci_uart.o:(.text.R_SCI_UART_Close)
    1216     1216        0     1                 $t
    1217     1217       ae     1                 R_SCI_UART_Close
    12c4     12c4        e     2         ./ra/fsp/src/r_sci_uart/r_sci_uart.o:(.text.R_SCI_UART_ReadStop)
    12c4     12c4        0     1                 $t
    12c5     12c5        e     1                 R_SCI_UART_ReadStop
    12d2     12d2        4     2         ./ra/fsp/src/r_sci_uart/r_sci_uart.o:(.text.R_SCI_UART_ReceiveSuspend)
    12d2     12d2        0     1                 $t
    12d3     12d3        4     1                 R_SCI_UART_ReceiveSuspend
    12d6     12d6        4     2         ./ra/fsp/src/r_sci_uart/r_sci_uart.o:(.text.R_SCI_UART_ReceiveResume)
    12d6     12d6        0     1                 $t
    12d7     12d7        4     1                 R_SCI_UART_ReceiveResume
    12da     12da       86     2         ./ra/fsp/src/r_sci_uart/r_sci_uart.o:(.text.sci_uart_txi_isr)
    12da     12da        0     1                 $t
    12db     12db       86     1                 sci_uart_txi_isr
    1360     1360       4a     2         ./ra/fsp/src/r_sci_uart/r_sci_uart.o:(.text.r_sci_uart_call_callback)
    1360     1360        0     1                 $t
    1361     1361       4a     1                 r_sci_uart_call_callback
    13aa     13aa       88     2         ./ra/fsp/src/r_sci_uart/r_sci_uart.o:(.text.sci_uart_rxi_isr)
    13aa     13aa        0     1                 $t
    13ab     13ab       88     1                 sci_uart_rxi_isr
    1432     1432       4c     2         ./ra/fsp/src/r_sci_uart/r_sci_uart.o:(.text.sci_uart_tei_isr)
    1432     1432        0     1                 $t
    1433     1433       4c     1                 sci_uart_tei_isr
    147e     147e       74     2         ./ra/fsp/src/r_sci_uart/r_sci_uart.o:(.text.sci_uart_eri_isr)
    147e     147e        0     1                 $t
    147f     147f       74     1                 sci_uart_eri_isr
    14f2     14f2       16     2         ./ra/fsp/src/r_ioport/r_ioport.o:(.text.R_IOPORT_Open)
    14f2     14f2        0     1                 $t
    14f3     14f3       16     1                 R_IOPORT_Open
    1508     1508       be     4         ./ra/fsp/src/r_ioport/r_ioport.o:(.text.r_ioport_pins_config)
    1508     1508        0     1                 $t
    1509     1509       be     1                 r_ioport_pins_config
    15c8     15c8       ce     4         ./ra/fsp/src/r_ioport/r_ioport.o:(.text.bsp_vbatt_init)
    15c8     15c8        0     1                 $t
    15c9     15c9       ce     1                 bsp_vbatt_init
    1696     1696       80     2         ./ra/fsp/src/r_iic_master/r_iic_master.o:(.text.R_IIC_MASTER_Open)
    1696     1696        0     1                 $t
    1697     1697       80     1                 R_IIC_MASTER_Open
    1716     1716        c     2         ./ra/fsp/src/r_iic_master/r_iic_master.o:(.text.R_IIC_MASTER_Read)
    1716     1716        0     1                 $t
    1717     1717        c     1                 R_IIC_MASTER_Read
    1722     1722        c     2         ./ra/fsp/src/r_iic_master/r_iic_master.o:(.text.R_IIC_MASTER_Write)
    1722     1722        0     1                 $t
    1723     1723        c     1                 R_IIC_MASTER_Write
    172e     172e       32     2         ./ra/fsp/src/r_iic_master/r_iic_master.o:(.text.R_IIC_MASTER_Abort)
    172e     172e        0     1                 $t
    172f     172f       32     1                 R_IIC_MASTER_Abort
    1760     1760        a     2         ./ra/fsp/src/r_iic_master/r_iic_master.o:(.text.R_IIC_MASTER_SlaveAddressSet)
    1760     1760        0     1                 $t
    1761     1761        a     1                 R_IIC_MASTER_SlaveAddressSet
    176a     176a        e     2         ./ra/fsp/src/r_iic_master/r_iic_master.o:(.text.R_IIC_MASTER_CallbackSet)
    176a     176a        0     1                 $t
    176b     176b        e     1                 R_IIC_MASTER_CallbackSet
    1778     1778       18     2         ./ra/fsp/src/r_iic_master/r_iic_master.o:(.text.R_IIC_MASTER_StatusGet)
    1778     1778        0     1                 $t
    1779     1779       18     1                 R_IIC_MASTER_StatusGet
    1790     1790       d8     2         ./ra/fsp/src/r_iic_master/r_iic_master.o:(.text.R_IIC_MASTER_Close)
    1790     1790        0     1                 $t
    1791     1791       d8     1                 R_IIC_MASTER_Close
    1868     1868      184     4         ./ra/fsp/src/r_iic_master/r_iic_master.o:(.text.iic_master_open_hw_master)
    1868     1868        0     1                 $t
    1869     1869      184     1                 iic_master_open_hw_master
    19ec     19ec      150     4         ./ra/fsp/src/r_iic_master/r_iic_master.o:(.text.iic_master_read_write)
    19ec     19ec        0     1                 $t
    19ed     19ed      150     1                 iic_master_read_write
    1b3c     1b3c      18a     2         ./ra/fsp/src/r_iic_master/r_iic_master.o:(.text.iic_master_rxi_isr)
    1b3c     1b3c        0     1                 $t
    1b3d     1b3d      18a     1                 iic_master_rxi_isr
    1cc8     1cc8      116     4         ./ra/fsp/src/r_iic_master/r_iic_master.o:(.text.iic_master_txi_isr)
    1cc8     1cc8        0     1                 $t
    1cc9     1cc9      116     1                 iic_master_txi_isr
    1de0     1de0       e4     4         ./ra/fsp/src/r_iic_master/r_iic_master.o:(.text.iic_master_tei_isr)
    1de0     1de0        0     1                 $t
    1de1     1de1       e4     1                 iic_master_tei_isr
    1ec4     1ec4      13c     2         ./ra/fsp/src/r_iic_master/r_iic_master.o:(.text.iic_master_eri_isr)
    1ec4     1ec4        0     1                 $t
    1ec5     1ec5      13c     1                 iic_master_eri_isr
    2000     2000       36     2         ./ra/fsp/src/r_iic_master/r_iic_master.o:(.text.iic_master_notify)
    2000     2000        0     1                 $t
    2001     2001       36     1                 iic_master_notify
    2036     2036       46     2         ./ra/fsp/src/r_dmac/r_dmac.o:(.text.dmac_int_isr)
    2036     2036        0     1                 $t
    2037     2037       46     1                 dmac_int_isr
    207c     207c       2c     2         ./ra/fsp/src/bsp/mcu/all/bsp_clocks.o:(.text.SystemCoreClockUpdate)
    207c     207c        0     1                 $t
    207d     207d       2c     1                 SystemCoreClockUpdate
    20a8     20a8      170     4         ./ra/fsp/src/bsp/mcu/all/bsp_clocks.o:(.text.bsp_clock_init)
    20a8     20a8        0     1                 $t
    20a9     20a9      170     1                 bsp_clock_init
    2218     2218        2     2         ./ra/fsp/src/bsp/mcu/all/bsp_clocks.o:(.text.R_BSP_SubClockStabilizeWaitAfterReset)
    2218     2218        0     1                 $t
    2219     2219        2     1                 R_BSP_SubClockStabilizeWaitAfterReset
    221c     221c       7a     4         ./ra/fsp/src/bsp/mcu/all/bsp_clocks.o:(.text.R_BSP_Init_RTC)
    221c     221c        0     1                 $t
    221d     221d       7a     1                 R_BSP_Init_RTC
    2296     2296        2     2         ./ra/fsp/src/bsp/mcu/all/bsp_common.o:(.text.bsp_init_internal)
    2296     2296        0     1                 $t
    2297     2297        2     1                 bsp_init_internal
    2297     2297        2     1                 bsp_init
    2298     2298       84     2         ./ra/fsp/src/bsp/mcu/all/bsp_delay.o:(.text.R_BSP_SoftwareDelay)
    2298     2298        0     1                 $t
    2299     2299       84     1                 R_BSP_SoftwareDelay
    231c     231c        8     2         ./ra/fsp/src/bsp/mcu/all/bsp_delay.o:(.text.bsp_prv_software_delay_loop)
    231c     231c        0     1                 sw_delay_loop
    231c     231c        0     1                 $t
    231d     231d        8     1                 bsp_prv_software_delay_loop
    2324     2324       44     4         ./ra/fsp/src/bsp/mcu/all/bsp_group_irq.o:(.text.NMI_Handler)
    2324     2324        0     1                 $t
    2325     2325       44     1                 NMI_Handler
    2368     2368       88     4         ./ra/fsp/src/bsp/mcu/all/bsp_irq.o:(.text.bsp_irq_cfg)
    2368     2368        0     1                 $t
    2369     2369       88     1                 bsp_irq_cfg
    23f0     23f0       52     2         ./ra/fsp/src/bsp/mcu/all/bsp_register_protection.o:(.text.R_BSP_RegisterProtectEnable)
    23f0     23f0        0     1                 $t
    23f1     23f1       52     1                 R_BSP_RegisterProtectEnable
    2442     2442       4e     2         ./ra/fsp/src/bsp/mcu/all/bsp_register_protection.o:(.text.R_BSP_RegisterProtectDisable)
    2442     2442        0     1                 $t
    2443     2443       4e     1                 R_BSP_RegisterProtectDisable
    2490     2490        a     4         ./ra/fsp/src/bsp/cmsis/Device/RENESAS/Source/startup.o:(.text.Reset_Handler)
    2490     2490        0     1                 $t
    2491     2491        a     1                 Reset_Handler
    249a     249a        4     2         ./ra/fsp/src/bsp/cmsis/Device/RENESAS/Source/startup.o:(.text.Default_Handler)
    249a     249a        0     1                 $t
    249b     249b        4     1                 Default_Handler
    249b     249b        4     1                 HardFault_Handler
    249b     249b        4     1                 MemManage_Handler
    249b     249b        4     1                 BusFault_Handler
    249b     249b        4     1                 UsageFault_Handler
    249b     249b        4     1                 SecureFault_Handler
    249b     249b        4     1                 SVC_Handler
    249b     249b        4     1                 DebugMon_Handler
    249b     249b        4     1                 PendSV_Handler
    249b     249b        4     1                 SysTick_Handler
    24a0     24a0       e0     4         ./ra/fsp/src/bsp/cmsis/Device/RENESAS/Source/system.o:(.text.SystemInit)
    24a0     24a0        0     1                 $t
    24a1     24a1       e0     1                 SystemInit
    2580     2580       5a     4         ./ra/fsp/src/bsp/cmsis/Device/RENESAS/Source/system.o:(.text.SystemRuntimeInit)
    2580     2580        0     1                 $t
    2581     2581       5a     1                 SystemRuntimeInit
    25da     25da        8     2         C:\Renesas\RA\e2studio_v2025-12_fsp_v6.3.0\toolchains\llvm_arm\ATfE-21.1.1-Windows-x86_64\bin\..\lib\clang-runtimes/arm-none-eabi/armv8m.main_hard_fp_exn_rtti_unaligned_size\lib\libc.a(bzero.c.o):(.text.bzero)
    25da     25da        0     1                 $t
    25db     25db        8     1                 bzero
    25db     25db        8     1                 __aeabi_memclr4
    25db     25db        8     1                 __aeabi_memclr8
    25db     25db        8     1                 __aeabi_memclr
    25e2     25e2       12     2         C:\Renesas\RA\e2studio_v2025-12_fsp_v6.3.0\toolchains\llvm_arm\ATfE-21.1.1-Windows-x86_64\bin\..\lib\clang-runtimes/arm-none-eabi/armv8m.main_hard_fp_exn_rtti_unaligned_size\lib\libc.a(memcpy.c.o):(.text.memcpy)
    25e2     25e2        0     1                 $t
    25e3     25e3       12     1                 memcpy
    25e3     25e3       12     1                 __aeabi_memcpy4
    25e3     25e3       12     1                 __aeabi_memcpy8
    25e3     25e3       12     1                 __aeabi_memcpy
    25f4     25f4        e     2         C:\Renesas\RA\e2studio_v2025-12_fsp_v6.3.0\toolchains\llvm_arm\ATfE-21.1.1-Windows-x86_64\bin\..\lib\clang-runtimes/arm-none-eabi/armv8m.main_hard_fp_exn_rtti_unaligned_size\lib\libc.a(memset.c.o):(.text.memset)
    25f4     25f4        0     1                 $t
    25f5     25f5        e     1                 memset
    2604     2604       10     4         C:\Renesas\RA\e2studio_v2025-12_fsp_v6.3.0\toolchains\llvm_arm\ATfE-21.1.1-Windows-x86_64\bin\..\lib\clang-runtimes/arm-none-eabi/armv8m.main_hard_fp_exn_rtti_unaligned_size\lib\libc.a(strlen.S.o):(.text)
    2604     2604        0     1                 $t
    2605     2605       10     1                 strlen
    2614     2614       28     4         C:\Renesas\RA\e2studio_v2025-12_fsp_v6.3.0\toolchains\llvm_arm\ATfE-21.1.1-Windows-x86_64\bin\..\lib\clang-runtimes/arm-none-eabi/armv8m.main_hard_fp_exn_rtti_unaligned_size\lib\libc.a(libc_picolib_inittls.c.o):(.text._init_tls)
    2614     2614        0     1                 $t
    2615     2615       28     1                 _init_tls
    262c     262c        0     1                 $d
    263c     263c       14     4         C:\Renesas\RA\e2studio_v2025-12_fsp_v6.3.0\toolchains\llvm_arm\ATfE-21.1.1-Windows-x86_64\bin\..\lib\clang-runtimes/arm-none-eabi/armv8m.main_hard_fp_exn_rtti_unaligned_size\lib\libc.a(libc_picolib_machine_arm_set_tls.c.o):(.text._set_tls)
    263c     263c        0     1                 $t
    263d     263d       14     1                 _set_tls
    2648     2648        0     1                 $d
    2650     2650       20     4         <internal>:(.rodata.cst32)
    2670     2670        a     2         ./src/ads1115.o:(.rodata..Lswitch.table.ADS1115_GetFullScaleMilliVolts)
    2670     2670        a     1                 .Lswitch.table.ADS1115_GetFullScaleMilliVolts
    267a     267a       cd     1         <internal>:(.rodata.str1.1)
    2748     2748       14     4         ./ra_gen/hal_data.o:(.rodata.g_uart7_cfg_extend)
    2748     2748       14     1                 g_uart7_cfg_extend
    275c     275c       20     4         ./ra_gen/hal_data.o:(.rodata.g_uart7_cfg)
    275c     275c       20     1                 g_uart7_cfg
    277c     277c        c     4         ./ra_gen/hal_data.o:(.rodata.g_uart7)
    277c     277c        c     1                 g_uart7
    2788     2788        8     1         ./ra_gen/hal_data.o:(.rodata.g_i2c_master0_extend)
    2788     2788        8     1                 g_i2c_master0_extend
    2790     2790       28     4         ./ra_gen/hal_data.o:(.rodata.g_i2c_master0_cfg)
    2790     2790       28     1                 g_i2c_master0_cfg
    27b8     27b8        c     4         ./ra_gen/hal_data.o:(.rodata.g_i2c_master0)
    27b8     27b8        c     1                 g_i2c_master0
    27c4     27c4       98     4         ./ra_gen/pin_data.o:(.rodata.g_bsp_pin_cfg_data)
    27c4     27c4       98     1                 g_bsp_pin_cfg_data
    285c     285c        c     4         ./ra_gen/pin_data.o:(.rodata.g_bsp_pin_cfg)
    285c     285c        c     1                 g_bsp_pin_cfg
    2868     2868       20     2         ./ra_gen/vector_data.o:(.rodata.g_interrupt_event_link_select)
    2868     2868       20     1                 g_interrupt_event_link_select
    2888     2888       2c     4         ./ra/fsp/src/r_sci_uart/r_sci_uart.o:(.rodata.g_uart_on_sci)
    2888     2888       2c     1                 g_uart_on_sci
    28b4     28b4        6     2         ./ra/fsp/src/r_ioport/r_ioport.o:(.rodata.g_vbatt_pins_input)
    28b4     28b4        6     1                 g_vbatt_pins_input
    28bc     28bc       20     4         ./ra/fsp/src/r_iic_master/r_iic_master.o:(.rodata.g_i2c_master_on_iic)
    28bc     28bc       20     1                 g_i2c_master_on_iic
    28dc     28dc       10     4         ./ra/fsp/src/bsp/mcu/ra6m5/bsp_linker.o:(.rodata.nocache_list)
    28dc     28dc       10     1                 nocache_list
    28ec     28ec       18     4         ./ra/fsp/src/bsp/mcu/ra6m5/bsp_linker.o:(.rodata.g_init_info)
    28ec     28ec       18     1                 g_init_info
    2904     2904       3c     4         ./ra/fsp/src/bsp/mcu/ra6m5/bsp_linker.o:(.rodata.zero_list)
    2904     2904       3c     1                 zero_list
    2940     2940       90     4         ./ra/fsp/src/bsp/mcu/ra6m5/bsp_linker.o:(.rodata.copy_list)
    2940     2940       90     1                 copy_list
    29d0     29d0        a     2         ./ra/fsp/src/bsp/mcu/all/bsp_register_protection.o:(.rodata.g_prcr_masks)
    29d0     29d0        a     1                 g_prcr_masks
    29dc     29dc       4e     4         ./ra/fsp/src/bsp/mcu/all/bsp_common.o:(.version)
    29dc     29dc        4     1                 g_fsp_version
    29e0     29e0        6     1                 g_fsp_version_string
    29e6     29e6       44     1                 g_fsp_version_build_string
    2a2a     2a2a        0     1         __flash_readonly$$Limit = .
    2a2a     2a2a        0     1 __flash_preinit_array$$
    2a2a     2a2a        0     1         __preinit_array_start = .
    2a2a     2a2a        0     1         __preinit_array_end = .
    2a2a     2a2a        0     1 __flash_init_array$$
    2a2a     2a2a        0     1         __init_array_start = .
    2a2a     2a2a        0     1         __init_array_end = .
    2a2a     2a2a        0     1 __flash_fini_array$$
    2a2a     2a2a        0     1         __fini_array_start = .
    2a2a     2a2a        0     1         __fini_array_end = .
    2a2a     2a2a        0     1 __flash_arm.exidx$$
    2a2a     2a2a        0     1         __exidx_start = .
    2a2a     2a2a        0     1         __exidx_end = .
    2c00     2c00        0     1 .flash.endof
    2c00     2c00        0     1         __ddsc_FLASH_END = .
    2c00     2c00        0     1 .flash.flat_nsc
    2c00     2c00        0     1         __ddsc_FLASH_NSC = .
 100a100  100a100        0     1 .option_setting_ofs0.startof
 100a100  100a100        0     1         __ddsc_OPTION_SETTING_OFS0_START = .
 100a100  100a100        4     4 __option_setting_ofs0_reg$$
 100a100  100a100        0     1         __option_setting_ofs0_reg$$Base = .
 100a100  100a100        4     4         ./ra/fsp/src/bsp/mcu/ra6m5/bsp_linker.o:(.option_setting_ofs0)
 100a100  100a100        4     1                 g_bsp_cfg_option_setting_ofs0
 100a104  100a104        0     1         __option_setting_ofs0_reg$$Limit = .
 100a104  100a104        0     1 .option_setting_ofs0.endof
 100a104  100a104        0     1         __ddsc_OPTION_SETTING_OFS0_END = .
 100a110  100a110        0     1 .option_setting_dualsel.startof
 100a110  100a110        0     1         __ddsc_OPTION_SETTING_DUALSEL_START = .
 100a110  100a110        0     1 __option_setting_dualsel_reg$$
 100a110  100a110        0     1         __option_setting_dualsel_reg$$Base = .
 100a110  100a110        0     1         __option_setting_dualsel_reg$$Limit = .
 100a110  100a110        0     1 .option_setting_dualsel.endof
 100a110  100a110        0     1         __ddsc_OPTION_SETTING_DUALSEL_END = .
 100a180  100a180        0     1 .option_setting_ofs1.startof
 100a180  100a180        0     1         __ddsc_OPTION_SETTING_OFS1_START = .
 100a180  100a180        0     1 __option_setting_ofs1_reg$$
 100a180  100a180        0     1         __option_setting_ofs1_reg$$Base = .
 100a180  100a180        0     1         __option_setting_ofs1_reg$$Limit = .
 100a180  100a180        0     1 .option_setting_ofs1.endof
 100a180  100a180        0     1         __ddsc_OPTION_SETTING_OFS1_END = .
 100a190  100a190        0     1 .option_setting_banksel.startof
 100a190  100a190        0     1         __ddsc_OPTION_SETTING_BANKSEL_START = .
 100a190  100a190        0     1 __option_setting_banksel_reg$$
 100a190  100a190        0     1         __option_setting_banksel_reg$$Base = .
 100a190  100a190        0     1         __option_setting_banksel_reg$$Limit = .
 100a190  100a190        0     1 .option_setting_banksel.endof
 100a190  100a190        0     1         __ddsc_OPTION_SETTING_BANKSEL_END = .
 100a1c0  100a1c0        0     1 .option_setting_bps.startof
 100a1c0  100a1c0        0     1         __ddsc_OPTION_SETTING_BPS_START = .
 100a1c0  100a1c0        0     1 __option_setting_bps_reg$$
 100a1c0  100a1c0        0     1         __option_setting_bps_reg$$Base = .
 100a1c0  100a1c0        0     1         __option_setting_bps_reg$$Limit = .
 100a1c0  100a1c0        0     1 .option_setting_bps.endof
 100a1c0  100a1c0        0     1         __ddsc_OPTION_SETTING_BPS_END = .
 100a1e0  100a1e0        0     1 .option_setting_pbps.startof
 100a1e0  100a1e0        0     1         __ddsc_OPTION_SETTING_PBPS_START = .
 100a1e0  100a1e0        0     1 __option_setting_pbps_reg$$
 100a1e0  100a1e0        0     1         __option_setting_pbps_reg$$Base = .
 100a1e0  100a1e0        0     1         __option_setting_pbps_reg$$Limit = .
 100a1e0  100a1e0        0     1 .option_setting_pbps.endof
 100a1e0  100a1e0        0     1         __ddsc_OPTION_SETTING_PBPS_END = .
 100a200  100a200        0     1 .option_setting_ofs1_sec.startof
 100a200  100a200        0     1         __ddsc_OPTION_SETTING_OFS1_SEC_START = .
 100a200  100a200        4     4 __option_setting_ofs1_sec_reg$$
 100a200  100a200        0     1         __option_setting_ofs1_sec_reg$$Base = .
 100a200  100a200        4     4         ./ra/fsp/src/bsp/mcu/ra6m5/bsp_linker.o:(.option_setting_ofs1_sec)
 100a200  100a200        4     1                 g_bsp_cfg_option_setting_ofs1_sec
 100a204  100a204        0     1         __option_setting_ofs1_sec_reg$$Limit = .
 100a204  100a204        0     1 .option_setting_ofs1_sec.endof
 100a204  100a204        0     1         __ddsc_OPTION_SETTING_OFS1_SEC_END = .
 100a210  100a210        0     1 .option_setting_banksel_sec.startof
 100a210  100a210        0     1         __ddsc_OPTION_SETTING_BANKSEL_SEC_START = .
 100a210  100a210        0     1 __option_setting_banksel_sec_reg$$
 100a210  100a210        0     1         __option_setting_banksel_sec_reg$$Base = .
 100a210  100a210        0     1         __option_setting_banksel_sec_reg$$Limit = .
 100a210  100a210        0     1 .option_setting_banksel_sec.endof
 100a210  100a210        0     1         __ddsc_OPTION_SETTING_BANKSEL_SEC_END = .
 100a240  100a240        0     1 .option_setting_bps_sec.startof
 100a240  100a240        0     1         __ddsc_OPTION_SETTING_BPS_SEC_START = .
 100a240  100a240        0     1 __option_setting_bps_sec_reg$$
 100a240  100a240        0     1         __option_setting_bps_sec_reg$$Base = .
 100a240  100a240        0     1         __option_setting_bps_sec_reg$$Limit = .
 100a240  100a240        0     1 .option_setting_bps_sec.endof
 100a240  100a240        0     1         __ddsc_OPTION_SETTING_BPS_SEC_END = .
 100a260  100a260        0     1 .option_setting_pbps_sec.startof
 100a260  100a260        0     1         __ddsc_OPTION_SETTING_PBPS_SEC_START = .
 100a260  100a260        0     1 __option_setting_pbps_sec_reg$$
 100a260  100a260        0     1         __option_setting_pbps_sec_reg$$Base = .
 100a260  100a260        0     1         __option_setting_pbps_sec_reg$$Limit = .
 100a260  100a260        0     1 .option_setting_pbps_sec.endof
 100a260  100a260        0     1         __ddsc_OPTION_SETTING_PBPS_SEC_END = .
 100a280  100a280        0     1 .option_setting_ofs1_sel.startof
 100a280  100a280        0     1         __ddsc_OPTION_SETTING_OFS1_SEL_START = .
 100a280  100a280        4     4 __option_setting_ofs1_sel_reg$$
 100a280  100a280        0     1         __option_setting_ofs1_sel_reg$$Base = .
 100a280  100a280        4     4         ./ra/fsp/src/bsp/mcu/ra6m5/bsp_linker.o:(.option_setting_ofs1_sel)
 100a280  100a280        4     1                 g_bsp_cfg_option_setting_ofs1_sel
 100a284  100a284        0     1         __option_setting_ofs1_sel_reg$$Limit = .
 100a284  100a284        0     1 .option_setting_ofs1_sel.endof
 100a284  100a284        0     1         __ddsc_OPTION_SETTING_OFS1_SEL_END = .
 100a290  100a290        0     1 .option_setting_banksel_sel.startof
 100a290  100a290        0     1         __ddsc_OPTION_SETTING_BANKSEL_SEL_START = .
 100a290  100a290        0     1 __option_setting_banksel_sel_reg$$
 100a290  100a290        0     1         __option_setting_banksel_sel_reg$$Base = .
 100a290  100a290        0     1         __option_setting_banksel_sel_reg$$Limit = .
 100a290  100a290        0     1 .option_setting_banksel_sel.endof
 100a290  100a290        0     1         __ddsc_OPTION_SETTING_BANKSEL_SEL_END = .
 100a2c0  100a2c0        0     1 .option_setting_bps_sel.startof
 100a2c0  100a2c0        0     1         __ddsc_OPTION_SETTING_BPS_SEL_START = .
 100a2c0  100a2c0        0     1 __option_setting_bps_sel_reg$$
 100a2c0  100a2c0        0     1         __option_setting_bps_sel_reg$$Base = .
 100a2c0  100a2c0        0     1         __option_setting_bps_sel_reg$$Limit = .
 100a2c0  100a2c0        0     1 .option_setting_bps_sel.endof
 100a2c0  100a2c0        0     1         __ddsc_OPTION_SETTING_BPS_SEL_END = .
 100a2c0  100a2c0        0     1 PROVIDE( __tls_base = ADDR (__ram_tdata$$))
 100a2c0  100a2c0        0     1 PROVIDE( __tdata_source = LOADADDR (__ram_tdata$$))
 100a2c0  100a2c0        0     1 PROVIDE( __tdata_size = SIZEOF (__ram_tdata$$))
 100a2c0  100a2c0        0     1 PROVIDE( __tbss_offset = ADDR (__ram_tbss$$) - ADDR (__ram_tdata$$))
 100a2c0  100a2c0        0     1 PROVIDE( __tbss_size = SIZEOF (__ram_tbss$$))
 100a2c0  100a2c0        0     1 PROVIDE( __arm32_tls_tcb_offset = 8)
       0        0       3e     1 .ARM.attributes
       0        0       3e     1         C:\Renesas\RA\e2studio_v2025-12_fsp_v6.3.0\toolchains\llvm_arm\ATfE-21.1.1-Windows-x86_64\bin\..\lib\clang-runtimes/arm-none-eabi/armv8m.main_hard_fp_exn_rtti_unaligned_size\lib\crt0.o:(.ARM.attributes)
       0        0     395b     1 .debug_loclists
       0        0      224     1         ./src/ads1115.o:(.debug_loclists)
     224      224      4a7     1         ./src/hal_entry.o:(.debug_loclists)
     6cb      6cb       1e     1         ./src/hal_warmstart.o:(.debug_loclists)
     6e9      6e9      203     1         ./src/i2c_master.o:(.debug_loclists)
     8ec      8ec      2bb     1         ./src/lcd_port.o:(.debug_loclists)
     ba7      ba7       71     1         ./src/mq_acquire.o:(.debug_loclists)
     c18      c18       d5     1         ./src/mq_judge.o:(.debug_loclists)
     ced      ced      406     1         ./src/sensirion_common.o:(.debug_loclists)
    10f3     10f3       ea     1         ./src/sensirion_i2c_ra6m5.o:(.debug_loclists)
    11dd     11dd      132     1         ./src/sgp40.o:(.debug_loclists)
    130f     130f      112     1         ./src/sht40.o:(.debug_loclists)
    1421     1421      364     1         ./src/st7789.o:(.debug_loclists)
    1785     1785      698     1         ./ra/fsp/src/r_spi/r_spi.o:(.debug_loclists)
    1e1d     1e1d      73e     1         ./ra/fsp/src/r_sci_uart/r_sci_uart.o:(.debug_loclists)
    255b     255b      4d6     1         ./ra/fsp/src/r_ioport/r_ioport.o:(.debug_loclists)
    2a31     2a31      69d     1         ./ra/fsp/src/r_iic_master/r_iic_master.o:(.debug_loclists)
    30ce     30ce      407     1         ./ra/fsp/src/r_dmac/r_dmac.o:(.debug_loclists)
    34d5     34d5      21c     1         ./ra/fsp/src/bsp/mcu/all/bsp_clocks.o:(.debug_loclists)
    36f1     36f1       1d     1         ./ra/fsp/src/bsp/mcu/all/bsp_common.o:(.debug_loclists)
    370e     370e      10e     1         ./ra/fsp/src/bsp/mcu/all/bsp_delay.o:(.debug_loclists)
    381c     381c       35     1         ./ra/fsp/src/bsp/mcu/all/bsp_group_irq.o:(.debug_loclists)
    3851     3851       48     1         ./ra/fsp/src/bsp/mcu/all/bsp_irq.o:(.debug_loclists)
    3899     3899       44     1         ./ra/fsp/src/bsp/mcu/all/bsp_register_protection.o:(.debug_loclists)
    38dd     38dd       1e     1         ./ra/fsp/src/bsp/mcu/all/bsp_sbrk.o:(.debug_loclists)
    38fb     38fb       60     1         ./ra/fsp/src/bsp/cmsis/Device/RENESAS/Source/system.o:(.debug_loclists)
       0        0     3df6     1 .debug_abbrev
       0        0      28e     1         ./src/ads1115.o:(.debug_abbrev)
     28e      28e      241     1         ./src/hal_entry.o:(.debug_abbrev)
     4cf      4cf      106     1         ./src/hal_warmstart.o:(.debug_abbrev)
     5d5      5d5      1df     1         ./src/i2c_master.o:(.debug_abbrev)
     7b4      7b4      288     1         ./src/lcd_port.o:(.debug_abbrev)
     a3c      a3c      16c     1         ./src/mq_acquire.o:(.debug_abbrev)
     ba8      ba8      185     1         ./src/mq_judge.o:(.debug_abbrev)
     d2d      d2d      142     1         ./src/sensirion_common.o:(.debug_abbrev)
     e6f      e6f      142     1         ./src/sensirion_i2c_ra6m5.o:(.debug_abbrev)
     fb1      fb1      175     1         ./src/sgp40.o:(.debug_abbrev)
    1126     1126       66     1         ./src/sgp_git_version.o:(.debug_abbrev)
    118c     118c      1bf     1         ./src/sht40.o:(.debug_abbrev)
    134b     134b      2b0     1         ./src/st7789.o:(.debug_abbrev)
    15fb     15fb      10d     1         ./ra_gen/common_data.o:(.debug_abbrev)
    1708     1708      2a6     1         ./ra_gen/hal_data.o:(.debug_abbrev)
    19ae     19ae       3c     1         ./ra_gen/main.o:(.debug_abbrev)
    19ea     19ea       e6     1         ./ra_gen/pin_data.o:(.debug_abbrev)
    1ad0     1ad0       a8     1         ./ra_gen/vector_data.o:(.debug_abbrev)
    1b78     1b78      420     1         ./ra/fsp/src/r_spi/r_spi.o:(.debug_abbrev)
    1f98     1f98      410     1         ./ra/fsp/src/r_sci_uart/r_sci_uart.o:(.debug_abbrev)
    23a8     23a8      339     1         ./ra/fsp/src/r_ioport/r_ioport.o:(.debug_abbrev)
    26e1     26e1      452     1         ./ra/fsp/src/r_iic_master/r_iic_master.o:(.debug_abbrev)
    2b33     2b33      44a     1         ./ra/fsp/src/r_dmac/r_dmac.o:(.debug_abbrev)
    2f7d     2f7d       a2     1         ./ra/fsp/src/bsp/mcu/ra6m5/bsp_linker.o:(.debug_abbrev)
    301f     301f      2fc     1         ./ra/fsp/src/bsp/mcu/all/bsp_clocks.o:(.debug_abbrev)
    331b     331b      149     1         ./ra/fsp/src/bsp/mcu/all/bsp_common.o:(.debug_abbrev)
    3464     3464       ad     1         ./ra/fsp/src/bsp/mcu/all/bsp_delay.o:(.debug_abbrev)
    3511     3511      1ff     1         ./ra/fsp/src/bsp/mcu/all/bsp_group_irq.o:(.debug_abbrev)
    3710     3710       44     1         ./ra/fsp/src/bsp/mcu/all/bsp_io.o:(.debug_abbrev)
    3754     3754      18c     1         ./ra/fsp/src/bsp/mcu/all/bsp_irq.o:(.debug_abbrev)
    38e0     38e0      209     1         ./ra/fsp/src/bsp/mcu/all/bsp_register_protection.o:(.debug_abbrev)
    3ae9     3ae9       67     1         ./ra/fsp/src/bsp/mcu/all/bsp_sbrk.o:(.debug_abbrev)
    3b50     3b50       a7     1         ./ra/fsp/src/bsp/cmsis/Device/RENESAS/Source/startup.o:(.debug_abbrev)
    3bf7     3bf7      1ff     1         ./ra/fsp/src/bsp/cmsis/Device/RENESAS/Source/system.o:(.debug_abbrev)
       0        0    3496b     1 .debug_info
       0        0      978     1         ./src/ads1115.o:(.debug_info)
     978      978      d1e     1         ./src/hal_entry.o:(.debug_info)
    1696     1696      9f5     1         ./src/hal_warmstart.o:(.debug_info)
    208b     208b      779     1         ./src/i2c_master.o:(.debug_info)
    2804     2804      fd3     1         ./src/lcd_port.o:(.debug_info)
    37d7     37d7      5f6     1         ./src/mq_acquire.o:(.debug_info)
    3dcd     3dcd      767     1         ./src/mq_judge.o:(.debug_info)
    4534     4534      541     1         ./src/sensirion_common.o:(.debug_info)
    4a75     4a75      5f9     1         ./src/sensirion_i2c_ra6m5.o:(.debug_info)
    506e     506e      2d2     1         ./src/sgp40.o:(.debug_info)
    5340     5340       52     1         ./src/sgp_git_version.o:(.debug_info)
    5392     5392      66f     1         ./src/sht40.o:(.debug_info)
    5a01     5a01      b86     1         ./src/st7789.o:(.debug_info)
    6587     6587      bee     1         ./ra_gen/common_data.o:(.debug_info)
    7175     7175     4dc9     1         ./ra_gen/hal_data.o:(.debug_info)
    bf3e     bf3e       37     1         ./ra_gen/main.o:(.debug_info)
    bf75     bf75      49b     1         ./ra_gen/pin_data.o:(.debug_info)
    c410     c410      523     1         ./ra_gen/vector_data.o:(.debug_info)
    c933     c933     61d2     1         ./ra/fsp/src/r_spi/r_spi.o:(.debug_info)
   12b05    12b05     7657     1         ./ra/fsp/src/r_sci_uart/r_sci_uart.o:(.debug_info)
   1a15c    1a15c     5e10     1         ./ra/fsp/src/r_ioport/r_ioport.o:(.debug_info)
   1ff6c    1ff6c     6135     1         ./ra/fsp/src/r_iic_master/r_iic_master.o:(.debug_info)
   260a1    260a1     2e1a     1         ./ra/fsp/src/r_dmac/r_dmac.o:(.debug_info)
   28ebb    28ebb      1ea     1         ./ra/fsp/src/bsp/mcu/ra6m5/bsp_linker.o:(.debug_info)
   290a5    290a5     51d8     1         ./ra/fsp/src/bsp/mcu/all/bsp_clocks.o:(.debug_info)
   2e27d    2e27d      596     1         ./ra/fsp/src/bsp/mcu/all/bsp_common.o:(.debug_info)
   2e813    2e813      104     1         ./ra/fsp/src/bsp/mcu/all/bsp_delay.o:(.debug_info)
   2e917    2e917      db4     1         ./ra/fsp/src/bsp/mcu/all/bsp_group_irq.o:(.debug_info)
   2f6cb    2f6cb       43     1         ./ra/fsp/src/bsp/mcu/all/bsp_io.o:(.debug_info)
   2f70e    2f70e     17bf     1         ./ra/fsp/src/bsp/mcu/all/bsp_irq.o:(.debug_info)
   30ecd    30ecd     2ec8     1         ./ra/fsp/src/bsp/mcu/all/bsp_register_protection.o:(.debug_info)
   33d95    33d95       5f     1         ./ra/fsp/src/bsp/mcu/all/bsp_sbrk.o:(.debug_info)
   33df4    33df4       b1     1         ./ra/fsp/src/bsp/cmsis/Device/RENESAS/Source/startup.o:(.debug_info)
   33ea5    33ea5      ac6     1         ./ra/fsp/src/bsp/cmsis/Device/RENESAS/Source/system.o:(.debug_info)
       0        0      72e     1 .debug_rnglists
       0        0       59     1         ./src/ads1115.o:(.debug_rnglists)
      59       59       3c     1         ./src/hal_entry.o:(.debug_rnglists)
      95       95       33     1         ./src/i2c_master.o:(.debug_rnglists)
      c8       c8       94     1         ./src/lcd_port.o:(.debug_rnglists)
     15c      15c       1a     1         ./src/mq_acquire.o:(.debug_rnglists)
     176      176       1e     1         ./src/mq_judge.o:(.debug_rnglists)
     194      194       39     1         ./src/sensirion_common.o:(.debug_rnglists)
     1cd      1cd       26     1         ./src/sensirion_i2c_ra6m5.o:(.debug_rnglists)
     1f3      1f3       2f     1         ./src/sgp40.o:(.debug_rnglists)
     222      222       1b     1         ./src/sht40.o:(.debug_rnglists)
     23d      23d       62     1         ./src/st7789.o:(.debug_rnglists)
     29f      29f       17     1         ./ra_gen/hal_data.o:(.debug_rnglists)
     2b6      2b6       6a     1         ./ra/fsp/src/r_spi/r_spi.o:(.debug_rnglists)
     320      320      113     1         ./ra/fsp/src/r_sci_uart/r_sci_uart.o:(.debug_rnglists)
     433      433       4e     1         ./ra/fsp/src/r_ioport/r_ioport.o:(.debug_rnglists)
     481      481       e7     1         ./ra/fsp/src/r_iic_master/r_iic_master.o:(.debug_rnglists)
     568      568       d8     1         ./ra/fsp/src/r_dmac/r_dmac.o:(.debug_rnglists)
     640      640       5c     1         ./ra/fsp/src/bsp/mcu/all/bsp_clocks.o:(.debug_rnglists)
     69c      69c       1a     1         ./ra/fsp/src/bsp/mcu/all/bsp_common.o:(.debug_rnglists)
     6b6      6b6       18     1         ./ra/fsp/src/bsp/mcu/all/bsp_delay.o:(.debug_rnglists)
     6ce      6ce       17     1         ./ra/fsp/src/bsp/mcu/all/bsp_group_irq.o:(.debug_rnglists)
     6e5      6e5       17     1         ./ra/fsp/src/bsp/mcu/all/bsp_register_protection.o:(.debug_rnglists)
     6fc      6fc       17     1         ./ra/fsp/src/bsp/cmsis/Device/RENESAS/Source/startup.o:(.debug_rnglists)
     713      713       1b     1         ./ra/fsp/src/bsp/cmsis/Device/RENESAS/Source/system.o:(.debug_rnglists)
       0        0    123dc     1 .debug_str_offsets
       0        0      56c     1         ./src/ads1115.o:(.debug_str_offsets)
     56c      56c      570     1         ./src/hal_entry.o:(.debug_str_offsets)
     adc      adc      81c     1         ./src/hal_warmstart.o:(.debug_str_offsets)
    12f8     12f8      4e4     1         ./src/i2c_master.o:(.debug_str_offsets)
    17dc     17dc      94c     1         ./src/lcd_port.o:(.debug_str_offsets)
    2128     2128      470     1         ./src/mq_acquire.o:(.debug_str_offsets)
    2598     2598      4f4     1         ./src/mq_judge.o:(.debug_str_offsets)
    2a8c     2a8c      104     1         ./src/sensirion_common.o:(.debug_str_offsets)
    2b90     2b90      47c     1         ./src/sensirion_i2c_ra6m5.o:(.debug_str_offsets)
    300c     300c       a8     1         ./src/sgp40.o:(.debug_str_offsets)
    30b4     30b4       20     1         ./src/sgp_git_version.o:(.debug_str_offsets)
    30d4     30d4      484     1         ./src/sht40.o:(.debug_str_offsets)
    3558     3558      530     1         ./src/st7789.o:(.debug_str_offsets)
    3a88     3a88      8bc     1         ./ra_gen/common_data.o:(.debug_str_offsets)
    4344     4344     1d84     1         ./ra_gen/hal_data.o:(.debug_str_offsets)
    60c8     60c8       1c     1         ./ra_gen/main.o:(.debug_str_offsets)
    60e4     60e4      428     1         ./ra_gen/pin_data.o:(.debug_str_offsets)
    650c     650c      4f0     1         ./ra_gen/vector_data.o:(.debug_str_offsets)
    69fc     69fc     1a94     1         ./ra/fsp/src/r_spi/r_spi.o:(.debug_str_offsets)
    8490     8490     2188     1         ./ra/fsp/src/r_sci_uart/r_sci_uart.o:(.debug_str_offsets)
    a618     a618     1ad8     1         ./ra/fsp/src/r_ioport/r_ioport.o:(.debug_str_offsets)
    c0f0     c0f0     1990     1         ./ra/fsp/src/r_iic_master/r_iic_master.o:(.debug_str_offsets)
    da80     da80     11cc     1         ./ra/fsp/src/r_dmac/r_dmac.o:(.debug_str_offsets)
    ec4c     ec4c       a0     1         ./ra/fsp/src/bsp/mcu/ra6m5/bsp_linker.o:(.debug_str_offsets)
    ecec     ecec     12bc     1         ./ra/fsp/src/bsp/mcu/all/bsp_clocks.o:(.debug_str_offsets)
    ffa8     ffa8      464     1         ./ra/fsp/src/bsp/mcu/all/bsp_common.o:(.debug_str_offsets)
   1040c    1040c       74     1         ./ra/fsp/src/bsp/mcu/all/bsp_delay.o:(.debug_str_offsets)
   10480    10480      694     1         ./ra/fsp/src/bsp/mcu/all/bsp_group_irq.o:(.debug_str_offsets)
   10b14    10b14       24     1         ./ra/fsp/src/bsp/mcu/all/bsp_io.o:(.debug_str_offsets)
   10b38    10b38      94c     1         ./ra/fsp/src/bsp/mcu/all/bsp_irq.o:(.debug_str_offsets)
   11484    11484      bac     1         ./ra/fsp/src/bsp/mcu/all/bsp_register_protection.o:(.debug_str_offsets)
   12030    12030       2c     1         ./ra/fsp/src/bsp/mcu/all/bsp_sbrk.o:(.debug_str_offsets)
   1205c    1205c       3c     1         ./ra/fsp/src/bsp/cmsis/Device/RENESAS/Source/startup.o:(.debug_str_offsets)
   12098    12098      344     1         ./ra/fsp/src/bsp/cmsis/Device/RENESAS/Source/system.o:(.debug_str_offsets)
       0        0     eff8     1 .debug_str
       0        0     eff8     1         <internal>:(.debug_str)
       0        0      ad8     1 .debug_addr
       0        0       6c     1         ./src/ads1115.o:(.debug_addr)
      6c       6c       8c     1         ./src/hal_entry.o:(.debug_addr)
      f8       f8       10     1         ./src/hal_warmstart.o:(.debug_addr)
     108      108       74     1         ./src/i2c_master.o:(.debug_addr)
     17c      17c       a0     1         ./src/lcd_port.o:(.debug_addr)
     21c      21c       1c     1         ./src/mq_acquire.o:(.debug_addr)
     238      238       2c     1         ./src/mq_judge.o:(.debug_addr)
     264      264       4c     1         ./src/sensirion_common.o:(.debug_addr)
     2b0      2b0       2c     1         ./src/sensirion_i2c_ra6m5.o:(.debug_addr)
     2dc      2dc       4c     1         ./src/sgp40.o:(.debug_addr)
     328      328       10     1         ./src/sgp_git_version.o:(.debug_addr)
     338      338       2c     1         ./src/sht40.o:(.debug_addr)
     364      364       8c     1         ./src/st7789.o:(.debug_addr)
     3f0      3f0       14     1         ./ra_gen/common_data.o:(.debug_addr)
     404      404       6c     1         ./ra_gen/hal_data.o:(.debug_addr)
     470      470        c     1         ./ra_gen/main.o:(.debug_addr)
     47c      47c       10     1         ./ra_gen/pin_data.o:(.debug_addr)
     48c      48c       10     1         ./ra_gen/vector_data.o:(.debug_addr)
     49c      49c      130     1         ./ra/fsp/src/r_spi/r_spi.o:(.debug_addr)
     5cc      5cc      118     1         ./ra/fsp/src/r_sci_uart/r_sci_uart.o:(.debug_addr)
     6e4      6e4       94     1         ./ra/fsp/src/r_ioport/r_ioport.o:(.debug_addr)
     778      778      124     1         ./ra/fsp/src/r_iic_master/r_iic_master.o:(.debug_addr)
     89c      89c       70     1         ./ra/fsp/src/r_dmac/r_dmac.o:(.debug_addr)
     90c      90c       24     1         ./ra/fsp/src/bsp/mcu/ra6m5/bsp_linker.o:(.debug_addr)
     930      930       94     1         ./ra/fsp/src/bsp/mcu/all/bsp_clocks.o:(.debug_addr)
     9c4      9c4       20     1         ./ra/fsp/src/bsp/mcu/all/bsp_common.o:(.debug_addr)
     9e4      9e4       20     1         ./ra/fsp/src/bsp/mcu/all/bsp_delay.o:(.debug_addr)
     a04      a04       1c     1         ./ra/fsp/src/bsp/mcu/all/bsp_group_irq.o:(.debug_addr)
     a20      a20        c     1         ./ra/fsp/src/bsp/mcu/all/bsp_io.o:(.debug_addr)
     a2c      a2c       24     1         ./ra/fsp/src/bsp/mcu/all/bsp_irq.o:(.debug_addr)
     a50      a50       30     1         ./ra/fsp/src/bsp/mcu/all/bsp_register_protection.o:(.debug_addr)
     a80      a80        c     1         ./ra/fsp/src/bsp/mcu/all/bsp_sbrk.o:(.debug_addr)
     a8c      a8c       1c     1         ./ra/fsp/src/bsp/cmsis/Device/RENESAS/Source/startup.o:(.debug_addr)
     aa8      aa8       30     1         ./ra/fsp/src/bsp/cmsis/Device/RENESAS/Source/system.o:(.debug_addr)
       0        0       29     1 .comment
       0        0       29     1         <internal>:(.comment)
       0        0     14b4     4 .debug_frame
       0        0      148     4         ./src/ads1115.o:(.debug_frame)
     148      148       70     4         ./src/hal_entry.o:(.debug_frame)
     1b8      1b8       24     4         ./src/hal_warmstart.o:(.debug_frame)
     1dc      1dc      118     4         ./src/i2c_master.o:(.debug_frame)
     2f4      2f4      18c     4         ./src/lcd_port.o:(.debug_frame)
     480      480       54     4         ./src/mq_acquire.o:(.debug_frame)
     4d4      4d4       60     4         ./src/mq_judge.o:(.debug_frame)
     534      534      178     4         ./src/sensirion_common.o:(.debug_frame)
     6ac      6ac       b8     4         ./src/sensirion_i2c_ra6m5.o:(.debug_frame)
     764      764       fc     4         ./src/sgp40.o:(.debug_frame)
     860      860       60     4         ./src/sht40.o:(.debug_frame)
     8c0      8c0      11c     4         ./src/st7789.o:(.debug_frame)
     9dc      9dc       24     4         ./ra_gen/common_data.o:(.debug_frame)
     a00      a00       34     4         ./ra_gen/hal_data.o:(.debug_frame)
     a34      a34       2c     4         ./ra_gen/main.o:(.debug_frame)
     a60      a60      190     4         ./ra/fsp/src/r_spi/r_spi.o:(.debug_frame)
     bf0      bf0      190     4         ./ra/fsp/src/r_sci_uart/r_sci_uart.o:(.debug_frame)
     d80      d80      158     4         ./ra/fsp/src/r_ioport/r_ioport.o:(.debug_frame)
     ed8      ed8      178     4         ./ra/fsp/src/r_iic_master/r_iic_master.o:(.debug_frame)
    1050     1050      12c     4         ./ra/fsp/src/r_dmac/r_dmac.o:(.debug_frame)
    117c     117c      104     4         ./ra/fsp/src/bsp/mcu/all/bsp_clocks.o:(.debug_frame)
    1280     1280       44     4         ./ra/fsp/src/bsp/mcu/all/bsp_common.o:(.debug_frame)
    12c4     12c4       34     4         ./ra/fsp/src/bsp/mcu/all/bsp_delay.o:(.debug_frame)
    12f8     12f8       44     4         ./ra/fsp/src/bsp/mcu/all/bsp_group_irq.o:(.debug_frame)
    133c     133c       34     4         ./ra/fsp/src/bsp/mcu/all/bsp_irq.o:(.debug_frame)
    1370     1370       3c     4         ./ra/fsp/src/bsp/mcu/all/bsp_register_protection.o:(.debug_frame)
    13ac     13ac       2c     4         ./ra/fsp/src/bsp/mcu/all/bsp_sbrk.o:(.debug_frame)
    13d8     13d8       34     4         ./ra/fsp/src/bsp/cmsis/Device/RENESAS/Source/startup.o:(.debug_frame)
    140c     140c       60     4         ./ra/fsp/src/bsp/cmsis/Device/RENESAS/Source/system.o:(.debug_frame)
    146c     146c       24     4         C:\Renesas\RA\e2studio_v2025-12_fsp_v6.3.0\toolchains\llvm_arm\ATfE-21.1.1-Windows-x86_64\bin\..\lib\clang-runtimes/arm-none-eabi/armv8m.main_hard_fp_exn_rtti_unaligned_size\lib\libc.a(strlen.S.o):(.debug_frame)
    1490     1490       24     4         C:\Renesas\RA\e2studio_v2025-12_fsp_v6.3.0\toolchains\llvm_arm\ATfE-21.1.1-Windows-x86_64\bin\..\lib\clang-runtimes/arm-none-eabi/armv8m.main_hard_fp_exn_rtti_unaligned_size\lib\libc.a(libc_picolib_machine_arm_read_tp.S.o):(.debug_frame)
       0        0     68f1     1 .debug_line
       0        0      421     1         ./src/ads1115.o:(.debug_line)
     421      421      427     1         ./src/hal_entry.o:(.debug_line)
     848      848      119     1         ./src/hal_warmstart.o:(.debug_line)
     961      961      435     1         ./src/i2c_master.o:(.debug_line)
     d96      d96      488     1         ./src/lcd_port.o:(.debug_line)
    121e     121e      186     1         ./src/mq_acquire.o:(.debug_line)
    13a4     13a4      22f     1         ./src/mq_judge.o:(.debug_line)
    15d3     15d3      3a1     1         ./src/sensirion_common.o:(.debug_line)
    1974     1974      250     1         ./src/sensirion_i2c_ra6m5.o:(.debug_line)
    1bc4     1bc4      23d     1         ./src/sgp40.o:(.debug_line)
    1e01     1e01       5c     1         ./src/sgp_git_version.o:(.debug_line)
    1e5d     1e5d      23d     1         ./src/sht40.o:(.debug_line)
    209a     209a      4d9     1         ./src/st7789.o:(.debug_line)
    2573     2573       f8     1         ./ra_gen/common_data.o:(.debug_line)
    266b     266b      1e2     1         ./ra_gen/hal_data.o:(.debug_line)
    284d     284d       71     1         ./ra_gen/main.o:(.debug_line)
    28be     28be       bc     1         ./ra_gen/pin_data.o:(.debug_line)
    297a     297a       9f     1         ./ra_gen/vector_data.o:(.debug_line)
    2a19     2a19      d30     1         ./ra/fsp/src/r_spi/r_spi.o:(.debug_line)
    3749     3749      ad9     1         ./ra/fsp/src/r_sci_uart/r_sci_uart.o:(.debug_line)
    4222     4222      5b0     1         ./ra/fsp/src/r_ioport/r_ioport.o:(.debug_line)
    47d2     47d2      be6     1         ./ra/fsp/src/r_iic_master/r_iic_master.o:(.debug_line)
    53b8     53b8      5d7     1         ./ra/fsp/src/r_dmac/r_dmac.o:(.debug_line)
    598f     598f       a7     1         ./ra/fsp/src/bsp/mcu/ra6m5/bsp_linker.o:(.debug_line)
    5a36     5a36      58b     1         ./ra/fsp/src/bsp/mcu/all/bsp_clocks.o:(.debug_line)
    5fc1     5fc1      10e     1         ./ra/fsp/src/bsp/mcu/all/bsp_common.o:(.debug_line)
    60cf     60cf      14c     1         ./ra/fsp/src/bsp/mcu/all/bsp_delay.o:(.debug_line)
    621b     621b      135     1         ./ra/fsp/src/bsp/mcu/all/bsp_group_irq.o:(.debug_line)
    6350     6350       8e     1         ./ra/fsp/src/bsp/mcu/all/bsp_io.o:(.debug_line)
    63de     63de       fc     1         ./ra/fsp/src/bsp/mcu/all/bsp_irq.o:(.debug_line)
    64da     64da      116     1         ./ra/fsp/src/bsp/mcu/all/bsp_register_protection.o:(.debug_line)
    65f0     65f0       b3     1         ./ra/fsp/src/bsp/mcu/all/bsp_sbrk.o:(.debug_line)
    66a3     66a3       bf     1         ./ra/fsp/src/bsp/cmsis/Device/RENESAS/Source/startup.o:(.debug_line)
    6762     6762      18f     1         ./ra/fsp/src/bsp/cmsis/Device/RENESAS/Source/system.o:(.debug_line)
       0        0      dd5     1 .debug_line_str
       0        0      dd5     1         <internal>:(.debug_line_str)
       0        0     1e60     4 .symtab
       0        0     1e60     4         <internal>:(.symtab)
       0        0      925     1 .shstrtab
       0        0      925     1         <internal>:(.shstrtab)
       0        0     223e     1 .strtab
       0        0     223e     1         <internal>:(.strtab)

Cross Reference Table

Symbol                                            File
memcpy                                            C:\Renesas\RA\e2studio_v2025-12_fsp_v6.3.0\toolchains\llvm_arm\ATfE-21.1.1-Windows-x86_64\bin\..\lib\clang-runtimes/arm-none-eabi/armv8m.main_hard_fp_exn_rtti_unaligned_size\lib\libc.a(memcpy.c.o)
                                                  C:\Renesas\RA\e2studio_v2025-12_fsp_v6.3.0\toolchains\llvm_arm\ATfE-21.1.1-Windows-x86_64\bin\..\lib\clang-runtimes/arm-none-eabi/armv8m.main_hard_fp_exn_rtti_unaligned_size\lib\crt0.o
memset                                            C:\Renesas\RA\e2studio_v2025-12_fsp_v6.3.0\toolchains\llvm_arm\ATfE-21.1.1-Windows-x86_64\bin\..\lib\clang-runtimes/arm-none-eabi/armv8m.main_hard_fp_exn_rtti_unaligned_size\lib\libc.a(memset.c.o)
                                                  C:\Renesas\RA\e2studio_v2025-12_fsp_v6.3.0\toolchains\llvm_arm\ATfE-21.1.1-Windows-x86_64\bin\..\lib\clang-runtimes/arm-none-eabi/armv8m.main_hard_fp_exn_rtti_unaligned_size\lib\crt0.o
                                                  C:\Renesas\RA\e2studio_v2025-12_fsp_v6.3.0\toolchains\llvm_arm\ATfE-21.1.1-Windows-x86_64\bin\..\lib\clang-runtimes/arm-none-eabi/armv8m.main_hard_fp_exn_rtti_unaligned_size\lib\libc.a(bzero.c.o)
_set_tls                                          C:\Renesas\RA\e2studio_v2025-12_fsp_v6.3.0\toolchains\llvm_arm\ATfE-21.1.1-Windows-x86_64\bin\..\lib\clang-runtimes/arm-none-eabi/armv8m.main_hard_fp_exn_rtti_unaligned_size\lib\libc.a(libc_picolib_machine_arm_set_tls.c.o)
                                                  C:\Renesas\RA\e2studio_v2025-12_fsp_v6.3.0\toolchains\llvm_arm\ATfE-21.1.1-Windows-x86_64\bin\..\lib\clang-runtimes/arm-none-eabi/armv8m.main_hard_fp_exn_rtti_unaligned_size\lib\crt0.o
                                                  ./ra/fsp/src/bsp/cmsis/Device/RENESAS/Source/system.o
main                                              ./ra_gen/main.o
                                                  C:\Renesas\RA\e2studio_v2025-12_fsp_v6.3.0\toolchains\llvm_arm\ATfE-21.1.1-Windows-x86_64\bin\..\lib\clang-runtimes/arm-none-eabi/armv8m.main_hard_fp_exn_rtti_unaligned_size\lib\crt0.o
                                                  ./ra/fsp/src/bsp/cmsis/Device/RENESAS/Source/startup.o
__tls_base                                        fsp_gen.lld:690
                                                  C:\Renesas\RA\e2studio_v2025-12_fsp_v6.3.0\toolchains\llvm_arm\ATfE-21.1.1-Windows-x86_64\bin\..\lib\clang-runtimes/arm-none-eabi/armv8m.main_hard_fp_exn_rtti_unaligned_size\lib\crt0.o
                                                  ./ra/fsp/src/bsp/cmsis/Device/RENESAS/Source/system.o
ADS1115_Open                                      ./src/ads1115.o
                                                  ./src/hal_entry.o
I2CMaster_Open                                    ./src/i2c_master.o
                                                  ./src/ads1115.o
                                                  ./src/sensirion_i2c_ra6m5.o
I2CMaster_SlaveAddrSet                            ./src/i2c_master.o
                                                  ./src/ads1115.o
                                                  ./src/sensirion_i2c_ra6m5.o
                                                  ./src/sht40.o
ADS1115_SetAddress                                ./src/ads1115.o
                                                  ./src/hal_entry.o
ADS1115_SetGain                                   ./src/ads1115.o
                                                  ./src/hal_entry.o
ADS1115_SetDataRate                               ./src/ads1115.o
                                                  ./src/hal_entry.o
ADS1115_WriteRegister                             ./src/ads1115.o
I2CMaster_Write                                   ./src/i2c_master.o
                                                  ./src/ads1115.o
                                                  ./src/sensirion_i2c_ra6m5.o
                                                  ./src/sht40.o
ADS1115_ReadRegister                              ./src/ads1115.o
I2CMaster_WriteRead                               ./src/i2c_master.o
                                                  ./src/ads1115.o
ADS1115_ReadSingleEnded                           ./src/ads1115.o
R_BSP_SoftwareDelay                               ./ra/fsp/src/bsp/mcu/all/bsp_delay.o
                                                  ./src/ads1115.o
                                                  ./src/hal_entry.o
                                                  ./src/i2c_master.o
                                                  ./src/lcd_port.o
                                                  ./src/sensirion_i2c_ra6m5.o
                                                  ./src/sht40.o
                                                  ./src/st7789.o
                                                  ./ra/fsp/src/r_ioport/r_ioport.o
                                                  ./ra/fsp/src/bsp/mcu/all/bsp_clocks.o
ADS1115_RawToMilliVolts                           ./src/ads1115.o
                                                  ./src/mq_acquire.o
ADS1115_ReadAllChannels                           ./src/ads1115.o
                                                  ./src/mq_acquire.o
uart7_callback                                    ./src/hal_entry.o
                                                  ./ra_gen/hal_data.o
hal_entry                                         ./src/hal_entry.o
                                                  ./ra_gen/main.o
MQAcquire_ClearFrame                              ./src/mq_acquire.o
                                                  ./src/hal_entry.o
g_uart7                                           ./ra_gen/hal_data.o
                                                  ./src/hal_entry.o
MQAcquire_ReadFrame                               ./src/mq_acquire.o
                                                  ./src/hal_entry.o
strlen                                            C:\Renesas\RA\e2studio_v2025-12_fsp_v6.3.0\toolchains\llvm_arm\ATfE-21.1.1-Windows-x86_64\bin\..\lib\clang-runtimes/arm-none-eabi/armv8m.main_hard_fp_exn_rtti_unaligned_size\lib\libc.a(strlen.S.o)
                                                  ./src/hal_entry.o
R_BSP_WarmStart                                   ./src/hal_warmstart.o
                                                  ./ra/fsp/src/bsp/cmsis/Device/RENESAS/Source/system.o
g_ioport_ctrl                                     ./ra_gen/common_data.o
                                                  ./src/hal_warmstart.o
                                                  ./src/lcd_port.o
g_bsp_pin_cfg                                     ./ra_gen/pin_data.o
                                                  ./src/hal_warmstart.o
                                                  ./ra_gen/common_data.o
R_IOPORT_Open                                     ./ra/fsp/src/r_ioport/r_ioport.o
                                                  ./src/hal_warmstart.o
i2c2_callback                                     ./src/i2c_master.o
                                                  ./ra_gen/hal_data.o
g_app_i2c_callback_count                          ./src/i2c_master.o
g_app_i2c_tx_cplt                                 ./src/i2c_master.o
g_app_i2c_rx_cplt                                 ./src/i2c_master.o
g_app_i2c_aborted                                 ./src/i2c_master.o
g_app_i2c_last_event                              ./src/i2c_master.o
g_i2c_master0                                     ./ra_gen/hal_data.o
                                                  ./src/i2c_master.o
I2CMaster_Recover                                 ./src/i2c_master.o
g_app_i2c_recover_count                           ./src/i2c_master.o
[...]
                                                  ./ra_gen/vector_data.o
spi_rxi_isr                                       ./ra/fsp/src/r_spi/r_spi.o
                                                  ./ra_gen/vector_data.o
spi_tei_isr                                       ./ra/fsp/src/r_spi/r_spi.o
                                                  ./ra_gen/vector_data.o
spi_eri_isr                                       ./ra/fsp/src/r_spi/r_spi.o
                                                  ./ra_gen/vector_data.o
dmac_int_isr                                      ./ra/fsp/src/r_dmac/r_dmac.o
                                                  ./ra_gen/vector_data.o
spi_txi_isr                                       ./ra/fsp/src/r_spi/r_spi.o
                                                  ./ra_gen/vector_data.o
g_interrupt_event_link_select                     ./ra_gen/vector_data.o
                                                  ./ra/fsp/src/bsp/mcu/all/bsp_irq.o
gp_renesas_isr_context                            ./ra/fsp/src/bsp/mcu/all/bsp_irq.o
                                                  ./ra/fsp/src/r_spi/r_spi.o
                                                  ./ra/fsp/src/r_sci_uart/r_sci_uart.o
                                                  ./ra/fsp/src/r_iic_master/r_iic_master.o
                                                  ./ra/fsp/src/r_dmac/r_dmac.o
SystemCoreClock                                   ./ra/fsp/src/bsp/cmsis/Device/RENESAS/Source/system.o
                                                  ./ra/fsp/src/r_spi/r_spi.o
                                                  ./ra/fsp/src/r_sci_uart/r_sci_uart.o
                                                  ./ra/fsp/src/bsp/mcu/all/bsp_clocks.o
                                                  ./ra/fsp/src/bsp/mcu/all/bsp_delay.o
R_SCI_UART_Open                                   ./ra/fsp/src/r_sci_uart/r_sci_uart.o
R_SCI_UART_Read                                   ./ra/fsp/src/r_sci_uart/r_sci_uart.o
R_SCI_UART_Write                                  ./ra/fsp/src/r_sci_uart/r_sci_uart.o
R_SCI_UART_BaudSet                                ./ra/fsp/src/r_sci_uart/r_sci_uart.o
R_SCI_UART_InfoGet                                ./ra/fsp/src/r_sci_uart/r_sci_uart.o
R_SCI_UART_Abort                                  ./ra/fsp/src/r_sci_uart/r_sci_uart.o
R_SCI_UART_CallbackSet                            ./ra/fsp/src/r_sci_uart/r_sci_uart.o
R_SCI_UART_Close                                  ./ra/fsp/src/r_sci_uart/r_sci_uart.o
R_SCI_UART_ReadStop                               ./ra/fsp/src/r_sci_uart/r_sci_uart.o
R_SCI_UART_ReceiveSuspend                         ./ra/fsp/src/r_sci_uart/r_sci_uart.o
R_SCI_UART_ReceiveResume                          ./ra/fsp/src/r_sci_uart/r_sci_uart.o
__aeabi_memcpy                                    C:\Renesas\RA\e2studio_v2025-12_fsp_v6.3.0\toolchains\llvm_arm\ATfE-21.1.1-Windows-x86_64\bin\..\lib\clang-runtimes/arm-none-eabi/armv8m.main_hard_fp_exn_rtti_unaligned_size\lib\libc.a(memcpy.c.o)
                                                  ./ra/fsp/src/r_sci_uart/r_sci_uart.o
                                                  C:\Renesas\RA\e2studio_v2025-12_fsp_v6.3.0\toolchains\llvm_arm\ATfE-21.1.1-Windows-x86_64\bin\..\lib\clang-runtimes/arm-none-eabi/armv8m.main_hard_fp_exn_rtti_unaligned_size\lib\libc.a(libc_picolib_inittls.c.o)
g_protect_pfswe_counter                           ./ra/fsp/src/bsp/mcu/all/bsp_io.o
                                                  ./ra/fsp/src/r_ioport/r_ioport.o
R_BSP_RegisterProtectDisable                      ./ra/fsp/src/bsp/mcu/all/bsp_register_protection.o
                                                  ./ra/fsp/src/r_ioport/r_ioport.o
                                                  ./ra/fsp/src/bsp/mcu/all/bsp_clocks.o
                                                  ./ra/fsp/src/bsp/mcu/all/bsp_irq.o
                                                  ./ra/fsp/src/bsp/cmsis/Device/RENESAS/Source/system.o
R_BSP_RegisterProtectEnable                       ./ra/fsp/src/bsp/mcu/all/bsp_register_protection.o
                                                  ./ra/fsp/src/r_ioport/r_ioport.o
                                                  ./ra/fsp/src/bsp/mcu/all/bsp_clocks.o
                                                  ./ra/fsp/src/bsp/mcu/all/bsp_irq.o
                                                  ./ra/fsp/src/bsp/cmsis/Device/RENESAS/Source/system.o
R_IIC_MASTER_Open                                 ./ra/fsp/src/r_iic_master/r_iic_master.o
R_IIC_MASTER_Read                                 ./ra/fsp/src/r_iic_master/r_iic_master.o
R_IIC_MASTER_Write                                ./ra/fsp/src/r_iic_master/r_iic_master.o
R_IIC_MASTER_Abort                                ./ra/fsp/src/r_iic_master/r_iic_master.o
R_IIC_MASTER_SlaveAddressSet                      ./ra/fsp/src/r_iic_master/r_iic_master.o
R_IIC_MASTER_CallbackSet                          ./ra/fsp/src/r_iic_master/r_iic_master.o
R_IIC_MASTER_StatusGet                            ./ra/fsp/src/r_iic_master/r_iic_master.o
R_IIC_MASTER_Close                                ./ra/fsp/src/r_iic_master/r_iic_master.o
__ospi0_cs0_noinit_nocache$$Base                  fsp_gen.lld:236
                                                  ./ra/fsp/src/bsp/mcu/ra6m5/bsp_linker.o
__ospi0_cs0_zero_nocache$$Limit                   fsp_gen.lld:248
                                                  ./ra/fsp/src/bsp/mcu/ra6m5/bsp_linker.o
__ram_noinit_nocache$$Base                        fsp_gen.lld:288
                                                  ./ra/fsp/src/bsp/mcu/ra6m5/bsp_linker.o
__ram_zero_nocache$$Limit                         fsp_gen.lld:300
                                                  ./ra/fsp/src/bsp/mcu/ra6m5/bsp_linker.o
g_init_info                                       ./ra/fsp/src/bsp/mcu/ra6m5/bsp_linker.o
                                                  ./ra/fsp/src/bsp/cmsis/Device/RENESAS/Source/system.o
__ospi0_cs0_zero_nocache$$Base                    fsp_gen.lld:244
                                                  ./ra/fsp/src/bsp/mcu/ra6m5/bsp_linker.o
__ospi0_cs0_zero$$Base                            fsp_gen.lld:261
                                                  ./ra/fsp/src/bsp/mcu/ra6m5/bsp_linker.o
__ospi0_cs0_zero$$Limit                           fsp_gen.lld:264
                                                  ./ra/fsp/src/bsp/mcu/ra6m5/bsp_linker.o
__ram_zero_nocache$$Base                          fsp_gen.lld:296
                                                  ./ra/fsp/src/bsp/mcu/ra6m5/bsp_linker.o
__ram_zero$$Base                                  fsp_gen.lld:316
                                                  ./ra/fsp/src/bsp/mcu/ra6m5/bsp_linker.o
__ram_zero$$Limit                                 fsp_gen.lld:320
                                                  ./ra/fsp/src/bsp/mcu/ra6m5/bsp_linker.o
__ram_tbss$$Base                                  fsp_gen.lld:334
                                                  ./ra/fsp/src/bsp/mcu/ra6m5/bsp_linker.o
__ram_tbss$$Limit                                 fsp_gen.lld:339
                                                  ./ra/fsp/src/bsp/mcu/ra6m5/bsp_linker.o
__ospi0_cs0_from_qspi_flash$$Base                 fsp_gen.lld:44
                                                  ./ra/fsp/src/bsp/mcu/ra6m5/bsp_linker.o
__ospi0_cs0_from_qspi_flash$$Limit                fsp_gen.lld:49
                                                  ./ra/fsp/src/bsp/mcu/ra6m5/bsp_linker.o
__ospi0_cs0_from_qspi_flash$$Load                 fsp_gen.lld:44
                                                  ./ra/fsp/src/bsp/mcu/ra6m5/bsp_linker.o
__ospi0_cs0_from_ospi0_cs1$$Base                  fsp_gen.lld:107
                                                  ./ra/fsp/src/bsp/mcu/ra6m5/bsp_linker.o
__ospi0_cs0_from_ospi0_cs1$$Limit                 fsp_gen.lld:112
                                                  ./ra/fsp/src/bsp/mcu/ra6m5/bsp_linker.o
__ospi0_cs0_from_ospi0_cs1$$Load                  fsp_gen.lld:107
                                                  ./ra/fsp/src/bsp/mcu/ra6m5/bsp_linker.o
__ospi0_cs0_from_data_flash$$Base                 fsp_gen.lld:159
                                                  ./ra/fsp/src/bsp/mcu/ra6m5/bsp_linker.o
__ospi0_cs0_from_data_flash$$Limit                fsp_gen.lld:164
                                                  ./ra/fsp/src/bsp/mcu/ra6m5/bsp_linker.o
__ospi0_cs0_from_data_flash$$Load                 fsp_gen.lld:159
                                                  ./ra/fsp/src/bsp/mcu/ra6m5/bsp_linker.o
__ospi0_cs0_from_flash$$Base                      fsp_gen.lld:226
                                                  ./ra/fsp/src/bsp/mcu/ra6m5/bsp_linker.o
__ospi0_cs0_from_flash$$Limit                     fsp_gen.lld:231
                                                  ./ra/fsp/src/bsp/mcu/ra6m5/bsp_linker.o
__ospi0_cs0_from_flash$$Load                      fsp_gen.lld:226
                                                  ./ra/fsp/src/bsp/mcu/ra6m5/bsp_linker.o
__ram_from_qspi_flash$$Base                       fsp_gen.lld:67
                                                  ./ra/fsp/src/bsp/mcu/ra6m5/bsp_linker.o
__ram_from_qspi_flash$$Limit                      fsp_gen.lld:72
                                                  ./ra/fsp/src/bsp/mcu/ra6m5/bsp_linker.o
__ram_from_qspi_flash$$Load                       fsp_gen.lld:67
                                                  ./ra/fsp/src/bsp/mcu/ra6m5/bsp_linker.o
__ram_from_ospi0_cs1$$Base                        fsp_gen.lld:119
                                                  ./ra/fsp/src/bsp/mcu/ra6m5/bsp_linker.o
__ram_from_ospi0_cs1$$Limit                       fsp_gen.lld:124
                                                  ./ra/fsp/src/bsp/mcu/ra6m5/bsp_linker.o
__ram_from_ospi0_cs1$$Load                        fsp_gen.lld:119
                                                  ./ra/fsp/src/bsp/mcu/ra6m5/bsp_linker.o
__ram_from_data_flash$$Base                       fsp_gen.lld:171
                                                  ./ra/fsp/src/bsp/mcu/ra6m5/bsp_linker.o
__ram_from_data_flash$$Limit                      fsp_gen.lld:176
                                                  ./ra/fsp/src/bsp/mcu/ra6m5/bsp_linker.o
__ram_from_data_flash$$Load                       fsp_gen.lld:171
                                                  ./ra/fsp/src/bsp/mcu/ra6m5/bsp_linker.o
__ram_from_flash$$Base                            fsp_gen.lld:276
                                                  ./ra/fsp/src/bsp/mcu/ra6m5/bsp_linker.o
__ram_from_flash$$Limit                           fsp_gen.lld:283
                                                  ./ra/fsp/src/bsp/mcu/ra6m5/bsp_linker.o
__ram_from_flash$$Load                            fsp_gen.lld:276
                                                  ./ra/fsp/src/bsp/mcu/ra6m5/bsp_linker.o
__ram_tdata$$Base                                 fsp_gen.lld:325
                                                  ./ra/fsp/src/bsp/mcu/ra6m5/bsp_linker.o
__ram_tdata$$Limit                                fsp_gen.lld:329
                                                  ./ra/fsp/src/bsp/mcu/ra6m5/bsp_linker.o
__ram_tdata$$Load                                 fsp_gen.lld:325
                                                  ./ra/fsp/src/bsp/mcu/ra6m5/bsp_linker.o
SystemCoreClockUpdate                             ./ra/fsp/src/bsp/mcu/all/bsp_clocks.o
                                                  ./ra/fsp/src/bsp/cmsis/Device/RENESAS/Source/system.o
bsp_clock_init                                    ./ra/fsp/src/bsp/mcu/all/bsp_clocks.o
                                                  ./ra/fsp/src/bsp/cmsis/Device/RENESAS/Source/system.o
R_BSP_SubClockStabilizeWaitAfterReset             ./ra/fsp/src/bsp/mcu/all/bsp_clocks.o
R_BSP_Init_RTC                                    ./ra/fsp/src/bsp/mcu/all/bsp_clocks.o
                                                  ./ra/fsp/src/bsp/cmsis/Device/RENESAS/Source/system.o
bsp_init_internal                                 ./ra/fsp/src/bsp/mcu/all/bsp_common.o
bsp_init                                          ./ra/fsp/src/bsp/mcu/all/bsp_common.o
                                                  ./ra/fsp/src/bsp/cmsis/Device/RENESAS/Source/system.o
bsp_prv_software_delay_loop                       ./ra/fsp/src/bsp/mcu/all/bsp_delay.o
g_bsp_group_irq_sources                           ./ra/fsp/src/bsp/mcu/all/bsp_group_irq.o
NMI_Handler                                       ./ra/fsp/src/bsp/mcu/all/bsp_group_irq.o
                                                  ./ra/fsp/src/bsp/cmsis/Device/RENESAS/Source/startup.o
bsp_irq_cfg                                       ./ra/fsp/src/bsp/mcu/all/bsp_irq.o
                                                  ./ra/fsp/src/bsp/cmsis/Device/RENESAS/Source/system.o
g_protect_counters                                ./ra/fsp/src/bsp/mcu/all/bsp_register_protection.o
Reset_Handler                                     ./ra/fsp/src/bsp/cmsis/Device/RENESAS/Source/startup.o
SystemInit                                        ./ra/fsp/src/bsp/cmsis/Device/RENESAS/Source/system.o
                                                  ./ra/fsp/src/bsp/cmsis/Device/RENESAS/Source/startup.o
Default_Handler                                   ./ra/fsp/src/bsp/cmsis/Device/RENESAS/Source/startup.o
g_main_stack                                      ./ra/fsp/src/bsp/cmsis/Device/RENESAS/Source/startup.o
                                                  ./ra/fsp/src/bsp/cmsis/Device/RENESAS/Source/system.o
__Vectors                                         ./ra/fsp/src/bsp/cmsis/Device/RENESAS/Source/startup.o
                                                  ./ra/fsp/src/bsp/cmsis/Device/RENESAS/Source/system.o
HardFault_Handler                                 ./ra/fsp/src/bsp/cmsis/Device/RENESAS/Source/startup.o
MemManage_Handler                                 ./ra/fsp/src/bsp/cmsis/Device/RENESAS/Source/startup.o
BusFault_Handler                                  ./ra/fsp/src/bsp/cmsis/Device/RENESAS/Source/startup.o
UsageFault_Handler                                ./ra/fsp/src/bsp/cmsis/Device/RENESAS/Source/startup.o
SecureFault_Handler                               ./ra/fsp/src/bsp/cmsis/Device/RENESAS/Source/startup.o
SVC_Handler                                       ./ra/fsp/src/bsp/cmsis/Device/RENESAS/Source/startup.o
DebugMon_Handler                                  ./ra/fsp/src/bsp/cmsis/Device/RENESAS/Source/startup.o
PendSV_Handler                                    ./ra/fsp/src/bsp/cmsis/Device/RENESAS/Source/startup.o
SysTick_Handler                                   ./ra/fsp/src/bsp/cmsis/Device/RENESAS/Source/startup.o
_init_tls                                         C:\Renesas\RA\e2studio_v2025-12_fsp_v6.3.0\toolchains\llvm_arm\ATfE-21.1.1-Windows-x86_64\bin\..\lib\clang-runtimes/arm-none-eabi/armv8m.main_hard_fp_exn_rtti_unaligned_size\lib\libc.a(libc_picolib_inittls.c.o)
                                                  ./ra/fsp/src/bsp/cmsis/Device/RENESAS/Source/system.o
__init_array_start                                fsp_gen.lld:402
                                                  ./ra/fsp/src/bsp/cmsis/Device/RENESAS/Source/system.o
__init_array_end                                  fsp_gen.lld:405
                                                  ./ra/fsp/src/bsp/cmsis/Device/RENESAS/Source/system.o
__aeabi_memclr4                                   C:\Renesas\RA\e2studio_v2025-12_fsp_v6.3.0\toolchains\llvm_arm\ATfE-21.1.1-Windows-x86_64\bin\..\lib\clang-runtimes/arm-none-eabi/armv8m.main_hard_fp_exn_rtti_unaligned_size\lib\libc.a(bzero.c.o)
                                                  ./ra/fsp/src/bsp/cmsis/Device/RENESAS/Source/system.o
__aeabi_memcpy4                                   C:\Renesas\RA\e2studio_v2025-12_fsp_v6.3.0\toolchains\llvm_arm\ATfE-21.1.1-Windows-x86_64\bin\..\lib\clang-runtimes/arm-none-eabi/armv8m.main_hard_fp_exn_rtti_unaligned_size\lib\libc.a(memcpy.c.o)
                                                  ./ra/fsp/src/bsp/cmsis/Device/RENESAS/Source/system.o
bzero                                             C:\Renesas\RA\e2studio_v2025-12_fsp_v6.3.0\toolchains\llvm_arm\ATfE-21.1.1-Windows-x86_64\bin\..\lib\clang-runtimes/arm-none-eabi/armv8m.main_hard_fp_exn_rtti_unaligned_size\lib\libc.a(bzero.c.o)
__aeabi_memclr8                                   C:\Renesas\RA\e2studio_v2025-12_fsp_v6.3.0\toolchains\llvm_arm\ATfE-21.1.1-Windows-x86_64\bin\..\lib\clang-runtimes/arm-none-eabi/armv8m.main_hard_fp_exn_rtti_unaligned_size\lib\libc.a(bzero.c.o)
__aeabi_memclr                                    C:\Renesas\RA\e2studio_v2025-12_fsp_v6.3.0\toolchains\llvm_arm\ATfE-21.1.1-Windows-x86_64\bin\..\lib\clang-runtimes/arm-none-eabi/armv8m.main_hard_fp_exn_rtti_unaligned_size\lib\libc.a(bzero.c.o)
                                                  C:\Renesas\RA\e2studio_v2025-12_fsp_v6.3.0\toolchains\llvm_arm\ATfE-21.1.1-Windows-x86_64\bin\..\lib\clang-runtimes/arm-none-eabi/armv8m.main_hard_fp_exn_rtti_unaligned_size\lib\libc.a(libc_picolib_inittls.c.o)
__aeabi_memcpy8                                   C:\Renesas\RA\e2studio_v2025-12_fsp_v6.3.0\toolchains\llvm_arm\ATfE-21.1.1-Windows-x86_64\bin\..\lib\clang-runtimes/arm-none-eabi/armv8m.main_hard_fp_exn_rtti_unaligned_size\lib\libc.a(memcpy.c.o)
__tdata_source                                    fsp_gen.lld:691
                                                  C:\Renesas\RA\e2studio_v2025-12_fsp_v6.3.0\toolchains\llvm_arm\ATfE-21.1.1-Windows-x86_64\bin\..\lib\clang-runtimes/arm-none-eabi/armv8m.main_hard_fp_exn_rtti_unaligned_size\lib\libc.a(libc_picolib_inittls.c.o)
__tdata_size                                      fsp_gen.lld:692
                                                  C:\Renesas\RA\e2studio_v2025-12_fsp_v6.3.0\toolchains\llvm_arm\ATfE-21.1.1-Windows-x86_64\bin\..\lib\clang-runtimes/arm-none-eabi/armv8m.main_hard_fp_exn_rtti_unaligned_size\lib\libc.a(libc_picolib_inittls.c.o)
__tbss_offset                                     fsp_gen.lld:693
                                                  C:\Renesas\RA\e2studio_v2025-12_fsp_v6.3.0\toolchains\llvm_arm\ATfE-21.1.1-Windows-x86_64\bin\..\lib\clang-runtimes/arm-none-eabi/armv8m.main_hard_fp_exn_rtti_unaligned_size\lib\libc.a(libc_picolib_inittls.c.o)
__tbss_size                                       fsp_gen.lld:694
                                                  C:\Renesas\RA\e2studio_v2025-12_fsp_v6.3.0\toolchains\llvm_arm\ATfE-21.1.1-Windows-x86_64\bin\..\lib\clang-runtimes/arm-none-eabi/armv8m.main_hard_fp_exn_rtti_unaligned_size\lib\libc.a(libc_picolib_inittls.c.o)
__arm32_tls_tcb_offset                            fsp_gen.lld:695
                                                  C:\Renesas\RA\e2studio_v2025-12_fsp_v6.3.0\toolchains\llvm_arm\ATfE-21.1.1-Windows-x86_64\bin\..\lib\clang-runtimes/arm-none-eabi/armv8m.main_hard_fp_exn_rtti_unaligned_size\lib\libc.a(libc_picolib_machine_arm_set_tls.c.o)
__tls                                             C:\Renesas\RA\e2studio_v2025-12_fsp_v6.3.0\toolchains\llvm_arm\ATfE-21.1.1-Windows-x86_64\bin\..\lib\clang-runtimes/arm-none-eabi/armv8m.main_hard_fp_exn_rtti_unaligned_size\lib\libc.a(libc_picolib_machine_arm_tls.c.o)
                                                  C:\Renesas\RA\e2studio_v2025-12_fsp_v6.3.0\toolchains\llvm_arm\ATfE-21.1.1-Windows-x86_64\bin\..\lib\clang-runtimes/arm-none-eabi/armv8m.main_hard_fp_exn_rtti_unaligned_size\lib\libc.a(libc_picolib_machine_arm_set_tls.c.o)
                                                  C:\Renesas\RA\e2studio_v2025-12_fsp_v6.3.0\toolchains\llvm_arm\ATfE-21.1.1-Windows-x86_64\bin\..\lib\clang-runtimes/arm-none-eabi/armv8m.main_hard_fp_exn_rtti_unaligned_size\lib\libc.a(libc_picolib_machine_arm_read_tp.S.o)
