     VMA      LMA     Size Align Out     In      Symbol
       0        0        0     1 RAM_START = 0x20000000
       0        0        0     1 RAM_LENGTH = 0x00080000
       0        0        0     1 FLASH_START = 0x00000000
       0        0        0     1 FLASH_LENGTH = 0x00100000
       0        0        0     1 DATA_FLASH_START = 0x08000000
       0        0        0     1 DATA_FLASH_LENGTH = 0x00002000
       0        0        0     1 QSPI_FLASH_START = 0x60000000
       0        0        0     1 QSPI_FLASH_LENGTH = 0x04000000
       0        0        0     1 OSPI0_CS0_START = 0x68000000
       0        0        0     1 OSPI0_CS0_LENGTH = 0x08000000
       0        0        0     1 OSPI0_CS1_START = 0x70000000
       0        0        0     1 OSPI0_CS1_LENGTH = 0x10000000
       0        0        0     1 OPTION_SETTING_OFS0_START = 0x0100a100
       0        0        0     1 OPTION_SETTING_OFS0_LENGTH = 0x00000004
       0        0        0     1 OPTION_SETTING_DUALSEL_START = 0x0100a110
       0        0        0     1 OPTION_SETTING_DUALSEL_LENGTH = 0x00000004
       0        0        0     1 OPTION_SETTING_OFS1_START = 0x0100a180
       0        0        0     1 OPTION_SETTING_OFS1_LENGTH = 0x00000004
       0        0        0     1 OPTION_SETTING_BANKSEL_START = 0x0100a190
       0        0        0     1 OPTION_SETTING_BANKSEL_LENGTH = 0x00000004
       0        0        0     1 OPTION_SETTING_BPS_START = 0x0100a1c0
       0        0        0     1 OPTION_SETTING_BPS_LENGTH = 0x00000010
       0        0        0     1 OPTION_SETTING_PBPS_START = 0x0100a1e0
       0        0        0     1 OPTION_SETTING_PBPS_LENGTH = 0x00000010
       0        0        0     1 OPTION_SETTING_OFS1_SEC_START = 0x0100a200
       0        0        0     1 OPTION_SETTING_OFS1_SEC_LENGTH = 0x00000004
       0        0        0     1 OPTION_SETTING_BANKSEL_SEC_START = 0x0100a210
       0        0        0     1 OPTION_SETTING_BANKSEL_SEC_LENGTH = 0x00000004
       0        0        0     1 OPTION_SETTING_BPS_SEC_START = 0x0100a240
       0        0        0     1 OPTION_SETTING_BPS_SEC_LENGTH = 0x00000010
       0        0        0     1 OPTION_SETTING_PBPS_SEC_START = 0x0100a260
       0        0        0     1 OPTION_SETTING_PBPS_SEC_LENGTH = 0x00000010
       0        0        0     1 OPTION_SETTING_OFS1_SEL_START = 0x0100a280
       0        0        0     1 OPTION_SETTING_OFS1_SEL_LENGTH = 0x00000004
       0        0        0     1 OPTION_SETTING_BANKSEL_SEL_START = 0x0100a290
       0        0        0     1 OPTION_SETTING_BANKSEL_SEL_LENGTH = 0x00000004
       0        0        0     1 OPTION_SETTING_BPS_SEL_START = 0x0100a2c0
       0        0        0     1 OPTION_SETTING_BPS_SEL_LENGTH = 0x00000010
60000000 60000000        0     1 .qspi_flash.startof
60000000 60000000        0     1         __ddsc_QSPI_FLASH_START = .
68000000 68000000        0     1 .ospi0_cs0.startof
68000000 68000000        0     1         __ddsc_OSPI0_CS0_START = .
68000000 68000000        0     1 __ospi0_cs0_from_qspi_flash$$
68000000 68000000        0     1         __ospi0_cs0_from_qspi_flash$$Base = .
68000000 68000000        0     1         __ospi0_cs0_from_qspi_flash$$Load = LOADADDR(__ospi0_cs0_from_qspi_flash$$)
68000000 68000000        0     1         __ospi0_cs0_from_qspi_flash$$Limit = .
20000000 20000000        0     1 .ram.startof
20000000 20000000        0     1         __ddsc_RAM_START = .
20000000 20000000        0     1 __ram_dtc_vector$$
20000000 20000000        0     1         __ram_dtc_vector$$Base = .
20000000 20000000        0     1         __ram_dtc_vector$$Limit = .
20000000 20000000        0     1 __ram_from_qspi_flash$$
20000000 20000000        0     1         __ram_from_qspi_flash$$Base = .
20000000 20000000        0     1         __ram_from_qspi_flash$$Load = LOADADDR(__ram_from_qspi_flash$$)
20000000 20000000        0     1         __ram_from_qspi_flash$$Limit = .
60000000 60000000        0     1 __qspi_flash_readonly$$
60000000 60000000        0     1         __qspi_flash_readonly$$Base = .
60000000 60000000        0     1         __qspi_flash_readonly$$Limit = .
60000000 60000000        0     1 __qspi_flash_noinit$$
60000000 60000000        0     1         __qspi_flash_noinit$$Base = .
60000000 60000000        0     1         __qspi_flash_noinit$$Limit = .
60000000 60000000        0     1 .qspi_flash.endof
60000000 60000000        0     1         __ddsc_QSPI_FLASH_END = .
70000000 70000000        0     1 .ospi0_cs1.startof
70000000 70000000        0     1         __ddsc_OSPI0_CS1_START = .
68000000 68000000        0     1 __ospi0_cs0_from_ospi0_cs1$$
68000000 68000000        0     1         __ospi0_cs0_from_ospi0_cs1$$Base = .
68000000 68000000        0     1         __ospi0_cs0_from_ospi0_cs1$$Load = LOADADDR(__ospi0_cs0_from_ospi0_cs1$$)
68000000 68000000        0     1         __ospi0_cs0_from_ospi0_cs1$$Limit = .
20000000 20000000        0     1 __ram_from_ospi0_cs1$$
20000000 20000000        0     1         __ram_from_ospi0_cs1$$Base = .
20000000 20000000        0     1         __ram_from_ospi0_cs1$$Load = LOADADDR(__ram_from_ospi0_cs1$$)
20000000 20000000        0     1         __ram_from_ospi0_cs1$$Limit = .
70000000 70000000        0     1 __ospi0_cs1_readonly$$
70000000 70000000        0     1         __ospi0_cs1_readonly$$Base = .
70000000 70000000        0     1         __ospi0_cs1_readonly$$Limit = .
70000000 70000000        0     1 __ospi0_cs1_noinit$$
70000000 70000000        0     1         __ospi0_cs1_noinit$$Base = .
70000000 70000000        0     1         __ospi0_cs1_noinit$$Limit = .
70000000 70000000        0     1 .ospi0_cs1.endof
70000000 70000000        0     1         __ddsc_OSPI0_CS1_END = .
 8000000  8000000        0     1 .data_flash.startof
 8000000  8000000        0     1         __ddsc_DATA_FLASH_START = .
68000000 68000000        0     1 __ospi0_cs0_from_data_flash$$
68000000 68000000        0     1         __ospi0_cs0_from_data_flash$$Base = .
68000000 68000000        0     1         __ospi0_cs0_from_data_flash$$Load = LOADADDR(__ospi0_cs0_from_data_flash$$)
68000000 68000000        0     1         __ospi0_cs0_from_data_flash$$Limit = .
20000000 20000000        0     1 __ram_from_data_flash$$
20000000 20000000        0     1         __ram_from_data_flash$$Base = .
20000000 20000000        0     1         __ram_from_data_flash$$Load = LOADADDR(__ram_from_data_flash$$)
20000000 20000000        0     1         __ram_from_data_flash$$Limit = .
 8000000  8000000        0     1 __data_flash_readonly$$
 8000000  8000000        0     1         __data_flash_readonly$$Base = .
 8000000  8000000        0     1         __data_flash_readonly$$Limit = .
 8000000  8000000        0     1 __data_flash_noinit$$
 8000000  8000000        0     1         __data_flash_noinit$$Base = .
 8000000  8000000        0     1         __data_flash_noinit$$Limit = .
 8000000  8000000        0     1 .data_flash.endof
 8000000  8000000        0     1         __ddsc_DATA_FLASH_END = .
       0        0        0     1 .flash.startof
       0        0        0     1         __ddsc_FLASH_START = .
       0        0       70     4 __flash_vectors$$
       0        0        0     1         __flash_vectors$$Base = .
       0        0        0     1         _VECTORS = .
       0        0       40     4         ./ra/fsp/src/bsp/cmsis/Device/RENESAS/Source/startup.o:(.fixed_vectors)
       0        0       40     1                 __Vectors
      40       40       30     4         ./ra_gen/vector_data.o:(.application_vectors)
      40       40       30     1                 g_vector_table
      70       70        0     1         __flash_vectors$$Limit = .
      70       70        0     1 __flash_noinit$$
      70       70        0     1         __flash_noinit$$Base = .
      70       70        0     1         __flash_noinit$$Limit = .
68000000 68000000        0     1 __ospi0_cs0_from_flash$$
68000000 68000000        0     1         __ospi0_cs0_from_flash$$Base = .
68000000 68000000        0     1         __ospi0_cs0_from_flash$$Load = LOADADDR(__ospi0_cs0_from_flash$$)
68000000 68000000        0     1         __ospi0_cs0_from_flash$$Limit = .
68000000 68000000        0     1 __ospi0_cs0_noinit_nocache$$
68000000 68000000        0     1         __ospi0_cs0_noinit_nocache$$Base = .
68000000 68000000        0     1         __ospi0_cs0_noinit_nocache$$Limit = .
68000000 68000000        0     1 __ospi0_cs0_zero_nocache$$
68000000 68000000        0     1         __ospi0_cs0_zero_nocache$$Base = .
68000000 68000000        0     1         . = ALIGN(32)
68000000 68000000        0     1         __ospi0_cs0_zero_nocache$$Limit = .
68000000 68000000        0     1 __ospi0_cs0_noinit$$
68000000 68000000        0     1         __ospi0_cs0_noinit$$Base = .
68000000 68000000        0     1         __ospi0_cs0_noinit$$Limit = .
68000000 68000000        0     1 __ospi0_cs0_zero$$
68000000 68000000        0     1         __ospi0_cs0_zero$$Base = .
68000000 68000000        0     1         __ospi0_cs0_zero$$Limit = .
68000000 68000000        0     1 .ospi0_cs0.endof
68000000 68000000        0     1         __ddsc_OSPI0_CS0_END = .
20000000       70       20     4 __ram_from_flash$$
20000000       70        0     1         __ram_from_flash$$Base = .
20000000       70        0     1         __ram_from_flash$$Load = LOADADDR(__ram_from_flash$$)
20000000       70        1     1         ./src/ads1115.o:(.data.g_ads1115_dr)
20000000       70        1     1                 g_ads1115_dr
20000001       71        1     1         ./src/ads1115.o:(.data.g_ads1115_slave_addr)
20000001       71        1     1                 g_ads1115_slave_addr
20000002       72        1     1         ./src/app_button.o:(.data.g_app_button_last_raw_level)
20000002       72        1     1                 g_app_button_last_raw_level
20000003       73        1     1         ./src/app_button.o:(.data.g_app_button_stable_level)
20000003       73        1     1                 g_app_button_stable_level
20000004       74        4     4         ./src/sgp_git_version.o:(.data.SGP_DRV_VERSION_STR)
20000004       74        4     1                 SGP_DRV_VERSION_STR
20000008       78       14     4         ./src/sht40.o:(.data.gSHT40Dev)
20000008       78       14     1                 gSHT40Dev
2000001c       8c        4     1         ./ra_gen/hal_data.o:(.data.g_uart7_baud_setting)
2000001c       8c        4     1                 g_uart7_baud_setting
20000020       90        0     1         __ram_from_flash$$Limit = .
20000020 20000020        0     1 __ram_noinit_nocache$$
20000020 20000020        0     1         __ram_noinit_nocache$$Base = .
20000020 20000020        0     1         __ram_noinit_nocache$$Limit = .
20000020 20000020        0     1 __ram_zero_nocache$$
20000020 20000020        0     1         __ram_zero_nocache$$Base = .
20000020 20000020        0     1         . = ALIGN(32)
20000020 20000020        0     1         __ram_zero_nocache$$Limit = .
20000020 20000020     101c     8 __ram_noinit$$
20000020 20000020        0     1         __ram_noinit$$Base = .
20000020 20000020     1000     8         ./ra/fsp/src/bsp/cmsis/Device/RENESAS/Source/startup.o:(.bss.g_main_stack)
20000020 20000020     1000     1                 g_main_stack
20001020 20001020       1c     4         ./ra/fsp/src/bsp/mcu/all/bsp_clocks.o:(.ram_noinit)
20001020 20001020       1c     1                 g_clock_freq
2000103c 2000103c        0     1         __ram_noinit$$Limit = .
2000103c 2000103c      570     4 __ram_zero$$
2000103c 2000103c        0     1         __ram_zero$$Base = .
2000103c 2000103c        1     1         ./src/ads1115.o:(.bss.g_ads1115_opened)
2000103c 2000103c        1     1                 g_ads1115_opened
2000103e 2000103e        2     2         ./src/ads1115.o:(.bss.g_ads1115_pga)
2000103e 2000103e        2     1                 g_ads1115_pga
20001040 20001040        4     4         ./src/app_button.o:(.bss.g_app_button_last_change_ms)
20001040 20001040        4     1                 g_app_button_last_change_ms
20001044 20001044        1     1         ./src/app_button.o:(.bss.g_app_button_inited)
20001044 20001044        1     1                 g_app_button_inited
20001048 20001048        4     4         ./src/app_debug.o:(.bss.g_app_uart7_tx_complete)
20001048 20001048        4     1                 g_app_uart7_tx_complete
2000104c 2000104c        1     1         ./src/app_debug.o:(.bss.g_app_uart7_opened)
2000104c 2000104c        1     1                 g_app_uart7_opened
2000104d 2000104d        1     1         ./src/app_systick.o:(.bss.g_app_systick_inited)
2000104d 2000104d        1     1                 g_app_systick_inited
20001050 20001050        4     4         ./src/app_systick.o:(.bss.g_app_systick_ms)
20001050 20001050        4     1                 g_app_systick_ms
20001054 20001054      374     4         ./src/hal_entry.o:(.bss.g_sensor_hub)
20001054 20001054      374     1                 g_sensor_hub
200013c8 200013c8       c8     4         ./src/hal_entry.o:(.bss.g_sensor_record)
200013c8 200013c8       c8     1                 g_sensor_record
20001490 20001490        1     1         ./src/i2c_master.o:(.bss.g_app_i2c_tx_cplt)
20001490 20001490        1     1                 g_app_i2c_tx_cplt
20001491 20001491        1     1         ./src/i2c_master.o:(.bss.g_app_i2c_rx_cplt)
20001491 20001491        1     1                 g_app_i2c_rx_cplt
20001492 20001492        1     1         ./src/i2c_master.o:(.bss.g_app_i2c_aborted)
20001492 20001492        1     1                 g_app_i2c_aborted
20001493 20001493        1     1         ./src/i2c_master.o:(.bss.g_app_i2c_last_event)
20001493 20001493        1     1                 g_app_i2c_last_event
20001494 20001494        4     4         ./src/i2c_master.o:(.bss.g_app_i2c_callback_count)
20001494 20001494        4     1                 g_app_i2c_callback_count
20001498 20001498        4     4         ./src/i2c_master.o:(.bss.g_app_i2c_timeout_count)
20001498 20001498        4     1                 g_app_i2c_timeout_count
2000149c 2000149c        4     4         ./src/i2c_master.o:(.bss.g_app_i2c_recover_count)
2000149c 2000149c        4     1                 g_app_i2c_recover_count
200014a0 200014a0        1     1         ./src/i2c_master.o:(.bss.g_app_i2c_opened)
200014a0 200014a0        1     1                 g_app_i2c_opened
200014a1 200014a1        1     1         ./src/sensirion_i2c_ra6m5.o:(.bss.g_sensirion_i2c_inited)
200014a1 200014a1        1     1                 g_sensirion_i2c_inited
200014a2 200014a2        1     1         ./src/sensor_uart.o:(.bss.g_sensor_uart_mode)
200014a2 200014a2        1     1                 g_sensor_uart_mode
200014a3 200014a3        1     1         ./src/sensor_uart.o:(.bss.g_sensor_uart_csv_header_printed)
200014a3 200014a3        1     1                 g_sensor_uart_csv_header_printed
200014a4 200014a4        1     1         ./src/spray_ctrl.o:(.bss.g_spray_ctrl_state)
200014a4 200014a4        1     1                 g_spray_ctrl_state
200014a8 200014a8        4     4         ./src/spray_ctrl.o:(.bss.g_spray_ctrl_state_enter_ms)
200014a8 200014a8        4     1                 g_spray_ctrl_state_enter_ms
200014ac 200014ac        8     4         ./ra_gen/common_data.o:(.bss.g_ioport_ctrl)
200014ac 200014ac        8     1                 g_ioport_ctrl
200014b4 200014b4       30     4         ./ra_gen/hal_data.o:(.bss.g_uart7_ctrl)
200014b4 200014b4       30     1                 g_uart7_ctrl
200014e4 200014e4       40     4         ./ra_gen/hal_data.o:(.bss.g_i2c_master0_ctrl)
200014e4 200014e4       40     1                 g_i2c_master0_ctrl
20001524 20001524       40     4         ./ra/fsp/src/bsp/mcu/all/bsp_group_irq.o:(.bss.g_bsp_group_irq_sources)
20001524 20001524       40     1                 g_bsp_group_irq_sources
20001564 20001564        4     4         ./ra/fsp/src/bsp/mcu/all/bsp_io.o:(.bss.g_protect_pfswe_counter)
20001564 20001564        4     1                 g_protect_pfswe_counter
20001568 20001568       30     4         ./ra/fsp/src/bsp/mcu/all/bsp_irq.o:(.bss.gp_renesas_isr_context)
20001568 20001568       30     1                 gp_renesas_isr_context
20001598 20001598        a     2         ./ra/fsp/src/bsp/mcu/all/bsp_register_protection.o:(.bss.g_protect_counters)
20001598 20001598        a     1                 g_protect_counters
200015a4 200015a4        4     4         ./ra/fsp/src/bsp/cmsis/Device/RENESAS/Source/system.o:(.bss.SystemCoreClock)
200015a4 200015a4        4     1                 SystemCoreClock
200015a8 200015a8        4     4         C:\Renesas\RA\e2studio_v2025-12_fsp_v6.3.0\toolchains\llvm_arm\ATfE-21.1.1-Windows-x86_64\bin\..\lib\clang-runtimes/arm-none-eabi/armv8m.main_hard_fp_exn_rtti_unaligned_size\lib\libc.a(libc_picolib_machine_arm_tls.c.o):(.bss.__tls)
200015a8 200015a8        4     1                 __tls
200015ac 200015ac        0     1         __ram_zero$$Limit = .
200015ac 200015ac        0     1 __ram_tdata$$
200015ac 200015ac        0     1         __ram_tdata$$Base = .
200015ac 200015ac        0     1         __ram_tdata$$Load = LOADADDR(__ram_tdata$$)
200015ac 200015ac        0     1         __ram_tdata$$Limit = .
200015ac 200015ac        0     1 __ram_tbss$$
200015ac 200015ac        0     1         __ram_tbss$$Base = .
200015ac 200015ac        0     1         __ram_tbss$$Limit = .
200015b0 200015b0        0     1 __ram_thread_stack$$
200015b0 200015b0        0     1         __ram_thread_stack$$Base = .
200015b0 200015b0        0     1         __ram_thread_stack$$Limit = .
20001800 20001800        0     1 .ram.endof
20001800 20001800        0     1         __ddsc_RAM_END = .
20001800 20001800        0     1 .ram.flat_nsc
20001800 20001800        0     1         __ddsc_RAM_NSC = .
      90       90     5aa2     4 __flash_readonly$$
      90       90        0     1         __flash_readonly$$Base = .
      90       90       4c     2         ./src/ads1115.o:(.text.ADS1115_Open)
      90       90        0     1                 $t
      91       91       4c     1                 ADS1115_Open
      dc       dc       2e     2         ./src/ads1115.o:(.text.ADS1115_SetAddress)
      dc       dc        0     1                 $t
      dd       dd       2e     1                 ADS1115_SetAddress
     10a      10a        c     2         ./src/ads1115.o:(.text.ADS1115_GetAddress)
     10a      10a        0     1                 $t
     10b      10b        c     1                 ADS1115_GetAddress
     116      116       1a     2         ./src/ads1115.o:(.text.ADS1115_SetGain)
     116      116        0     1                 $t
     117      117       1a     1                 ADS1115_SetGain
     130      130       16     2         ./src/ads1115.o:(.text.ADS1115_SetDataRate)
     130      130        0     1                 $t
     131      131       16     1                 ADS1115_SetDataRate
     146      146       44     2         ./src/ads1115.o:(.text.ADS1115_WriteRegister)
     146      146        0     1                 $t
     147      147       44     1                 ADS1115_WriteRegister
     18a      18a       50     2         ./src/ads1115.o:(.text.ADS1115_ReadRegister)
     18a      18a        0     1                 $t
     18b      18b       50     1                 ADS1115_ReadRegister
     1dc      1dc       c0     4         ./src/ads1115.o:(.text.ADS1115_ReadSingleEnded)
     1dc      1dc        0     1                 $t
     1dd      1dd       c0     1                 ADS1115_ReadSingleEnded
     29c      29c       48     2         ./src/ads1115.o:(.text.ADS1115_RawToMilliVolts)
     29c      29c        0     1                 $t
     29d      29d       48     1                 ADS1115_RawToMilliVolts
     2e4      2e4       3a     2         ./src/ads1115.o:(.text.ADS1115_ReadAllChannels)
     2e4      2e4        0     1                 $t
     2e5      2e5       3a     1                 ADS1115_ReadAllChannels
     31e      31e       50     2         ./src/app_button.o:(.text.AppButton_Init)
     31e      31e        0     1                 $t
     31f      31f       50     1                 AppButton_Init
     36e      36e       8a     2         ./src/app_button.o:(.text.AppButton_Update)
     36e      36e        0     1                 $t
     36f      36f       8a     1                 AppButton_Update
     3f8      3f8       16     2         ./src/app_debug.o:(.text.uart7_callback)
     3f8      3f8        0     1                 $t
     3f9      3f9       16     1                 uart7_callback
     40e      40e       36     2         ./src/app_debug.o:(.text.AppDebug_UartOpen)
     40e      40e        0     1                 $t
     40f      40f       36     1                 AppDebug_UartOpen
     444      444       40     4         ./src/app_debug.o:(.text.AppDebug_WriteString)
     444      444        0     1                 $t
     445      445       40     1                 AppDebug_WriteString
     484      484       1a     2         ./src/app_debug.o:(.text.AppDebug_BufAppendChar)
     484      484        0     1                 $t
     485      485       1a     1                 AppDebug_BufAppendChar
     4a0      4a0       46     4         ./src/app_debug.o:(.text.AppDebug_BufAppendString)
     4a0      4a0        0     1                 $t
     4a1      4a1       46     1                 AppDebug_BufAppendString
     4e8      4e8       96     4         ./src/app_debug.o:(.text.AppDebug_BufAppendUInt32)
     4e8      4e8        0     1                 $t
     4e9      4e9       96     1                 AppDebug_BufAppendUInt32
     57e      57e       32     2         ./src/app_debug.o:(.text.AppDebug_BufAppendInt32)
     57e      57e        0     1                 $t
     57f      57f       32     1                 AppDebug_BufAppendInt32
     5b0      5b0       96     2         ./src/app_debug.o:(.text.AppDebug_BufAppendFloat1)
     5b0      5b0        0     1                 $t
     5b1      5b1       96     1                 AppDebug_BufAppendFloat1
     646      646       50     2         ./src/app_debug.o:(.text.AppDebug_BufAppendHex8)
     646      646        0     1                 $t
     647      647       50     1                 AppDebug_BufAppendHex8
     698      698       96     4         ./src/app_debug.o:(.text.AppDebug_PrintError)
     698      698        0     1                 $t
     699      699       96     1                 AppDebug_PrintError
     730      730      16a     4         ./src/app_debug.o:(.text.AppDebug_PrintI2CDiag)
     730      730        0     1                 $t
     731      731      16a     1                 AppDebug_PrintI2CDiag
     89a      89a       6a     2         ./src/app_systick.o:(.text.AppSystick_Init)
     89a      89a        0     1                 $t
     89b      89b       6a     1                 AppSystick_Init
     904      904        c     2         ./src/app_systick.o:(.text.AppSystick_GetMs)
     904      904        0     1                 $t
     905      905        c     1                 AppSystick_GetMs
     910      910       10     2         ./src/app_systick.o:(.text.SysTick_Handler)
     910      910        0     1                 $t
     911      911       10     1                 SysTick_Handler
     920      920      116     4         ./src/hal_entry.o:(.text.hal_entry)
     920      920        0     1                 $t
     921      921      116     1                 hal_entry
     a36      a36       1a     2         ./src/hal_warmstart.o:(.text.R_BSP_WarmStart)
     a36      a36        0     1                 $t
     a37      a37       1a     1                 R_BSP_WarmStart
     a50      a50       d4     2         ./src/i2c_master.o:(.text.i2c2_callback)
     a50      a50        0     1                 $t
     a51      a51       d4     1                 i2c2_callback
     b24      b24       58     2         ./src/i2c_master.o:(.text.I2CMaster_Open)
     b24      b24        0     1                 $t
     b25      b25       58     1                 I2CMaster_Open
     b7c      b7c       62     2         ./src/i2c_master.o:(.text.I2CMaster_Recover)
     b7c      b7c        0     1                 $t
     b7d      b7d       62     1                 I2CMaster_Recover
     bde      bde       26     2         ./src/i2c_master.o:(.text.I2CMaster_SlaveAddrSet)
     bde      bde        0     1                 $t
     bdf      bdf       26     1                 I2CMaster_SlaveAddrSet
     c04      c04       56     4         ./src/i2c_master.o:(.text.I2CMaster_WaitTxComplete)
     c04      c04        0     1                 $t
     c05      c05       56     1                 I2CMaster_WaitTxComplete
     c5c      c5c       56     4         ./src/i2c_master.o:(.text.I2CMaster_WaitRxComplete)
     c5c      c5c        0     1                 $t
     c5d      c5d       56     1                 I2CMaster_WaitRxComplete
     cb2      cb2       74     2         ./src/i2c_master.o:(.text.I2CMaster_Write)
     cb2      cb2        0     1                 $t
     cb3      cb3       74     1                 I2CMaster_Write
     d26      d26       74     2         ./src/i2c_master.o:(.text.I2CMaster_Read)
     d26      d26        0     1                 $t
     d27      d27       74     1                 I2CMaster_Read
     d9a      d9a       42     2         ./src/i2c_master.o:(.text.I2CMaster_WriteRead)
     d9a      d9a        0     1                 $t
     d9b      d9b       42     1                 I2CMaster_WriteRead
     ddc      ddc       18     2         ./src/mq_acquire.o:(.text.MQAcquire_ClearFrame)
     ddc      ddc        0     1                 $t
     ddd      ddd       18     1                 MQAcquire_ClearFrame
     df4      df4       56     4         ./src/mq_acquire.o:(.text.MQAcquire_ReadFrame)
     df4      df4        0     1                 $t
     df5      df5       56     1                 MQAcquire_ReadFrame
     e4a      e4a        e     2         ./src/mq_acquire.o:(.text.MQAcquire_IsFrameComplete)
     e4a      e4a        0     1                 $t
     e4b      e4b        e     1                 MQAcquire_IsFrameComplete
     e58      e58       ba     4         ./src/mq_judge.o:(.text.MQJudge_EvaluateFrame)
     e58      e58        0     1                 $t
     e59      e59       ba     1                 MQJudge_EvaluateFrame
     f12      f12        e     2         ./src/mq_metrics.o:(.text.MQMetrics_Clear)
     f12      f12        0     1                 $t
     f13      f13        e     1                 MQMetrics_Clear
     f20      f20        c     2         ./src/mq_metrics.o:(.text.MQMetrics_GetDefaultConfig)
     f20      f20        0     1                 $t
     f21      f21        c     1                 MQMetrics_GetDefaultConfig
     f2c      f2c       46     4         ./src/mq_metrics.o:(.text.MQMetrics_SetBaselineFromMilliVolts)
     f2c      f2c        0     1                 $t
     f2d      f2d       46     1                 MQMetrics_SetBaselineFromMilliVolts
     f72      f72        e     2         ./src/mq_metrics.o:(.text.MQMetrics_ResetPeaks)
     f72      f72        0     1                 $t
     f73      f73        e     1                 MQMetrics_ResetPeaks
     f80      f80       f4     4         ./src/mq_metrics.o:(.text.MQMetrics_Update)
     f80      f80        0     1                 $t
     f81      f81       f4     1                 MQMetrics_Update
    1074     1074       18     2         ./src/mq_state_machine.o:(.text.MQStateMachine_Clear)
    1074     1074        0     1                 $t
    1075     1075       18     1                 MQStateMachine_Clear
    108c     108c       1c     2         ./src/mq_state_machine.o:(.text.MQStateMachine_GetDefaultConfig)
    108c     108c        0     1                 $t
    108d     108d       1c     1                 MQStateMachine_GetDefaultConfig
    10a8     10a8       48     2         ./src/mq_state_machine.o:(.text.MQStateMachine_Init)
    10a8     10a8        0     1                 $t
    10a9     10a9       48     1                 MQStateMachine_Init
    10f0     10f0      1d6     4         ./src/mq_state_machine.o:(.text.MQStateMachine_ProcessFrame)
    10f0     10f0        0     1                 $t
    10f1     10f1      1d6     1                 MQStateMachine_ProcessFrame
    12c8     12c8       70     4         ./src/mq_state_machine.o:(.text.MQStateMachine_IsWindowStable)
    12c8     12c8        0     1                 $t
    12c9     12c9       70     1                 MQStateMachine_IsWindowStable
    1338     1338       c6     4         ./src/mq_state_machine.o:(.text.MQStateMachine_BuildMedianBaseline)
    1338     1338        0     1                 $t
    1339     1339       c6     1                 MQStateMachine_BuildMedianBaseline
    1400     1400       7a     4         ./src/sensirion_common.o:(.text.sensirion_fill_cmd_send_buf)
    1400     1400        0     1                 $t
    1401     1401       7a     1                 sensirion_fill_cmd_send_buf
    147c     147c       8e     4         ./src/sensirion_common.o:(.text.sensirion_i2c_read_words_as_bytes)
    147c     147c        0     1                 $t
    147d     147d       8e     1                 sensirion_i2c_read_words_as_bytes
    150c     150c       2a     4         ./src/sensirion_common.o:(.text.sensirion_i2c_read_words)
    150c     150c        0     1                 $t
    150d     150d       2a     1                 sensirion_i2c_read_words
    1536     1536       18     2         ./src/sensirion_common.o:(.text.sensirion_i2c_write_cmd)
    1536     1536        0     1                 $t
    1537     1537       18     1                 sensirion_i2c_write_cmd
    154e     154e       1e     2         ./src/sensirion_common.o:(.text.sensirion_i2c_write_cmd_with_args)
    154e     154e        0     1                 $t
    154f     154f       1e     1                 sensirion_i2c_write_cmd_with_args
    156c     156c       1c     2         ./src/sensirion_i2c_ra6m5.o:(.text.sensirion_i2c_init)
    156c     156c        0     1                 $t
    156d     156d       1c     1                 sensirion_i2c_init
    1588     1588       48     2         ./src/sensirion_i2c_ra6m5.o:(.text.sensirion_i2c_read)
    1588     1588        0     1                 $t
    1589     1589       48     1                 sensirion_i2c_read
    15d0     15d0       30     2         ./src/sensirion_i2c_ra6m5.o:(.text.sensirion_i2c_prepare)
    15d0     15d0        0     1                 $t
    15d1     15d1       30     1                 sensirion_i2c_prepare
    1600     1600       48     2         ./src/sensirion_i2c_ra6m5.o:(.text.sensirion_i2c_write)
    1600     1600        0     1                 $t
    1601     1601       48     1                 sensirion_i2c_write
    1648     1648       34     2         ./src/sensirion_i2c_ra6m5.o:(.text.sensirion_sleep_usec)
    1648     1648        0     1                 $t
    1649     1649       34     1                 sensirion_sleep_usec
    167c     167c       2a     2         ./src/sensirion_voc_algorithm.o:(.text.VocAlgorithm_init)
    167c     167c        0     1                 $t
    167d     167d       2a     1                 VocAlgorithm_init
    16a6     16a6       6c     2         ./src/sensirion_voc_algorithm.o:(.text.VocAlgorithm__init_instances)
    16a6     16a6        0     1                 $t
    16a7     16a7       6c     1                 VocAlgorithm__init_instances
    1712     1712      3b4     2         ./src/sensirion_voc_algorithm.o:(.text.VocAlgorithm_process)
    1712     1712        0     1                 $t
    1713     1713      3b4     1                 VocAlgorithm_process
    1ac8     1ac8       7c     4         ./src/sensirion_voc_algorithm.o:(.text.fix16_div)
    1ac8     1ac8        0     1                 $t
    1ac9     1ac9       7c     1                 fix16_div
    1b44     1b44       64     2         ./src/sensirion_voc_algorithm.o:(.text.fix16_mul)
    1b44     1b44        0     1                 $t
    1b45     1b45       64     1                 fix16_mul
    1ba8     1ba8       70     4         ./src/sensirion_voc_algorithm.o:(.text.fix16_sqrt)
    1ba8     1ba8        0     1                 $t
    1ba9     1ba9       70     1                 fix16_sqrt
    1c18     1c18       36     2         ./src/sensirion_voc_algorithm.o:(.text.VocAlgorithm__mean_variance_estimator___sigmoid__process)
    1c18     1c18        0     1                 $t
    1c19     1c19       36     1                 VocAlgorithm__mean_variance_estimator___sigmoid__process
    1c50     1c50       74     4         ./src/sensirion_voc_algorithm.o:(.text.fix16_exp)
    1c50     1c50        0     1                 $t
    1c51     1c51       74     1                 fix16_exp
    1cc4     1cc4       46     2         ./src/sensor_hub.o:(.text.SensorHub_Clear)
    1cc4     1cc4        0     1                 $t
    1cc5     1cc5       46     1                 SensorHub_Clear
    1d0a     1d0a       8c     2         ./src/sensor_hub.o:(.text.SensorHub_Init)
    1d0a     1d0a        0     1                 $t
    1d0b     1d0b       8c     1                 SensorHub_Init
    1d98     1d98      17c     4         ./src/sensor_hub.o:(.text.SensorHub_SampleOnce)
    1d98     1d98        0     1                 $t
    1d99     1d99      17c     1                 SensorHub_SampleOnce
    1f14     1f14       1a     2         ./src/sensor_uart.o:(.text.SensorUart_Init)
    1f14     1f14        0     1                 $t
    1f15     1f15       1a     1                 SensorUart_Init
    1f2e     1f2e       20     2         ./src/sensor_uart.o:(.text.SensorUart_EnableHumanMode)
    1f2e     1f2e        0     1                 $t
    1f2f     1f2f       20     1                 SensorUart_EnableHumanMode
    1f4e     1f4e       24     2         ./src/sensor_uart.o:(.text.SensorUart_EnableCsvMode)
    1f4e     1f4e        0     1                 $t
    1f4f     1f4f       24     1                 SensorUart_EnableCsvMode
    1f74     1f74      5a0     4         ./src/sensor_uart.o:(.text.sensor_uart_ensure_csv_header)
    1f74     1f74        0     1                 $t
    1f75     1f75      5a0     1                 sensor_uart_ensure_csv_header
    2514     2514        c     2         ./src/sensor_uart.o:(.text.SensorUart_IsCsvMode)
    2514     2514        0     1                 $t
    2515     2515        c     1                 SensorUart_IsCsvMode
    2520     2520       32     2         ./src/sensor_uart.o:(.text.SensorUart_PrintBanner)
    2520     2520        0     1                 $t
    2521     2521       32     1                 SensorUart_PrintBanner
    2554     2554      180     4         ./src/sensor_uart.o:(.text.SensorUart_PrintInitResult)
    2554     2554        0     1                 $t
    2555     2555      180     1                 SensorUart_PrintInitResult
    26d4     26d4      9a8     4         ./src/sensor_uart.o:(.text.SensorUart_PrintRecord)
    26d4     26d4        0     1                 $t
    26d5     26d5      9a8     1                 SensorUart_PrintRecord
    307c     307c       ca     2         ./src/sensor_uart.o:(.text.sensor_uart_print_i2c)
    307c     307c        0     1                 $t
    307d     307d       ca     1                 sensor_uart_print_i2c
    3146     3146       48     2         ./src/sensor_uart.o:(.text.sensor_uart_csv_append_ch_suffix)
    3146     3146        0     1                 $t
    3147     3147       48     1                 sensor_uart_csv_append_ch_suffix
    318e     318e       68     2         ./src/sgp40.o:(.text.sgp40_measure_raw_with_rht)
    318e     318e        0     1                 $t
    318f     318f       68     1                 sgp40_measure_raw_with_rht
    31f6     31f6       26     2         ./src/sgp40.o:(.text.sgp40_measure_raw_with_rht_blocking_read)
    31f6     31f6        0     1                 $t
    31f7     31f7       26     1                 sgp40_measure_raw_with_rht_blocking_read
    321c     321c        c     2         ./src/sgp40.o:(.text.sgp40_get_driver_version)
    321c     321c        0     1                 $t
    321d     321d        c     1                 sgp40_get_driver_version
    3228     3228        4     2         ./src/sgp40.o:(.text.sgp40_get_configured_address)
    3228     3228        0     1                 $t
    3229     3229        4     1                 sgp40_get_configured_address
    322c     322c       28     2         ./src/sgp40.o:(.text.sgp40_get_serial_id)
    322c     322c        0     1                 $t
    322d     322d       28     1                 sgp40_get_serial_id
    3254     3254       10     2         ./src/sgp40.o:(.text.sgp40_probe)
    3254     3254        0     1                 $t
    3255     3255       10     1                 sgp40_probe
    3264     3264       48     2         ./src/sgp40_voc_simple.o:(.text.SGP40VOC_SimpleInit)
    3264     3264        0     1                 $t
    3265     3265       48     1                 SGP40VOC_SimpleInit
    32ac     32ac       4e     2         ./src/sgp40_voc_simple.o:(.text.SGP40VOC_SimpleSampleWithRht)
    32ac     32ac        0     1                 $t
    32ad     32ad       4e     1                 SGP40VOC_SimpleSampleWithRht
    32fa     32fa       16     2         ./src/sgp40_voc_simple.o:(.text.SGP40VOC_SimpleInBlackout)
    32fa     32fa        0     1                 $t
    32fb     32fb       16     1                 SGP40VOC_SimpleInBlackout
    3310     3310        a     2         ./src/sht40.o:(.text.SHT40GetDevice)
    3310     3310        0     1                 $t
    3311     3311        a     1                 SHT40GetDevice
    331a     331a       44     2         ./src/sht40.o:(.text.SHT40DrvInit)
    331a     331a        0     1                 $t
    331b     331b       44     1                 SHT40DrvInit
    3360     3360      178     4         ./src/sht40.o:(.text.SHT40DrvRead)
    3360     3360        0     1                 $t
    3361     3361      178     1                 SHT40DrvRead
    34c0     34c0        0     1                 $d
    34d8     34d8       60     2         ./src/sht40_sgp40_service.o:(.text.SHT40SGP40_ServiceInit)
    34d8     34d8        0     1                 $t
    34d9     34d9       60     1                 SHT40SGP40_ServiceInit
    3538     3538       e4     4         ./src/sht40_sgp40_service.o:(.text.SHT40SGP40_ServiceSample)
    3538     3538        0     1                 $t
    3539     3539       e4     1                 SHT40SGP40_ServiceSample
    3618     3618        0     1                 $d
    361c     361c        8     2         ./src/sht40_sgp40_service.o:(.text.SHT40SGP40_ServiceGetLatest)
    361c     361c        0     1                 $t
    361d     361d        8     1                 SHT40SGP40_ServiceGetLatest
    3624     3624        c     2         ./src/sht40_sgp40_service.o:(.text.SHT40SGP40_ServiceGetLastStage)
    3624     3624        0     1                 $t
    3625     3625        c     1                 SHT40SGP40_ServiceGetLastStage
    3630     3630       3a     2         ./src/spray_ctrl.o:(.text.SprayCtrl_Init)
    3630     3630        0     1                 $t
    3631     3631       3a     1                 SprayCtrl_Init
    366a     366a       70     2         ./src/spray_ctrl.o:(.text.SprayCtrl_Update)
    366a     366a        0     1                 $t
    366b     366b       70     1                 SprayCtrl_Update
    36da     36da       3e     2         ./src/spray_ctrl.o:(.text.spray_ctrl_enter_spray)
    36da     36da        0     1                 $t
    36db     36db       3e     1                 spray_ctrl_enter_spray
    3718     3718       12     2         ./src/spray_ctrl.o:(.text.SprayCtrl_IsIdle)
    3718     3718        0     1                 $t
    3719     3719       12     1                 SprayCtrl_IsIdle
    372a     372a        a     2         ./ra_gen/main.o:(.text.main)
    372a     372a        0     1                 $t
    372b     372b        a     1                 main
    3734     3734       92     2         ./ra/fsp/src/r_spi/r_spi.o:(.text.spi_rxi_isr)
    3734     3734        0     1                 $t
    3735     3735       92     1                 spi_rxi_isr
    37c6     37c6       70     2         ./ra/fsp/src/r_spi/r_spi.o:(.text.r_spi_transmit)
    37c6     37c6        0     1                 $t
    37c7     37c7       70     1                 r_spi_transmit
    3836     3836       a2     2         ./ra/fsp/src/r_spi/r_spi.o:(.text.spi_txi_isr)
    3836     3836        0     1                 $t
    3837     3837       a2     1                 spi_txi_isr
    38d8     38d8       d4     2         ./ra/fsp/src/r_spi/r_spi.o:(.text.spi_tei_isr)
    38d8     38d8        0     1                 $t
    38d9     38d9       d4     1                 spi_tei_isr
    39ac     39ac       3e     2         ./ra/fsp/src/r_spi/r_spi.o:(.text.r_spi_call_callback)
    39ac     39ac        0     1                 $t
    39ad     39ad       3e     1                 r_spi_call_callback
    39ea     39ea       da     2         ./ra/fsp/src/r_spi/r_spi.o:(.text.spi_eri_isr)
    39ea     39ea        0     1                 $t
    39eb     39eb       da     1                 spi_eri_isr
    3ac4     3ac4      344     2         ./ra/fsp/src/r_sci_uart/r_sci_uart.o:(.text.R_SCI_UART_Open)
    3ac4     3ac4        0     1                 $t
    3ac5     3ac5      344     1                 R_SCI_UART_Open
    3e08     3e08        a     2         ./ra/fsp/src/r_sci_uart/r_sci_uart.o:(.text.R_SCI_UART_Read)
    3e08     3e08        0     1                 $t
    3e09     3e09        a     1                 R_SCI_UART_Read
    3e12     3e12       4c     2         ./ra/fsp/src/r_sci_uart/r_sci_uart.o:(.text.R_SCI_UART_Write)
    3e12     3e12        0     1                 $t
    3e13     3e13       4c     1                 R_SCI_UART_Write
    3e5e     3e5e       68     2         ./ra/fsp/src/r_sci_uart/r_sci_uart.o:(.text.R_SCI_UART_BaudSet)
    3e5e     3e5e        0     1                 $t
    3e5f     3e5f       68     1                 R_SCI_UART_BaudSet
    3ec6     3ec6        c     2         ./ra/fsp/src/r_sci_uart/r_sci_uart.o:(.text.R_SCI_UART_InfoGet)
    3ec6     3ec6        0     1                 $t
    3ec7     3ec7        c     1                 R_SCI_UART_InfoGet
    3ed2     3ed2       22     2         ./ra/fsp/src/r_sci_uart/r_sci_uart.o:(.text.R_SCI_UART_Abort)
    3ed2     3ed2        0     1                 $t
    3ed3     3ed3       22     1                 R_SCI_UART_Abort
    3ef4     3ef4        e     2         ./ra/fsp/src/r_sci_uart/r_sci_uart.o:(.text.R_SCI_UART_CallbackSet)
    3ef4     3ef4        0     1                 $t
    3ef5     3ef5        e     1                 R_SCI_UART_CallbackSet
    3f02     3f02       ae     2         ./ra/fsp/src/r_sci_uart/r_sci_uart.o:(.text.R_SCI_UART_Close)
    3f02     3f02        0     1                 $t
    3f03     3f03       ae     1                 R_SCI_UART_Close
    3fb0     3fb0        e     2         ./ra/fsp/src/r_sci_uart/r_sci_uart.o:(.text.R_SCI_UART_ReadStop)
    3fb0     3fb0        0     1                 $t
    3fb1     3fb1        e     1                 R_SCI_UART_ReadStop
    3fbe     3fbe        4     2         ./ra/fsp/src/r_sci_uart/r_sci_uart.o:(.text.R_SCI_UART_ReceiveSuspend)
    3fbe     3fbe        0     1                 $t
    3fbf     3fbf        4     1                 R_SCI_UART_ReceiveSuspend
    3fc2     3fc2        4     2         ./ra/fsp/src/r_sci_uart/r_sci_uart.o:(.text.R_SCI_UART_ReceiveResume)
    3fc2     3fc2        0     1                 $t
    3fc3     3fc3        4     1                 R_SCI_UART_ReceiveResume
    3fc6     3fc6       86     2         ./ra/fsp/src/r_sci_uart/r_sci_uart.o:(.text.sci_uart_txi_isr)
    3fc6     3fc6        0     1                 $t
    3fc7     3fc7       86     1                 sci_uart_txi_isr
    404c     404c       4a     2         ./ra/fsp/src/r_sci_uart/r_sci_uart.o:(.text.r_sci_uart_call_callback)
    404c     404c        0     1                 $t
    404d     404d       4a     1                 r_sci_uart_call_callback
    4096     4096       88     2         ./ra/fsp/src/r_sci_uart/r_sci_uart.o:(.text.sci_uart_rxi_isr)
    4096     4096        0     1                 $t
    4097     4097       88     1                 sci_uart_rxi_isr
    411e     411e       4c     2         ./ra/fsp/src/r_sci_uart/r_sci_uart.o:(.text.sci_uart_tei_isr)
    411e     411e        0     1                 $t
    411f     411f       4c     1                 sci_uart_tei_isr
    416a     416a       74     2         ./ra/fsp/src/r_sci_uart/r_sci_uart.o:(.text.sci_uart_eri_isr)
    416a     416a        0     1                 $t
    416b     416b       74     1                 sci_uart_eri_isr
    41de     41de       16     2         ./ra/fsp/src/r_ioport/r_ioport.o:(.text.R_IOPORT_Open)
    41de     41de        0     1                 $t
    41df     41df       16     1                 R_IOPORT_Open
    41f4     41f4       22     2         ./ra/fsp/src/r_ioport/r_ioport.o:(.text.R_IOPORT_PinRead)
    41f4     41f4        0     1                 $t
    41f5     41f5       22     1                 R_IOPORT_PinRead
    4216     4216       2a     2         ./ra/fsp/src/r_ioport/r_ioport.o:(.text.R_IOPORT_PinWrite)
    4216     4216        0     1                 $t
    4217     4217       2a     1                 R_IOPORT_PinWrite
    4240     4240       be     4         ./ra/fsp/src/r_ioport/r_ioport.o:(.text.r_ioport_pins_config)
    4240     4240        0     1                 $t
    4241     4241       be     1                 r_ioport_pins_config
    4300     4300       ce     4         ./ra/fsp/src/r_ioport/r_ioport.o:(.text.bsp_vbatt_init)
    4300     4300        0     1                 $t
    4301     4301       ce     1                 bsp_vbatt_init
    43ce     43ce       80     2         ./ra/fsp/src/r_iic_master/r_iic_master.o:(.text.R_IIC_MASTER_Open)
    43ce     43ce        0     1                 $t
    43cf     43cf       80     1                 R_IIC_MASTER_Open
    444e     444e        c     2         ./ra/fsp/src/r_iic_master/r_iic_master.o:(.text.R_IIC_MASTER_Read)
    444e     444e        0     1                 $t
    444f     444f        c     1                 R_IIC_MASTER_Read
    445a     445a        c     2         ./ra/fsp/src/r_iic_master/r_iic_master.o:(.text.R_IIC_MASTER_Write)
    445a     445a        0     1                 $t
    445b     445b        c     1                 R_IIC_MASTER_Write
    4466     4466       32     2         ./ra/fsp/src/r_iic_master/r_iic_master.o:(.text.R_IIC_MASTER_Abort)
    4466     4466        0     1                 $t
    4467     4467       32     1                 R_IIC_MASTER_Abort
    4498     4498        a     2         ./ra/fsp/src/r_iic_master/r_iic_master.o:(.text.R_IIC_MASTER_SlaveAddressSet)
    4498     4498        0     1                 $t
    4499     4499        a     1                 R_IIC_MASTER_SlaveAddressSet
    44a2     44a2        e     2         ./ra/fsp/src/r_iic_master/r_iic_master.o:(.text.R_IIC_MASTER_CallbackSet)
    44a2     44a2        0     1                 $t
    44a3     44a3        e     1                 R_IIC_MASTER_CallbackSet
    44b0     44b0       18     2         ./ra/fsp/src/r_iic_master/r_iic_master.o:(.text.R_IIC_MASTER_StatusGet)
    44b0     44b0        0     1                 $t
    44b1     44b1       18     1                 R_IIC_MASTER_StatusGet
    44c8     44c8       d8     2         ./ra/fsp/src/r_iic_master/r_iic_master.o:(.text.R_IIC_MASTER_Close)
    44c8     44c8        0     1                 $t
    44c9     44c9       d8     1                 R_IIC_MASTER_Close
    45a0     45a0      184     4         ./ra/fsp/src/r_iic_master/r_iic_master.o:(.text.iic_master_open_hw_master)
    45a0     45a0        0     1                 $t
    45a1     45a1      184     1                 iic_master_open_hw_master
    4724     4724      150     4         ./ra/fsp/src/r_iic_master/r_iic_master.o:(.text.iic_master_read_write)
    4724     4724        0     1                 $t
    4725     4725      150     1                 iic_master_read_write
    4874     4874      18a     2         ./ra/fsp/src/r_iic_master/r_iic_master.o:(.text.iic_master_rxi_isr)
    4874     4874        0     1                 $t
    4875     4875      18a     1                 iic_master_rxi_isr
    4a00     4a00      116     4         ./ra/fsp/src/r_iic_master/r_iic_master.o:(.text.iic_master_txi_isr)
    4a00     4a00        0     1                 $t
    4a01     4a01      116     1                 iic_master_txi_isr
    4b18     4b18       e4     4         ./ra/fsp/src/r_iic_master/r_iic_master.o:(.text.iic_master_tei_isr)
    4b18     4b18        0     1                 $t
    4b19     4b19       e4     1                 iic_master_tei_isr
    4bfc     4bfc      13c     2         ./ra/fsp/src/r_iic_master/r_iic_master.o:(.text.iic_master_eri_isr)
    4bfc     4bfc        0     1                 $t
    4bfd     4bfd      13c     1                 iic_master_eri_isr
    4d38     4d38       36     2         ./ra/fsp/src/r_iic_master/r_iic_master.o:(.text.iic_master_notify)
    4d38     4d38        0     1                 $t
    4d39     4d39       36     1                 iic_master_notify
    4d6e     4d6e       2c     2         ./ra/fsp/src/bsp/mcu/all/bsp_clocks.o:(.text.SystemCoreClockUpdate)
    4d6e     4d6e        0     1                 $t
    4d6f     4d6f       2c     1                 SystemCoreClockUpdate
    4d9c     4d9c      170     4         ./ra/fsp/src/bsp/mcu/all/bsp_clocks.o:(.text.bsp_clock_init)
    4d9c     4d9c        0     1                 $t
    4d9d     4d9d      170     1                 bsp_clock_init
    4f0c     4f0c        2     2         ./ra/fsp/src/bsp/mcu/all/bsp_clocks.o:(.text.R_BSP_SubClockStabilizeWaitAfterReset)
    4f0c     4f0c        0     1                 $t
    4f0d     4f0d        2     1                 R_BSP_SubClockStabilizeWaitAfterReset
    4f0e     4f0e        e     2         ./ra/fsp/src/bsp/mcu/all/bsp_clocks.o:(.text.R_BSP_SourceClockHzGet)
    4f0e     4f0e        0     1                 $t
    4f0f     4f0f        e     1                 R_BSP_SourceClockHzGet
    4f1c     4f1c       7a     4         ./ra/fsp/src/bsp/mcu/all/bsp_clocks.o:(.text.R_BSP_Init_RTC)
    4f1c     4f1c        0     1                 $t
    4f1d     4f1d       7a     1                 R_BSP_Init_RTC
    4f96     4f96        2     2         ./ra/fsp/src/bsp/mcu/all/bsp_common.o:(.text.bsp_init_internal)
    4f96     4f96        0     1                 $t
    4f97     4f97        2     1                 bsp_init_internal
    4f97     4f97        2     1                 bsp_init
    4f98     4f98       84     2         ./ra/fsp/src/bsp/mcu/all/bsp_delay.o:(.text.R_BSP_SoftwareDelay)
    4f98     4f98        0     1                 $t
    4f99     4f99       84     1                 R_BSP_SoftwareDelay
    501c     501c        8     2         ./ra/fsp/src/bsp/mcu/all/bsp_delay.o:(.text.bsp_prv_software_delay_loop)
    501c     501c        0     1                 sw_delay_loop
    501c     501c        0     1                 $t
    501d     501d        8     1                 bsp_prv_software_delay_loop
    5024     5024       44     4         ./ra/fsp/src/bsp/mcu/all/bsp_group_irq.o:(.text.NMI_Handler)
    5024     5024        0     1                 $t
    5025     5025       44     1                 NMI_Handler
    5068     5068       88     4         ./ra/fsp/src/bsp/mcu/all/bsp_irq.o:(.text.bsp_irq_cfg)
    5068     5068        0     1                 $t
    5069     5069       88     1                 bsp_irq_cfg
    50f0     50f0       52     2         ./ra/fsp/src/bsp/mcu/all/bsp_register_protection.o:(.text.R_BSP_RegisterProtectEnable)
    50f0     50f0        0     1                 $t
    50f1     50f1       52     1                 R_BSP_RegisterProtectEnable
    5142     5142       4e     2         ./ra/fsp/src/bsp/mcu/all/bsp_register_protection.o:(.text.R_BSP_RegisterProtectDisable)
    5142     5142        0     1                 $t
    5143     5143       4e     1                 R_BSP_RegisterProtectDisable
    5190     5190        a     4         ./ra/fsp/src/bsp/cmsis/Device/RENESAS/Source/startup.o:(.text.Reset_Handler)
    5190     5190        0     1                 $t
    5191     5191        a     1                 Reset_Handler
    519a     519a        4     2         ./ra/fsp/src/bsp/cmsis/Device/RENESAS/Source/startup.o:(.text.Default_Handler)
    519a     519a        0     1                 $t
    519b     519b        4     1                 Default_Handler
    519b     519b        4     1                 HardFault_Handler
    519b     519b        4     1                 MemManage_Handler
    519b     519b        4     1                 BusFault_Handler
    519b     519b        4     1                 UsageFault_Handler
    519b     519b        4     1                 SecureFault_Handler
    519b     519b        4     1                 SVC_Handler
    519b     519b        4     1                 DebugMon_Handler
    519b     519b        4     1                 PendSV_Handler
    51a0     51a0       e0     4         ./ra/fsp/src/bsp/cmsis/Device/RENESAS/Source/system.o:(.text.SystemInit)
    51a0     51a0        0     1                 $t
    51a1     51a1       e0     1                 SystemInit
    5280     5280       5a     4         ./ra/fsp/src/bsp/cmsis/Device/RENESAS/Source/system.o:(.text.SystemRuntimeInit)
    5280     5280        0     1                 $t
    5281     5281       5a     1                 SystemRuntimeInit
    52da     52da        8     2         C:\Renesas\RA\e2studio_v2025-12_fsp_v6.3.0\toolchains\llvm_arm\ATfE-21.1.1-Windows-x86_64\bin\..\lib\clang-runtimes/arm-none-eabi/armv8m.main_hard_fp_exn_rtti_unaligned_size\lib\libc.a(bzero.c.o):(.text.bzero)
    52da     52da        0     1                 $t
    52db     52db        8     1                 bzero
    52db     52db        8     1                 __aeabi_memclr4
    52db     52db        8     1                 __aeabi_memclr8
    52db     52db        8     1                 __aeabi_memclr
    52e2     52e2       12     2         C:\Renesas\RA\e2studio_v2025-12_fsp_v6.3.0\toolchains\llvm_arm\ATfE-21.1.1-Windows-x86_64\bin\..\lib\clang-runtimes/arm-none-eabi/armv8m.main_hard_fp_exn_rtti_unaligned_size\lib\libc.a(memcpy.c.o):(.text.memcpy)
    52e2     52e2        0     1                 $t
    52e3     52e3       12     1                 memcpy
    52e3     52e3       12     1                 __aeabi_memcpy4
    52e3     52e3       12     1                 __aeabi_memcpy8
    52e3     52e3       12     1                 __aeabi_memcpy
    52f4     52f4        e     2         C:\Renesas\RA\e2studio_v2025-12_fsp_v6.3.0\toolchains\llvm_arm\ATfE-21.1.1-Windows-x86_64\bin\..\lib\clang-runtimes/arm-none-eabi/armv8m.main_hard_fp_exn_rtti_unaligned_size\lib\libc.a(memset.c.o):(.text.memset)
    52f4     52f4        0     1                 $t
    52f5     52f5        e     1                 memset
    5304     5304       10     4         C:\Renesas\RA\e2studio_v2025-12_fsp_v6.3.0\toolchains\llvm_arm\ATfE-21.1.1-Windows-x86_64\bin\..\lib\clang-runtimes/arm-none-eabi/armv8m.main_hard_fp_exn_rtti_unaligned_size\lib\libc.a(strlen.S.o):(.text)
    5304     5304        0     1                 $t
    5305     5305       10     1                 strlen
    5314     5314       28     4         C:\Renesas\RA\e2studio_v2025-12_fsp_v6.3.0\toolchains\llvm_arm\ATfE-21.1.1-Windows-x86_64\bin\..\lib\clang-runtimes/arm-none-eabi/armv8m.main_hard_fp_exn_rtti_unaligned_size\lib\libc.a(libc_picolib_inittls.c.o):(.text._init_tls)
    5314     5314        0     1                 $t
    5315     5315       28     1                 _init_tls
    532c     532c        0     1                 $d
    533c     533c       14     4         C:\Renesas\RA\e2studio_v2025-12_fsp_v6.3.0\toolchains\llvm_arm\ATfE-21.1.1-Windows-x86_64\bin\..\lib\clang-runtimes/arm-none-eabi/armv8m.main_hard_fp_exn_rtti_unaligned_size\lib\libc.a(libc_picolib_machine_arm_set_tls.c.o):(.text._set_tls)
    533c     533c        0     1                 $t
    533d     533d       14     1                 _set_tls
    5348     5348        0     1                 $d
    5350     5350       20     4         <internal>:(.rodata.cst32)
    5370     5370        a     2         ./src/ads1115.o:(.rodata..Lswitch.table.ADS1115_GetFullScaleMilliVolts)
    5370     5370        a     1                 .Lswitch.table.ADS1115_GetFullScaleMilliVolts
    537a     537a      4c6     1         <internal>:(.rodata.str1.1)
    5840     5840       20     4         <internal>:(.rodata.cst16)
    5860     5860       14     4         ./ra_gen/hal_data.o:(.rodata.g_uart7_cfg_extend)
    5860     5860       14     1                 g_uart7_cfg_extend
    5874     5874       20     4         ./ra_gen/hal_data.o:(.rodata.g_uart7_cfg)
    5874     5874       20     1                 g_uart7_cfg
    5894     5894        c     4         ./ra_gen/hal_data.o:(.rodata.g_uart7)
    5894     5894        c     1                 g_uart7
    58a0     58a0        8     1         ./ra_gen/hal_data.o:(.rodata.g_i2c_master0_extend)
    58a0     58a0        8     1                 g_i2c_master0_extend
    58a8     58a8       28     4         ./ra_gen/hal_data.o:(.rodata.g_i2c_master0_cfg)
    58a8     58a8       28     1                 g_i2c_master0_cfg
    58d0     58d0        c     4         ./ra_gen/hal_data.o:(.rodata.g_i2c_master0)
    58d0     58d0        c     1                 g_i2c_master0
    58dc     58dc       90     4         ./ra_gen/pin_data.o:(.rodata.g_bsp_pin_cfg_data)
    58dc     58dc       90     1                 g_bsp_pin_cfg_data
    596c     596c        c     4         ./ra_gen/pin_data.o:(.rodata.g_bsp_pin_cfg)
    596c     596c        c     1                 g_bsp_pin_cfg
    5978     5978       18     2         ./ra_gen/vector_data.o:(.rodata.g_interrupt_event_link_select)
    5978     5978       18     1                 g_interrupt_event_link_select
    5990     5990       2c     4         ./ra/fsp/src/r_sci_uart/r_sci_uart.o:(.rodata.g_uart_on_sci)
    5990     5990       2c     1                 g_uart_on_sci
    59bc     59bc        6     2         ./ra/fsp/src/r_ioport/r_ioport.o:(.rodata.g_vbatt_pins_input)
    59bc     59bc        6     1                 g_vbatt_pins_input
    59c4     59c4       20     4         ./ra/fsp/src/r_iic_master/r_iic_master.o:(.rodata.g_i2c_master_on_iic)
    59c4     59c4       20     1                 g_i2c_master_on_iic
    59e4     59e4       10     4         ./ra/fsp/src/bsp/mcu/ra6m5/bsp_linker.o:(.rodata.nocache_list)
    59e4     59e4       10     1                 nocache_list
    59f4     59f4       18     4         ./ra/fsp/src/bsp/mcu/ra6m5/bsp_linker.o:(.rodata.g_init_info)
    59f4     59f4       18     1                 g_init_info
    5a0c     5a0c       3c     4         ./ra/fsp/src/bsp/mcu/ra6m5/bsp_linker.o:(.rodata.zero_list)
    5a0c     5a0c       3c     1                 zero_list
    5a48     5a48       90     4         ./ra/fsp/src/bsp/mcu/ra6m5/bsp_linker.o:(.rodata.copy_list)
    5a48     5a48       90     1                 copy_list
    5ad8     5ad8        a     2         ./ra/fsp/src/bsp/mcu/all/bsp_register_protection.o:(.rodata.g_prcr_masks)
    5ad8     5ad8        a     1                 g_prcr_masks
    5ae4     5ae4       4e     4         ./ra/fsp/src/bsp/mcu/all/bsp_common.o:(.version)
    5ae4     5ae4        4     1                 g_fsp_version
    5ae8     5ae8        6     1                 g_fsp_version_string
    5aee     5aee       44     1                 g_fsp_version_build_string
    5b32     5b32        0     1         __flash_readonly$$Limit = .
    5b32     5b32        0     1 __flash_preinit_array$$
    5b32     5b32        0     1         __preinit_array_start = .
    5b32     5b32        0     1         __preinit_array_end = .
    5b32     5b32        0     1 __flash_init_array$$
    5b32     5b32        0     1         __init_array_start = .
    5b32     5b32        0     1         __init_array_end = .
    5b32     5b32        0     1 __flash_fini_array$$
    5b32     5b32        0     1         __fini_array_start = .
    5b32     5b32        0     1         __fini_array_end = .
    5b32     5b32        0     1 __flash_arm.exidx$$
    5b32     5b32        0     1         __exidx_start = .
    5b32     5b32        0     1         __exidx_end = .
    5c00     5c00        0     1 .flash.endof
    5c00     5c00        0     1         __ddsc_FLASH_END = .
    5c00     5c00        0     1 .flash.flat_nsc
    5c00     5c00        0     1         __ddsc_FLASH_NSC = .
 100a100  100a100        0     1 .option_setting_ofs0.startof
 100a100  100a100        0     1         __ddsc_OPTION_SETTING_OFS0_START = .
 100a100  100a100        4     4 __option_setting_ofs0_reg$$
 100a100  100a100        0     1         __option_setting_ofs0_reg$$Base = .
 100a100  100a100        4     4         ./ra/fsp/src/bsp/mcu/ra6m5/bsp_linker.o:(.option_setting_ofs0)
 100a100  100a100        4     1                 g_bsp_cfg_option_setting_ofs0
 100a104  100a104        0     1         __option_setting_ofs0_reg$$Limit = .
 100a104  100a104        0     1 .option_setting_ofs0.endof
 100a104  100a104        0     1         __ddsc_OPTION_SETTING_OFS0_END = .
 100a110  100a110        0     1 .option_setting_dualsel.startof
 100a110  100a110        0     1         __ddsc_OPTION_SETTING_DUALSEL_START = .
 100a110  100a110        0     1 __option_setting_dualsel_reg$$
 100a110  100a110        0     1         __option_setting_dualsel_reg$$Base = .
 100a110  100a110        0     1         __option_setting_dualsel_reg$$Limit = .
 100a110  100a110        0     1 .option_setting_dualsel.endof
 100a110  100a110        0     1         __ddsc_OPTION_SETTING_DUALSEL_END = .
 100a180  100a180        0     1 .option_setting_ofs1.startof
 100a180  100a180        0     1         __ddsc_OPTION_SETTING_OFS1_START = .
 100a180  100a180        0     1 __option_setting_ofs1_reg$$
 100a180  100a180        0     1         __option_setting_ofs1_reg$$Base = .
 100a180  100a180        0     1         __option_setting_ofs1_reg$$Limit = .
 100a180  100a180        0     1 .option_setting_ofs1.endof
 100a180  100a180        0     1         __ddsc_OPTION_SETTING_OFS1_END = .
 100a190  100a190        0     1 .option_setting_banksel.startof
 100a190  100a190        0     1         __ddsc_OPTION_SETTING_BANKSEL_START = .
 100a190  100a190        0     1 __option_setting_banksel_reg$$
 100a190  100a190        0     1         __option_setting_banksel_reg$$Base = .
 100a190  100a190        0     1         __option_setting_banksel_reg$$Limit = .
 100a190  100a190        0     1 .option_setting_banksel.endof
 100a190  100a190        0     1         __ddsc_OPTION_SETTING_BANKSEL_END = .
 100a1c0  100a1c0        0     1 .option_setting_bps.startof
 100a1c0  100a1c0        0     1         __ddsc_OPTION_SETTING_BPS_START = .
 100a1c0  100a1c0        0     1 __option_setting_bps_reg$$
 100a1c0  100a1c0        0     1         __option_setting_bps_reg$$Base = .
 100a1c0  100a1c0        0     1         __option_setting_bps_reg$$Limit = .
 100a1c0  100a1c0        0     1 .option_setting_bps.endof
 100a1c0  100a1c0        0     1         __ddsc_OPTION_SETTING_BPS_END = .
 100a1e0  100a1e0        0     1 .option_setting_pbps.startof
 100a1e0  100a1e0        0     1         __ddsc_OPTION_SETTING_PBPS_START = .
 100a1e0  100a1e0        0     1 __option_setting_pbps_reg$$
 100a1e0  100a1e0        0     1         __option_setting_pbps_reg$$Base = .
 100a1e0  100a1e0        0     1         __option_setting_pbps_reg$$Limit = .
 100a1e0  100a1e0        0     1 .option_setting_pbps.endof
 100a1e0  100a1e0        0     1         __ddsc_OPTION_SETTING_PBPS_END = .
 100a200  100a200        0     1 .option_setting_ofs1_sec.startof
 100a200  100a200        0     1         __ddsc_OPTION_SETTING_OFS1_SEC_START = .
 100a200  100a200        4     4 __option_setting_ofs1_sec_reg$$
 100a200  100a200        0     1         __option_setting_ofs1_sec_reg$$Base = .
 100a200  100a200        4     4         ./ra/fsp/src/bsp/mcu/ra6m5/bsp_linker.o:(.option_setting_ofs1_sec)
 100a200  100a200        4     1                 g_bsp_cfg_option_setting_ofs1_sec
 100a204  100a204        0     1         __option_setting_ofs1_sec_reg$$Limit = .
 100a204  100a204        0     1 .option_setting_ofs1_sec.endof
 100a204  100a204        0     1         __ddsc_OPTION_SETTING_OFS1_SEC_END = .
 100a210  100a210        0     1 .option_setting_banksel_sec.startof
 100a210  100a210        0     1         __ddsc_OPTION_SETTING_BANKSEL_SEC_START = .
 100a210  100a210        0     1 __option_setting_banksel_sec_reg$$
 100a210  100a210        0     1         __option_setting_banksel_sec_reg$$Base = .
 100a210  100a210        0     1         __option_setting_banksel_sec_reg$$Limit = .
 100a210  100a210        0     1 .option_setting_banksel_sec.endof
 100a210  100a210        0     1         __ddsc_OPTION_SETTING_BANKSEL_SEC_END = .
 100a240  100a240        0     1 .option_setting_bps_sec.startof
 100a240  100a240        0     1         __ddsc_OPTION_SETTING_BPS_SEC_START = .
 100a240  100a240        0     1 __option_setting_bps_sec_reg$$
 100a240  100a240        0     1         __option_setting_bps_sec_reg$$Base = .
 100a240  100a240        0     1         __option_setting_bps_sec_reg$$Limit = .
 100a240  100a240        0     1 .option_setting_bps_sec.endof
 100a240  100a240        0     1         __ddsc_OPTION_SETTING_BPS_SEC_END = .
 100a260  100a260        0     1 .option_setting_pbps_sec.startof
 100a260  100a260        0     1         __ddsc_OPTION_SETTING_PBPS_SEC_START = .
 100a260  100a260        0     1 __option_setting_pbps_sec_reg$$
 100a260  100a260        0     1         __option_setting_pbps_sec_reg$$Base = .
 100a260  100a260        0     1         __option_setting_pbps_sec_reg$$Limit = .
 100a260  100a260        0     1 .option_setting_pbps_sec.endof
 100a260  100a260        0     1         __ddsc_OPTION_SETTING_PBPS_SEC_END = .
 100a280  100a280        0     1 .option_setting_ofs1_sel.startof
 100a280  100a280        0     1         __ddsc_OPTION_SETTING_OFS1_SEL_START = .
 100a280  100a280        4     4 __option_setting_ofs1_sel_reg$$
 100a280  100a280        0     1         __option_setting_ofs1_sel_reg$$Base = .
 100a280  100a280        4     4         ./ra/fsp/src/bsp/mcu/ra6m5/bsp_linker.o:(.option_setting_ofs1_sel)
 100a280  100a280        4     1                 g_bsp_cfg_option_setting_ofs1_sel
 100a284  100a284        0     1         __option_setting_ofs1_sel_reg$$Limit = .
 100a284  100a284        0     1 .option_setting_ofs1_sel.endof
 100a284  100a284        0     1         __ddsc_OPTION_SETTING_OFS1_SEL_END = .
 100a290  100a290        0     1 .option_setting_banksel_sel.startof
 100a290  100a290        0     1         __ddsc_OPTION_SETTING_BANKSEL_SEL_START = .
 100a290  100a290        0     1 __option_setting_banksel_sel_reg$$
 100a290  100a290        0     1         __option_setting_banksel_sel_reg$$Base = .
 100a290  100a290        0     1         __option_setting_banksel_sel_reg$$Limit = .
 100a290  100a290        0     1 .option_setting_banksel_sel.endof
 100a290  100a290        0     1         __ddsc_OPTION_SETTING_BANKSEL_SEL_END = .
 100a2c0  100a2c0        0     1 .option_setting_bps_sel.startof
 100a2c0  100a2c0        0     1         __ddsc_OPTION_SETTING_BPS_SEL_START = .
 100a2c0  100a2c0        0     1 __option_setting_bps_sel_reg$$
 100a2c0  100a2c0        0     1         __option_setting_bps_sel_reg$$Base = .
 100a2c0  100a2c0        0     1         __option_setting_bps_sel_reg$$Limit = .
 100a2c0  100a2c0        0     1 .option_setting_bps_sel.endof
 100a2c0  100a2c0        0     1         __ddsc_OPTION_SETTING_BPS_SEL_END = .
 100a2c0  100a2c0        0     1 PROVIDE( __tls_base = ADDR (__ram_tdata$$))
 100a2c0  100a2c0        0     1 PROVIDE( __tdata_source = LOADADDR (__ram_tdata$$))
 100a2c0  100a2c0        0     1 PROVIDE( __tdata_size = SIZEOF (__ram_tdata$$))
 100a2c0  100a2c0        0     1 PROVIDE( __tbss_offset = ADDR (__ram_tbss$$) - ADDR (__ram_tdata$$))
 100a2c0  100a2c0        0     1 PROVIDE( __tbss_size = SIZEOF (__ram_tbss$$))
 100a2c0  100a2c0        0     1 PROVIDE( __arm32_tls_tcb_offset = 8)
       0        0       3e     1 .ARM.attributes
       0        0       3e     1         C:\Renesas\RA\e2studio_v2025-12_fsp_v6.3.0\toolchains\llvm_arm\ATfE-21.1.1-Windows-x86_64\bin\..\lib\clang-runtimes/arm-none-eabi/armv8m.main_hard_fp_exn_rtti_unaligned_size\lib\crt0.o:(.ARM.attributes)
       0        0     55a6     1 .debug_loclists
       0        0      224     1         ./src/ads1115.o:(.debug_loclists)
     224      224       4d     1         ./src/app_button.o:(.debug_loclists)
     271      271      6a1     1         ./src/app_debug.o:(.debug_loclists)
     912      912       1d     1         ./src/app_systick.o:(.debug_loclists)
     92f      92f       ae     1         ./src/hal_entry.o:(.debug_loclists)
     9dd      9dd       1e     1         ./src/hal_warmstart.o:(.debug_loclists)
     9fb      9fb      203     1         ./src/i2c_master.o:(.debug_loclists)
     bfe      bfe      2c0     1         ./src/lcd_port.o:(.debug_loclists)
     ebe      ebe       71     1         ./src/mq_acquire.o:(.debug_loclists)
     f2f      f2f       d5     1         ./src/mq_judge.o:(.debug_loclists)
    1004     1004      165     1         ./src/mq_metrics.o:(.debug_loclists)
    1169     1169      2c1     1         ./src/mq_state_machine.o:(.debug_loclists)
    142a     142a      406     1         ./src/sensirion_common.o:(.debug_loclists)
    1830     1830      108     1         ./src/sensirion_i2c_ra6m5.o:(.debug_loclists)
    1938     1938      54c     1         ./src/sensirion_voc_algorithm.o:(.debug_loclists)
    1e84     1e84      130     1         ./src/sensor_hub.o:(.debug_loclists)
    1fb4     1fb4      f31     1         ./src/sensor_uart.o:(.debug_loclists)
    2ee5     2ee5      132     1         ./src/sgp40.o:(.debug_loclists)
    3017     3017      102     1         ./src/sgp40_voc_simple.o:(.debug_loclists)
    3119     3119      195     1         ./src/sht40.o:(.debug_loclists)
    32ae     32ae      10a     1         ./src/sht40_sgp40_service.o:(.debug_loclists)
    33b8     33b8       bb     1         ./src/spray_ctrl.o:(.debug_loclists)
    3473     3473      364     1         ./src/st7789.o:(.debug_loclists)
    37d7     37d7      698     1         ./ra/fsp/src/r_spi/r_spi.o:(.debug_loclists)
    3e6f     3e6f      73e     1         ./ra/fsp/src/r_sci_uart/r_sci_uart.o:(.debug_loclists)
    45ad     45ad      4d6     1         ./ra/fsp/src/r_ioport/r_ioport.o:(.debug_loclists)
    4a83     4a83      69d     1         ./ra/fsp/src/r_iic_master/r_iic_master.o:(.debug_loclists)
    5120     5120      21c     1         ./ra/fsp/src/bsp/mcu/all/bsp_clocks.o:(.debug_loclists)
    533c     533c       1d     1         ./ra/fsp/src/bsp/mcu/all/bsp_common.o:(.debug_loclists)
    5359     5359      10e     1         ./ra/fsp/src/bsp/mcu/all/bsp_delay.o:(.debug_loclists)
    5467     5467       35     1         ./ra/fsp/src/bsp/mcu/all/bsp_group_irq.o:(.debug_loclists)
    549c     549c       48     1         ./ra/fsp/src/bsp/mcu/all/bsp_irq.o:(.debug_loclists)
    54e4     54e4       44     1         ./ra/fsp/src/bsp/mcu/all/bsp_register_protection.o:(.debug_loclists)
    5528     5528       1e     1         ./ra/fsp/src/bsp/mcu/all/bsp_sbrk.o:(.debug_loclists)
    5546     5546       60     1         ./ra/fsp/src/bsp/cmsis/Device/RENESAS/Source/system.o:(.debug_loclists)
       0        0     4d12     1 .debug_abbrev
       0        0      28e     1         ./src/ads1115.o:(.debug_abbrev)
     28e      28e       eb     1         ./src/app_button.o:(.debug_abbrev)
     379      379      21d     1         ./src/app_debug.o:(.debug_abbrev)
     596      596      1d7     1         ./src/app_systick.o:(.debug_abbrev)
     76d      76d      19a     1         ./src/hal_entry.o:(.debug_abbrev)
     907      907      106     1         ./src/hal_warmstart.o:(.debug_abbrev)
     a0d      a0d      1df     1         ./src/i2c_master.o:(.debug_abbrev)
     bec      bec      2dd     1         ./src/lcd_port.o:(.debug_abbrev)
     ec9      ec9      16c     1         ./src/mq_acquire.o:(.debug_abbrev)
    1035     1035      185     1         ./src/mq_judge.o:(.debug_abbrev)
    11ba     11ba      1a0     1         ./src/mq_metrics.o:(.debug_abbrev)
    135a     135a      23e     1         ./src/mq_state_machine.o:(.debug_abbrev)
    1598     1598      142     1         ./src/sensirion_common.o:(.debug_abbrev)
    16da     16da      13e     1         ./src/sensirion_i2c_ra6m5.o:(.debug_abbrev)
    1818     1818      214     1         ./src/sensirion_voc_algorithm.o:(.debug_abbrev)
    1a2c     1a2c      209     1         ./src/sensor_hub.o:(.debug_abbrev)
    1c35     1c35      333     1         ./src/sensor_uart.o:(.debug_abbrev)
    1f68     1f68      175     1         ./src/sgp40.o:(.debug_abbrev)
    20dd     20dd       f8     1         ./src/sgp40_voc_simple.o:(.debug_abbrev)
    21d5     21d5       66     1         ./src/sgp_git_version.o:(.debug_abbrev)
    223b     223b      1b3     1         ./src/sht40.o:(.debug_abbrev)
    23ee     23ee      14a     1         ./src/sht40_sgp40_service.o:(.debug_abbrev)
    2538     2538      1c1     1         ./src/spray_ctrl.o:(.debug_abbrev)
    26f9     26f9      2b0     1         ./src/st7789.o:(.debug_abbrev)
    29a9     29a9      10d     1         ./ra_gen/common_data.o:(.debug_abbrev)
    2ab6     2ab6      25e     1         ./ra_gen/hal_data.o:(.debug_abbrev)
    2d14     2d14       3c     1         ./ra_gen/main.o:(.debug_abbrev)
    2d50     2d50       e6     1         ./ra_gen/pin_data.o:(.debug_abbrev)
    2e36     2e36       a8     1         ./ra_gen/vector_data.o:(.debug_abbrev)
    2ede     2ede      420     1         ./ra/fsp/src/r_spi/r_spi.o:(.debug_abbrev)
    32fe     32fe      410     1         ./ra/fsp/src/r_sci_uart/r_sci_uart.o:(.debug_abbrev)
    370e     370e      339     1         ./ra/fsp/src/r_ioport/r_ioport.o:(.debug_abbrev)
    3a47     3a47      452     1         ./ra/fsp/src/r_iic_master/r_iic_master.o:(.debug_abbrev)
    3e99     3e99       a2     1         ./ra/fsp/src/bsp/mcu/ra6m5/bsp_linker.o:(.debug_abbrev)
    3f3b     3f3b      2fc     1         ./ra/fsp/src/bsp/mcu/all/bsp_clocks.o:(.debug_abbrev)
    4237     4237      149     1         ./ra/fsp/src/bsp/mcu/all/bsp_common.o:(.debug_abbrev)
    4380     4380       ad     1         ./ra/fsp/src/bsp/mcu/all/bsp_delay.o:(.debug_abbrev)
    442d     442d      1ff     1         ./ra/fsp/src/bsp/mcu/all/bsp_group_irq.o:(.debug_abbrev)
    462c     462c       44     1         ./ra/fsp/src/bsp/mcu/all/bsp_io.o:(.debug_abbrev)
    4670     4670      18c     1         ./ra/fsp/src/bsp/mcu/all/bsp_irq.o:(.debug_abbrev)
    47fc     47fc      209     1         ./ra/fsp/src/bsp/mcu/all/bsp_register_protection.o:(.debug_abbrev)
    4a05     4a05       67     1         ./ra/fsp/src/bsp/mcu/all/bsp_sbrk.o:(.debug_abbrev)
    4a6c     4a6c       a7     1         ./ra/fsp/src/bsp/cmsis/Device/RENESAS/Source/startup.o:(.debug_abbrev)
    4b13     4b13      1ff     1         ./ra/fsp/src/bsp/cmsis/Device/RENESAS/Source/system.o:(.debug_abbrev)
       0        0    391d9     1 .debug_info
       0        0      978     1         ./src/ads1115.o:(.debug_info)
     978      978      9ea     1         ./src/app_button.o:(.debug_info)
    1362     1362      d54     1         ./src/app_debug.o:(.debug_info)
    20b6     20b6      984     1         ./src/app_systick.o:(.debug_info)
    2a3a     2a3a      d5a     1         ./src/hal_entry.o:(.debug_info)
    3794     3794      9f5     1         ./src/hal_warmstart.o:(.debug_info)
    4189     4189      779     1         ./src/i2c_master.o:(.debug_info)
    4902     4902      fe2     1         ./src/lcd_port.o:(.debug_info)
    58e4     58e4      5f6     1         ./src/mq_acquire.o:(.debug_info)
    5eda     5eda      767     1         ./src/mq_judge.o:(.debug_info)
    6641     6641      8cc     1         ./src/mq_metrics.o:(.debug_info)
    6f0d     6f0d      ba6     1         ./src/mq_state_machine.o:(.debug_info)
    7ab3     7ab3      541     1         ./src/sensirion_common.o:(.debug_info)
    7ff4     7ff4      60c     1         ./src/sensirion_i2c_ra6m5.o:(.debug_info)
    8600     8600      aa6     1         ./src/sensirion_voc_algorithm.o:(.debug_info)
    90a6     90a6      e94     1         ./src/sensor_hub.o:(.debug_info)
    9f3a     9f3a     2128     1         ./src/sensor_uart.o:(.debug_info)
    c062     c062      2d2     1         ./src/sgp40.o:(.debug_info)
    c334     c334      2df     1         ./src/sgp40_voc_simple.o:(.debug_info)
    c613     c613       52     1         ./src/sgp_git_version.o:(.debug_info)
    c665     c665      66b     1         ./src/sht40.o:(.debug_info)
    ccd0     ccd0      44b     1         ./src/sht40_sgp40_service.o:(.debug_info)
    d11b     d11b      afa     1         ./src/spray_ctrl.o:(.debug_info)
    dc15     dc15      b86     1         ./src/st7789.o:(.debug_info)
    e79b     e79b      bee     1         ./ra_gen/common_data.o:(.debug_info)
    f389     f389     423d     1         ./ra_gen/hal_data.o:(.debug_info)
   135c6    135c6       37     1         ./ra_gen/main.o:(.debug_info)
   135fd    135fd      49b     1         ./ra_gen/pin_data.o:(.debug_info)
   13a98    13a98      523     1         ./ra_gen/vector_data.o:(.debug_info)
   13fbb    13fbb     61d2     1         ./ra/fsp/src/r_spi/r_spi.o:(.debug_info)
   1a18d    1a18d     7657     1         ./ra/fsp/src/r_sci_uart/r_sci_uart.o:(.debug_info)
   217e4    217e4     5e10     1         ./ra/fsp/src/r_ioport/r_ioport.o:(.debug_info)
   275f4    275f4     6135     1         ./ra/fsp/src/r_iic_master/r_iic_master.o:(.debug_info)
   2d729    2d729      1ea     1         ./ra/fsp/src/bsp/mcu/ra6m5/bsp_linker.o:(.debug_info)
   2d913    2d913     51d8     1         ./ra/fsp/src/bsp/mcu/all/bsp_clocks.o:(.debug_info)
   32aeb    32aeb      596     1         ./ra/fsp/src/bsp/mcu/all/bsp_common.o:(.debug_info)
   33081    33081      104     1         ./ra/fsp/src/bsp/mcu/all/bsp_delay.o:(.debug_info)
   33185    33185      db4     1         ./ra/fsp/src/bsp/mcu/all/bsp_group_irq.o:(.debug_info)
   33f39    33f39       43     1         ./ra/fsp/src/bsp/mcu/all/bsp_io.o:(.debug_info)
   33f7c    33f7c     17bf     1         ./ra/fsp/src/bsp/mcu/all/bsp_irq.o:(.debug_info)
   3573b    3573b     2ec8     1         ./ra/fsp/src/bsp/mcu/all/bsp_register_protection.o:(.debug_info)
   38603    38603       5f     1         ./ra/fsp/src/bsp/mcu/all/bsp_sbrk.o:(.debug_info)
   38662    38662       b1     1         ./ra/fsp/src/bsp/cmsis/Device/RENESAS/Source/startup.o:(.debug_info)
   38713    38713      ac6     1         ./ra/fsp/src/bsp/cmsis/Device/RENESAS/Source/system.o:(.debug_info)
       0        0      d89     1 .debug_rnglists
       0        0       59     1         ./src/ads1115.o:(.debug_rnglists)
      59       59       18     1         ./src/app_button.o:(.debug_rnglists)
[...]
                                                  ./ra_gen/vector_data.o
sci_uart_rxi_isr                                  ./ra/fsp/src/r_sci_uart/r_sci_uart.o
                                                  ./ra_gen/vector_data.o
sci_uart_txi_isr                                  ./ra/fsp/src/r_sci_uart/r_sci_uart.o
                                                  ./ra_gen/vector_data.o
sci_uart_tei_isr                                  ./ra/fsp/src/r_sci_uart/r_sci_uart.o
                                                  ./ra_gen/vector_data.o
sci_uart_eri_isr                                  ./ra/fsp/src/r_sci_uart/r_sci_uart.o
                                                  ./ra_gen/vector_data.o
spi_rxi_isr                                       ./ra/fsp/src/r_spi/r_spi.o
                                                  ./ra_gen/vector_data.o
spi_txi_isr                                       ./ra/fsp/src/r_spi/r_spi.o
                                                  ./ra_gen/vector_data.o
spi_tei_isr                                       ./ra/fsp/src/r_spi/r_spi.o
                                                  ./ra_gen/vector_data.o
spi_eri_isr                                       ./ra/fsp/src/r_spi/r_spi.o
                                                  ./ra_gen/vector_data.o
g_interrupt_event_link_select                     ./ra_gen/vector_data.o
                                                  ./ra/fsp/src/bsp/mcu/all/bsp_irq.o
gp_renesas_isr_context                            ./ra/fsp/src/bsp/mcu/all/bsp_irq.o
                                                  ./ra/fsp/src/r_spi/r_spi.o
                                                  ./ra/fsp/src/r_sci_uart/r_sci_uart.o
                                                  ./ra/fsp/src/r_iic_master/r_iic_master.o
SystemCoreClock                                   ./ra/fsp/src/bsp/cmsis/Device/RENESAS/Source/system.o
                                                  ./ra/fsp/src/r_spi/r_spi.o
                                                  ./ra/fsp/src/r_sci_uart/r_sci_uart.o
                                                  ./ra/fsp/src/bsp/mcu/all/bsp_clocks.o
                                                  ./ra/fsp/src/bsp/mcu/all/bsp_delay.o
R_SCI_UART_Open                                   ./ra/fsp/src/r_sci_uart/r_sci_uart.o
R_SCI_UART_Read                                   ./ra/fsp/src/r_sci_uart/r_sci_uart.o
R_SCI_UART_Write                                  ./ra/fsp/src/r_sci_uart/r_sci_uart.o
R_SCI_UART_BaudSet                                ./ra/fsp/src/r_sci_uart/r_sci_uart.o
R_SCI_UART_InfoGet                                ./ra/fsp/src/r_sci_uart/r_sci_uart.o
R_SCI_UART_Abort                                  ./ra/fsp/src/r_sci_uart/r_sci_uart.o
R_SCI_UART_CallbackSet                            ./ra/fsp/src/r_sci_uart/r_sci_uart.o
R_SCI_UART_Close                                  ./ra/fsp/src/r_sci_uart/r_sci_uart.o
R_SCI_UART_ReadStop                               ./ra/fsp/src/r_sci_uart/r_sci_uart.o
R_SCI_UART_ReceiveSuspend                         ./ra/fsp/src/r_sci_uart/r_sci_uart.o
R_SCI_UART_ReceiveResume                          ./ra/fsp/src/r_sci_uart/r_sci_uart.o
__aeabi_memcpy                                    C:\Renesas\RA\e2studio_v2025-12_fsp_v6.3.0\toolchains\llvm_arm\ATfE-21.1.1-Windows-x86_64\bin\..\lib\clang-runtimes/arm-none-eabi/armv8m.main_hard_fp_exn_rtti_unaligned_size\lib\libc.a(memcpy.c.o)
                                                  ./ra/fsp/src/r_sci_uart/r_sci_uart.o
                                                  C:\Renesas\RA\e2studio_v2025-12_fsp_v6.3.0\toolchains\llvm_arm\ATfE-21.1.1-Windows-x86_64\bin\..\lib\clang-runtimes/arm-none-eabi/armv8m.main_hard_fp_exn_rtti_unaligned_size\lib\libc.a(libc_picolib_inittls.c.o)
g_protect_pfswe_counter                           ./ra/fsp/src/bsp/mcu/all/bsp_io.o
                                                  ./ra/fsp/src/r_ioport/r_ioport.o
R_BSP_RegisterProtectDisable                      ./ra/fsp/src/bsp/mcu/all/bsp_register_protection.o
                                                  ./ra/fsp/src/r_ioport/r_ioport.o
                                                  ./ra/fsp/src/bsp/mcu/all/bsp_clocks.o
                                                  ./ra/fsp/src/bsp/mcu/all/bsp_irq.o
                                                  ./ra/fsp/src/bsp/cmsis/Device/RENESAS/Source/system.o
R_BSP_RegisterProtectEnable                       ./ra/fsp/src/bsp/mcu/all/bsp_register_protection.o
                                                  ./ra/fsp/src/r_ioport/r_ioport.o
                                                  ./ra/fsp/src/bsp/mcu/all/bsp_clocks.o
                                                  ./ra/fsp/src/bsp/mcu/all/bsp_irq.o
                                                  ./ra/fsp/src/bsp/cmsis/Device/RENESAS/Source/system.o
R_IIC_MASTER_Open                                 ./ra/fsp/src/r_iic_master/r_iic_master.o
R_IIC_MASTER_Read                                 ./ra/fsp/src/r_iic_master/r_iic_master.o
R_IIC_MASTER_Write                                ./ra/fsp/src/r_iic_master/r_iic_master.o
R_IIC_MASTER_Abort                                ./ra/fsp/src/r_iic_master/r_iic_master.o
R_IIC_MASTER_SlaveAddressSet                      ./ra/fsp/src/r_iic_master/r_iic_master.o
R_IIC_MASTER_CallbackSet                          ./ra/fsp/src/r_iic_master/r_iic_master.o
R_IIC_MASTER_StatusGet                            ./ra/fsp/src/r_iic_master/r_iic_master.o
R_IIC_MASTER_Close                                ./ra/fsp/src/r_iic_master/r_iic_master.o
__ospi0_cs0_noinit_nocache$$Base                  fsp_gen.lld:236
                                                  ./ra/fsp/src/bsp/mcu/ra6m5/bsp_linker.o
__ospi0_cs0_zero_nocache$$Limit                   fsp_gen.lld:248
                                                  ./ra/fsp/src/bsp/mcu/ra6m5/bsp_linker.o
__ram_noinit_nocache$$Base                        fsp_gen.lld:288
                                                  ./ra/fsp/src/bsp/mcu/ra6m5/bsp_linker.o
__ram_zero_nocache$$Limit                         fsp_gen.lld:300
                                                  ./ra/fsp/src/bsp/mcu/ra6m5/bsp_linker.o
g_init_info                                       ./ra/fsp/src/bsp/mcu/ra6m5/bsp_linker.o
                                                  ./ra/fsp/src/bsp/cmsis/Device/RENESAS/Source/system.o
__ospi0_cs0_zero_nocache$$Base                    fsp_gen.lld:244
                                                  ./ra/fsp/src/bsp/mcu/ra6m5/bsp_linker.o
__ospi0_cs0_zero$$Base                            fsp_gen.lld:261
                                                  ./ra/fsp/src/bsp/mcu/ra6m5/bsp_linker.o
__ospi0_cs0_zero$$Limit                           fsp_gen.lld:264
                                                  ./ra/fsp/src/bsp/mcu/ra6m5/bsp_linker.o
__ram_zero_nocache$$Base                          fsp_gen.lld:296
                                                  ./ra/fsp/src/bsp/mcu/ra6m5/bsp_linker.o
__ram_zero$$Base                                  fsp_gen.lld:316
                                                  ./ra/fsp/src/bsp/mcu/ra6m5/bsp_linker.o
__ram_zero$$Limit                                 fsp_gen.lld:320
                                                  ./ra/fsp/src/bsp/mcu/ra6m5/bsp_linker.o
__ram_tbss$$Base                                  fsp_gen.lld:334
                                                  ./ra/fsp/src/bsp/mcu/ra6m5/bsp_linker.o
__ram_tbss$$Limit                                 fsp_gen.lld:339
                                                  ./ra/fsp/src/bsp/mcu/ra6m5/bsp_linker.o
__ospi0_cs0_from_qspi_flash$$Base                 fsp_gen.lld:44
                                                  ./ra/fsp/src/bsp/mcu/ra6m5/bsp_linker.o
__ospi0_cs0_from_qspi_flash$$Limit                fsp_gen.lld:49
                                                  ./ra/fsp/src/bsp/mcu/ra6m5/bsp_linker.o
__ospi0_cs0_from_qspi_flash$$Load                 fsp_gen.lld:44
                                                  ./ra/fsp/src/bsp/mcu/ra6m5/bsp_linker.o
__ospi0_cs0_from_ospi0_cs1$$Base                  fsp_gen.lld:107
                                                  ./ra/fsp/src/bsp/mcu/ra6m5/bsp_linker.o
__ospi0_cs0_from_ospi0_cs1$$Limit                 fsp_gen.lld:112
                                                  ./ra/fsp/src/bsp/mcu/ra6m5/bsp_linker.o
__ospi0_cs0_from_ospi0_cs1$$Load                  fsp_gen.lld:107
                                                  ./ra/fsp/src/bsp/mcu/ra6m5/bsp_linker.o
__ospi0_cs0_from_data_flash$$Base                 fsp_gen.lld:159
                                                  ./ra/fsp/src/bsp/mcu/ra6m5/bsp_linker.o
__ospi0_cs0_from_data_flash$$Limit                fsp_gen.lld:164
                                                  ./ra/fsp/src/bsp/mcu/ra6m5/bsp_linker.o
__ospi0_cs0_from_data_flash$$Load                 fsp_gen.lld:159
                                                  ./ra/fsp/src/bsp/mcu/ra6m5/bsp_linker.o
__ospi0_cs0_from_flash$$Base                      fsp_gen.lld:226
                                                  ./ra/fsp/src/bsp/mcu/ra6m5/bsp_linker.o
__ospi0_cs0_from_flash$$Limit                     fsp_gen.lld:231
                                                  ./ra/fsp/src/bsp/mcu/ra6m5/bsp_linker.o
__ospi0_cs0_from_flash$$Load                      fsp_gen.lld:226
                                                  ./ra/fsp/src/bsp/mcu/ra6m5/bsp_linker.o
__ram_from_qspi_flash$$Base                       fsp_gen.lld:67
                                                  ./ra/fsp/src/bsp/mcu/ra6m5/bsp_linker.o
__ram_from_qspi_flash$$Limit                      fsp_gen.lld:72
                                                  ./ra/fsp/src/bsp/mcu/ra6m5/bsp_linker.o
__ram_from_qspi_flash$$Load                       fsp_gen.lld:67
                                                  ./ra/fsp/src/bsp/mcu/ra6m5/bsp_linker.o
__ram_from_ospi0_cs1$$Base                        fsp_gen.lld:119
                                                  ./ra/fsp/src/bsp/mcu/ra6m5/bsp_linker.o
__ram_from_ospi0_cs1$$Limit                       fsp_gen.lld:124
                                                  ./ra/fsp/src/bsp/mcu/ra6m5/bsp_linker.o
__ram_from_ospi0_cs1$$Load                        fsp_gen.lld:119
                                                  ./ra/fsp/src/bsp/mcu/ra6m5/bsp_linker.o
__ram_from_data_flash$$Base                       fsp_gen.lld:171
                                                  ./ra/fsp/src/bsp/mcu/ra6m5/bsp_linker.o
__ram_from_data_flash$$Limit                      fsp_gen.lld:176
                                                  ./ra/fsp/src/bsp/mcu/ra6m5/bsp_linker.o
__ram_from_data_flash$$Load                       fsp_gen.lld:171
                                                  ./ra/fsp/src/bsp/mcu/ra6m5/bsp_linker.o
__ram_from_flash$$Base                            fsp_gen.lld:276
                                                  ./ra/fsp/src/bsp/mcu/ra6m5/bsp_linker.o
__ram_from_flash$$Limit                           fsp_gen.lld:283
                                                  ./ra/fsp/src/bsp/mcu/ra6m5/bsp_linker.o
__ram_from_flash$$Load                            fsp_gen.lld:276
                                                  ./ra/fsp/src/bsp/mcu/ra6m5/bsp_linker.o
__ram_tdata$$Base                                 fsp_gen.lld:325
                                                  ./ra/fsp/src/bsp/mcu/ra6m5/bsp_linker.o
__ram_tdata$$Limit                                fsp_gen.lld:329
                                                  ./ra/fsp/src/bsp/mcu/ra6m5/bsp_linker.o
__ram_tdata$$Load                                 fsp_gen.lld:325
                                                  ./ra/fsp/src/bsp/mcu/ra6m5/bsp_linker.o
SystemCoreClockUpdate                             ./ra/fsp/src/bsp/mcu/all/bsp_clocks.o
                                                  ./ra/fsp/src/bsp/cmsis/Device/RENESAS/Source/system.o
bsp_clock_init                                    ./ra/fsp/src/bsp/mcu/all/bsp_clocks.o
                                                  ./ra/fsp/src/bsp/cmsis/Device/RENESAS/Source/system.o
R_BSP_SubClockStabilizeWaitAfterReset             ./ra/fsp/src/bsp/mcu/all/bsp_clocks.o
R_BSP_Init_RTC                                    ./ra/fsp/src/bsp/mcu/all/bsp_clocks.o
                                                  ./ra/fsp/src/bsp/cmsis/Device/RENESAS/Source/system.o
bsp_init_internal                                 ./ra/fsp/src/bsp/mcu/all/bsp_common.o
bsp_init                                          ./ra/fsp/src/bsp/mcu/all/bsp_common.o
                                                  ./ra/fsp/src/bsp/cmsis/Device/RENESAS/Source/system.o
bsp_prv_software_delay_loop                       ./ra/fsp/src/bsp/mcu/all/bsp_delay.o
g_bsp_group_irq_sources                           ./ra/fsp/src/bsp/mcu/all/bsp_group_irq.o
NMI_Handler                                       ./ra/fsp/src/bsp/mcu/all/bsp_group_irq.o
                                                  ./ra/fsp/src/bsp/cmsis/Device/RENESAS/Source/startup.o
bsp_irq_cfg                                       ./ra/fsp/src/bsp/mcu/all/bsp_irq.o
                                                  ./ra/fsp/src/bsp/cmsis/Device/RENESAS/Source/system.o
g_protect_counters                                ./ra/fsp/src/bsp/mcu/all/bsp_register_protection.o
Reset_Handler                                     ./ra/fsp/src/bsp/cmsis/Device/RENESAS/Source/startup.o
SystemInit                                        ./ra/fsp/src/bsp/cmsis/Device/RENESAS/Source/system.o
                                                  ./ra/fsp/src/bsp/cmsis/Device/RENESAS/Source/startup.o
Default_Handler                                   ./ra/fsp/src/bsp/cmsis/Device/RENESAS/Source/startup.o
g_main_stack                                      ./ra/fsp/src/bsp/cmsis/Device/RENESAS/Source/startup.o
                                                  ./ra/fsp/src/bsp/cmsis/Device/RENESAS/Source/system.o
__Vectors                                         ./ra/fsp/src/bsp/cmsis/Device/RENESAS/Source/startup.o
                                                  ./ra/fsp/src/bsp/cmsis/Device/RENESAS/Source/system.o
HardFault_Handler                                 ./ra/fsp/src/bsp/cmsis/Device/RENESAS/Source/startup.o
MemManage_Handler                                 ./ra/fsp/src/bsp/cmsis/Device/RENESAS/Source/startup.o
BusFault_Handler                                  ./ra/fsp/src/bsp/cmsis/Device/RENESAS/Source/startup.o
UsageFault_Handler                                ./ra/fsp/src/bsp/cmsis/Device/RENESAS/Source/startup.o
SecureFault_Handler                               ./ra/fsp/src/bsp/cmsis/Device/RENESAS/Source/startup.o
SVC_Handler                                       ./ra/fsp/src/bsp/cmsis/Device/RENESAS/Source/startup.o
DebugMon_Handler                                  ./ra/fsp/src/bsp/cmsis/Device/RENESAS/Source/startup.o
PendSV_Handler                                    ./ra/fsp/src/bsp/cmsis/Device/RENESAS/Source/startup.o
_init_tls                                         C:\Renesas\RA\e2studio_v2025-12_fsp_v6.3.0\toolchains\llvm_arm\ATfE-21.1.1-Windows-x86_64\bin\..\lib\clang-runtimes/arm-none-eabi/armv8m.main_hard_fp_exn_rtti_unaligned_size\lib\libc.a(libc_picolib_inittls.c.o)
                                                  ./ra/fsp/src/bsp/cmsis/Device/RENESAS/Source/system.o
__init_array_start                                fsp_gen.lld:402
                                                  ./ra/fsp/src/bsp/cmsis/Device/RENESAS/Source/system.o
__init_array_end                                  fsp_gen.lld:405
                                                  ./ra/fsp/src/bsp/cmsis/Device/RENESAS/Source/system.o
__aeabi_memcpy4                                   C:\Renesas\RA\e2studio_v2025-12_fsp_v6.3.0\toolchains\llvm_arm\ATfE-21.1.1-Windows-x86_64\bin\..\lib\clang-runtimes/arm-none-eabi/armv8m.main_hard_fp_exn_rtti_unaligned_size\lib\libc.a(memcpy.c.o)
                                                  ./ra/fsp/src/bsp/cmsis/Device/RENESAS/Source/system.o
bzero                                             C:\Renesas\RA\e2studio_v2025-12_fsp_v6.3.0\toolchains\llvm_arm\ATfE-21.1.1-Windows-x86_64\bin\..\lib\clang-runtimes/arm-none-eabi/armv8m.main_hard_fp_exn_rtti_unaligned_size\lib\libc.a(bzero.c.o)
__aeabi_memclr8                                   C:\Renesas\RA\e2studio_v2025-12_fsp_v6.3.0\toolchains\llvm_arm\ATfE-21.1.1-Windows-x86_64\bin\..\lib\clang-runtimes/arm-none-eabi/armv8m.main_hard_fp_exn_rtti_unaligned_size\lib\libc.a(bzero.c.o)
__aeabi_memclr                                    C:\Renesas\RA\e2studio_v2025-12_fsp_v6.3.0\toolchains\llvm_arm\ATfE-21.1.1-Windows-x86_64\bin\..\lib\clang-runtimes/arm-none-eabi/armv8m.main_hard_fp_exn_rtti_unaligned_size\lib\libc.a(bzero.c.o)
                                                  C:\Renesas\RA\e2studio_v2025-12_fsp_v6.3.0\toolchains\llvm_arm\ATfE-21.1.1-Windows-x86_64\bin\..\lib\clang-runtimes/arm-none-eabi/armv8m.main_hard_fp_exn_rtti_unaligned_size\lib\libc.a(libc_picolib_inittls.c.o)
__aeabi_memcpy8                                   C:\Renesas\RA\e2studio_v2025-12_fsp_v6.3.0\toolchains\llvm_arm\ATfE-21.1.1-Windows-x86_64\bin\..\lib\clang-runtimes/arm-none-eabi/armv8m.main_hard_fp_exn_rtti_unaligned_size\lib\libc.a(memcpy.c.o)
__tdata_source                                    fsp_gen.lld:691
                                                  C:\Renesas\RA\e2studio_v2025-12_fsp_v6.3.0\toolchains\llvm_arm\ATfE-21.1.1-Windows-x86_64\bin\..\lib\clang-runtimes/arm-none-eabi/armv8m.main_hard_fp_exn_rtti_unaligned_size\lib\libc.a(libc_picolib_inittls.c.o)
__tdata_size                                      fsp_gen.lld:692
                                                  C:\Renesas\RA\e2studio_v2025-12_fsp_v6.3.0\toolchains\llvm_arm\ATfE-21.1.1-Windows-x86_64\bin\..\lib\clang-runtimes/arm-none-eabi/armv8m.main_hard_fp_exn_rtti_unaligned_size\lib\libc.a(libc_picolib_inittls.c.o)
__tbss_offset                                     fsp_gen.lld:693
                                                  C:\Renesas\RA\e2studio_v2025-12_fsp_v6.3.0\toolchains\llvm_arm\ATfE-21.1.1-Windows-x86_64\bin\..\lib\clang-runtimes/arm-none-eabi/armv8m.main_hard_fp_exn_rtti_unaligned_size\lib\libc.a(libc_picolib_inittls.c.o)
__tbss_size                                       fsp_gen.lld:694
                                                  C:\Renesas\RA\e2studio_v2025-12_fsp_v6.3.0\toolchains\llvm_arm\ATfE-21.1.1-Windows-x86_64\bin\..\lib\clang-runtimes/arm-none-eabi/armv8m.main_hard_fp_exn_rtti_unaligned_size\lib\libc.a(libc_picolib_inittls.c.o)
__arm32_tls_tcb_offset                            fsp_gen.lld:695
                                                  C:\Renesas\RA\e2studio_v2025-12_fsp_v6.3.0\toolchains\llvm_arm\ATfE-21.1.1-Windows-x86_64\bin\..\lib\clang-runtimes/arm-none-eabi/armv8m.main_hard_fp_exn_rtti_unaligned_size\lib\libc.a(libc_picolib_machine_arm_set_tls.c.o)
__tls                                             C:\Renesas\RA\e2studio_v2025-12_fsp_v6.3.0\toolchains\llvm_arm\ATfE-21.1.1-Windows-x86_64\bin\..\lib\clang-runtimes/arm-none-eabi/armv8m.main_hard_fp_exn_rtti_unaligned_size\lib\libc.a(libc_picolib_machine_arm_tls.c.o)
                                                  C:\Renesas\RA\e2studio_v2025-12_fsp_v6.3.0\toolchains\llvm_arm\ATfE-21.1.1-Windows-x86_64\bin\..\lib\clang-runtimes/arm-none-eabi/armv8m.main_hard_fp_exn_rtti_unaligned_size\lib\libc.a(libc_picolib_machine_arm_set_tls.c.o)
                                                  C:\Renesas\RA\e2studio_v2025-12_fsp_v6.3.0\toolchains\llvm_arm\ATfE-21.1.1-Windows-x86_64\bin\..\lib\clang-runtimes/arm-none-eabi/armv8m.main_hard_fp_exn_rtti_unaligned_size\lib\libc.a(libc_picolib_machine_arm_read_tp.S.o)
